******************************************************************************
                  TI ARM Linker PC v20.2.6                     
******************************************************************************
>> Linked Tue Feb 28 17:49:08 2023

OUTPUT FILE NAME:   <Lab6.out>
ENTRY POINT SYMBOL: "_c_int00_noargs"  address: 00003d59


MEMORY CONFIGURATION

         name            origin    length      used     unused   attr    fill
----------------------  --------  ---------  --------  --------  ----  --------
  FLASH                 00000000   00040000  000040e8  0003bf18  R  X
  SRAM                  20000000   00008000  00002336  00005cca  RW X


SEGMENT ALLOCATION MAP

run origin  load origin   length   init length attrs members
----------  ----------- ---------- ----------- ----- -------
00000000    00000000    000040e8   000040e8    r-x
  00000000    00000000    0000026c   0000026c    r-- .intvecs
  0000026c    0000026c    00003d0c   00003d0c    r-x .text
  00003f78    00003f78    00000118   00000118    r-- .const
  00004090    00004090    00000058   00000058    r-- .cinit
20000000    20000000    0000233d   00000000    rw-
  20000000    20000000    0000026c   00000000    rw- .vtable
  20000270    20000270    00001000   00000000    rw- .stack
  20001270    20001270    00001000   00000000    rw- .sysmem
  20002270    20002270    00000089   00000000    rw- .bss
  200022fc    200022fc    00000041   00000000    rw- .data


SECTION ALLOCATION MAP

 output                                  attributes/
section   page    origin      length       input sections
--------  ----  ----------  ----------   ----------------
.intvecs   0    00000000    0000026c     
                  00000000    0000026c     tm4c123gh6pm_startup_ccs.obj (.intvecs)

.text      0    0000026c    00003d0c     
                  0000026c    00000c20     open_interface.obj (.text)
                  00000e8c    00000a4e     rtsv7M4_T_le_v4SPD16_eabi.lib : _printfi.c.obj (.text:__TI_printfi)
                  000018da    00000002                                   : _lock.c.obj (.text:_nop)
                  000018dc    00000328     lcd.obj (.text)
                  00001c04    00000270     rtsv7M4_T_le_v4SPD16_eabi.lib : _printfi.c.obj (.text:_pconv_a)
                  00001e74    00000260     libcybotScan.lib : cyBot_Scan.obj (.text)
                  000020d4    00000248     Timer.obj (.text)
                  0000231c    000001ec     libcybotScan.lib : ping.obj (.text)
                  00002508    000001e4     uart-interrupt.obj (.text)
                  000026ec    000001d0     rtsv7M4_T_le_v4SPD16_eabi.lib : _printfi.c.obj (.text:_pconv_g)
                  000028bc    000001b6                                   : fd_add_t2.asm.obj (.text)
                  00002a72    00000002                                   : div0.asm.obj (.text)
                  00002a74    00000158     libcybotScan.lib : servo.obj (.text)
                  00002bcc    0000013c     rtsv7M4_T_le_v4SPD16_eabi.lib : _printfi.c.obj (.text:_pconv_e)
                  00002d08    00000136                                   : fd_div_t2.asm.obj (.text)
                  00002e3e    00000002     --HOLE-- [fill = 0]
                  00002e40    00000124                                   : _printfi.c.obj (.text:fcvt)
                  00002f64    00000118     libcybotScan.lib : ir.obj (.text)
                  0000307c    00000110     rtsv7M4_T_le_v4SPD16_eabi.lib : s_scalbn.c.obj (.text:scalbn)
                  0000318c    00000100                                   : memory.c.obj (.text:aligned_alloc)
                  0000328c    000000fc                                   : fd_mul_t2.asm.obj (.text)
                  00003388    000000e4                                   : memory.c.obj (.text:free)
                  0000346c    000000b1                                   : _printfi.c.obj (.text:_ltostr)
                  0000351d    00000001     --HOLE-- [fill = 0]
                  0000351e    0000009c                                   : memcpy_t2.asm.obj (.text)
                  000035ba    00000096                                   : ull_div_t2.asm.obj (.text)
                  00003650    00000086                                   : fd_cmp_t2.asm.obj (.text:__aeabi_cdcmple)
                  000036d6    00000086                                   : fd_cmp_t2.asm.obj (.text:__aeabi_cdrcmple)
                  0000375c    0000007a                                   : memset_t2.asm.obj (.text)
                  000037d6    00000002     --HOLE-- [fill = 0]
                  000037d8    00000070     lab6-interrupt_template.obj (.text)
                  00003848    00000070     rtsv7M4_T_le_v4SPD16_eabi.lib : memory.c.obj (.text:split)
                  000038b8    0000006e                                   : _printfi.c.obj (.text:_mcpy)
                  00003926    0000006e                                   : fd_tos_t2.asm.obj (.text)
                  00003994    00000068                                   : copy_decompress_lzss.c.obj (.text:decompress:lzss:__TI_decompress_lzss)
                  000039fc    00000064                                   : s_frexp.c.obj (.text:frexp)
                  00003a60    00000056                                   : _printfi.c.obj (.text:_pconv_f)
                  00003ab6    00000054                                   : _ltoa.c.obj (.text:__TI_ltoa)
                  00003b0a    00000052                                   : _printfi.c.obj (.text:_ecpy)
                  00003b5c    0000004c                                   : atoi.c.obj (.text:atoi)
                  00003ba8    00000048                                   : fd_toi_t2.asm.obj (.text)
                  00003bf0    00000044                                   : autoinit.c.obj (.text:__TI_auto_init_nobinit_nopinit:__TI_auto_init_nobinit_nopinit)
                  00003c34    00000040                                   : vsnprintf.c.obj (.text:vsnprintf)
                  00003c74    0000003e                                   : _printfi.c.obj (.text:_fcpy)
                  00003cb2    00000002     --HOLE-- [fill = 0]
                  00003cb4    00000038                                   : memory.c.obj (.text:calloc)
                  00003cec    00000038                                   : fs_tod_t2.asm.obj (.text)
                  00003d24    00000034     driverlib.lib : interrupt.obj (.text:IntRegister)
                  00003d58    00000034     rtsv7M4_T_le_v4SPD16_eabi.lib : boot_cortex_m.c.obj (.text:_c_int00_noargs:_c_int00_noargs)
                  00003d8c    00000030                                   : vsnprintf.c.obj (.text:_outs)
                  00003dbc    0000002e                                   : i_tofd_t2.asm.obj (.text)
                  00003dea    00000002     --HOLE-- [fill = 0]
                  00003dec    00000028                                   : memory.c.obj (.text:free_list_insert)
                  00003e14    0000001c                                   : copy_zero_init.c.obj (.text:decompress:ZI:__TI_zero_init_nomemset:__TI_zero_init_nomemset)
                  00003e30    0000001c                                   : memory.c.obj (.text:free_list_remove)
                  00003e4c    0000001c                                   : memccpy.c.obj (.text:memccpy)
                  00003e68    0000001a                                   : s_copysign.c.obj (.text:copysign)
                  00003e82    00000018                                   : vsnprintf.c.obj (.text:_outc)
                  00003e9a    00000018     open_interface.obj (.text:oi_parseInt)
                  00003eb2    00000018     rtsv7M4_T_le_v4SPD16_eabi.lib : strcmp.c.obj (.text:strcmp)
                  00003eca    00000016                                   : strchr.c.obj (.text:strchr)
                  00003ee0    00000014                                   : strcpy.c.obj (.text:strcpy)
                  00003ef4    00000014                                   : strlen.c.obj (.text:strlen)
                  00003f08    00000012                                   : wcslen.c.obj (.text:wcslen)
                  00003f1a    00000010     driverlib.lib : interrupt.obj (.text:IntMasterEnable)
                  00003f2a    00000010     lcd.obj (.text:lcd_clear)
                  00003f3a    0000000e     rtsv7M4_T_le_v4SPD16_eabi.lib : copy_decompress_none.c.obj (.text:decompress:none:__TI_decompress_none)
                  00003f48    0000000c     driverlib.lib : cpu.obj (.text:CPUcpsie)
                  00003f54    0000000c     tm4c123gh6pm_startup_ccs.obj (.text)
                  00003f60    00000008     rtsv7M4_T_le_v4SPD16_eabi.lib : errno.c.obj (.text:__aeabi_errno_addr)
                  00003f68    00000008                                   : memory.c.obj (.text:malloc)
                  00003f70    00000004                                   : pre_init.c.obj (.text:_system_pre_init)
                  00003f74    00000004                                   : exit.c.obj (.text:abort:abort)

.const     0    00003f78    00000118     
                  00003f78    00000101     rtsv7M4_T_le_v4SPD16_eabi.lib : ctype.c.obj (.const:.string:_ctypes_)
                  00004079    0000000f     open_interface.obj (.const:.string:$P$T0$3)
                  00004088    00000004     lcd.obj (.const:.string:lineAddress$1)
                  0000408c    00000004     lcd.obj (.const:.string:lineAddresses$2)

.cinit     0    00004090    00000058     
                  00004090    0000001f     (.cinit..data.load) [load image, compression = lzss]
                  000040af    00000001     --HOLE-- [fill = 0]
                  000040b0    0000000c     (__TI_handler_table)
                  000040bc    00000004     --HOLE-- [fill = 0]
                  000040c0    00000008     (.cinit..bss.load) [load image, compression = zero_init]
                  000040c8    00000008     (.cinit..vtable.load) [load image, compression = zero_init]
                  000040d0    00000018     (__TI_cinit_table)

.init_array 
*          0    00000000    00000000     UNINITIALIZED

.vtable    0    20000000    0000026c     UNINITIALIZED
                  20000000    0000026c     driverlib.lib : interrupt.obj (.vtable)

.stack     0    20000270    00001000     UNINITIALIZED
                  20000270    00000004     rtsv7M4_T_le_v4SPD16_eabi.lib : boot_cortex_m.c.obj (.stack)
                  20000274    00000ffc     --HOLE--

.sysmem    0    20001270    00001000     UNINITIALIZED
                  20001270    00000010     rtsv7M4_T_le_v4SPD16_eabi.lib : memory.c.obj (.sysmem)
                  20001280    00000ff0     --HOLE--

.bss       0    20002270    00000089     UNINITIALIZED
                  20002270    00000054     lcd.obj (.bss:lastbuffer$3)
                  200022c4    00000018     open_interface.obj (.bss:firmware$2)
                  200022dc    00000004     (.common:_timeout_ticks)
                  200022e0    00000004     (.common:fallingEdge)
                  200022e4    00000004     (.common:isr_int_value)
                  200022e8    00000004     (.common:left_calibration_value)
                  200022ec    00000004     (.common:pulseLength)
                  200022f0    00000004     (.common:right_calibration_value)
                  200022f4    00000004     (.common:risingEdge)
                  200022f8    00000001     (.common:isRisingEdge)

.data      0    200022fc    00000041     UNINITIALIZED
                  200022fc    00000020     open_interface.obj (.data)
                  2000231c    00000008     rtsv7M4_T_le_v4SPD16_eabi.lib : _lock.c.obj (.data:$O1$$)
                  20002324    00000008                                   : memory.c.obj (.data:$O1$$)
                  2000232c    00000008     uart-interrupt.obj (.data)
                  20002334    00000004     libcybotScan.lib : cyBot_Scan.obj (.data)
                  20002338    00000004     rtsv7M4_T_le_v4SPD16_eabi.lib : errno.c.obj (.data)
                  2000233c    00000001     Timer.obj (.data)

__llvm_prf_cnts 
*          0    20000000    00000000     UNINITIALIZED

MODULE SUMMARY

       Module                         code    ro data   rw data
       ------                         ----    -------   -------
    .\
       open_interface.obj             3128    15        56     
       lcd.obj                        824     8         84     
       tm4c123gh6pm_startup_ccs.obj   12      620       0      
       Timer.obj                      584     0         5      
       uart-interrupt.obj             484     0         8      
       lab6-interrupt_template.obj    112     0         8      
    +--+------------------------------+-------+---------+---------+
       Total:                         5144    643       161    
                                                               
    ../libcybotScan.lib
       cyBot_Scan.obj                 608     0         4      
       ping.obj                       492     0         13     
       servo.obj                      344     0         0      
       ir.obj                         280     0         4      
    +--+------------------------------+-------+---------+---------+
       Total:                         1724    0         21     
                                                               
    C:/ti/TivaWare_C_Series-2.2.0.295/driverlib/ccs/Debug/driverlib.lib
       interrupt.obj                  68      0         620    
       cpu.obj                        12      0         0      
    +--+------------------------------+-------+---------+---------+
       Total:                         80      0         620    
                                                               
    C:\ti\ccs1200\ccs\tools\compiler\ti-cgt-arm_20.2.6.LTS\lib\rtsv7M4_T_le_v4SPD16_eabi.lib
       _printfi.c.obj                 4851    0         0      
       memory.c.obj                   728     0         8      
       fd_add_t2.asm.obj              438     0         0      
       fd_div_t2.asm.obj              310     0         0      
       s_scalbn.c.obj                 272     0         0      
       fd_cmp_t2.asm.obj              268     0         0      
       ctype.c.obj                    0       257       0      
       fd_mul_t2.asm.obj              252     0         0      
       memcpy_t2.asm.obj              156     0         0      
       ull_div_t2.asm.obj             150     0         0      
       vsnprintf.c.obj                136     0         0      
       memset_t2.asm.obj              122     0         0      
       fd_tos_t2.asm.obj              110     0         0      
       copy_decompress_lzss.c.obj     104     0         0      
       s_frexp.c.obj                  100     0         0      
       _ltoa.c.obj                    84      0         0      
       atoi.c.obj                     76      0         0      
       fd_toi_t2.asm.obj              72      0         0      
       autoinit.c.obj                 68      0         0      
       fs_tod_t2.asm.obj              56      0         0      
       boot_cortex_m.c.obj            52      0         0      
       i_tofd_t2.asm.obj              46      0         0      
       copy_zero_init.c.obj           28      0         0      
       memccpy.c.obj                  28      0         0      
       s_copysign.c.obj               26      0         0      
       strcmp.c.obj                   24      0         0      
       strchr.c.obj                   22      0         0      
       strcpy.c.obj                   20      0         0      
       strlen.c.obj                   20      0         0      
       wcslen.c.obj                   18      0         0      
       copy_decompress_none.c.obj     14      0         0      
       errno.c.obj                    8       0         4      
       _lock.c.obj                    2       0         8      
       exit.c.obj                     4       0         0      
       pre_init.c.obj                 4       0         0      
       div0.asm.obj                   2       0         0      
    +--+------------------------------+-------+---------+---------+
       Total:                         8671    257       20     
                                                               
       Heap:                          0       0         4096   
       Stack:                         0       0         4096   
       Linker Generated:              0       83        0      
    +--+------------------------------+-------+---------+---------+
       Grand Total:                   15619   983       9014   


LINKER GENERATED COPY TABLES

__TI_cinit_table @ 000040d0 records: 3, size/record: 8, table size: 24
	.data: load addr=00004090, load size=0000001f bytes, run addr=200022fc, run size=00000041 bytes, compression=lzss
	.bss: load addr=000040c0, load size=00000008 bytes, run addr=20002270, run size=00000089 bytes, compression=zero_init
	.vtable: load addr=000040c8, load size=00000008 bytes, run addr=20000000, run size=0000026c bytes, compression=zero_init


LINKER GENERATED HANDLER TABLE

__TI_handler_table @ 000040b0 records: 3, size/record: 4, table size: 12
	index: 0, handler: __TI_zero_init
	index: 1, handler: __TI_decompress_lzss
	index: 2, handler: __TI_decompress_none


GLOBAL SYMBOLS: SORTED ALPHABETICALLY BY Name 

address   name                          
-------   ----                          
00002ffd  ADC0SS0_Handler               
00003f75  C$$EXIT                       
00003f49  CPUcpsie                      
00000bc3  GPIOF_Handler                 
00003f1b  IntMasterEnable               
00003d25  IntRegister                   
00003f55  ResetISR                      
0000240d  TIMER3B_Handler               
0000263b  UART1_Handler                 
20001270  __STACK_END                   
00001000  __STACK_SIZE                  
20000470  __STACK_TOP                   
00001000  __SYSMEM_SIZE                 
000040d0  __TI_CINIT_Base               
000040e8  __TI_CINIT_Limit              
000040b0  __TI_Handler_Table_Base       
000040bc  __TI_Handler_Table_Limit      
00003bf1  __TI_auto_init_nobinit_nopinit
00003995  __TI_decompress_lzss          
00003f3b  __TI_decompress_none          
00003ab7  __TI_ltoa                     
ffffffff  __TI_pprof_out_hndl           
00000e8d  __TI_printfi                  
ffffffff  __TI_prof_data_size           
ffffffff  __TI_prof_data_start          
00000000  __TI_static_base__            
00003e15  __TI_zero_init_nomemset       
00003651  __aeabi_cdcmpeq               
00003651  __aeabi_cdcmple               
000036d7  __aeabi_cdrcmple              
00003927  __aeabi_d2f                   
00003ba9  __aeabi_d2iz                  
000028c7  __aeabi_dadd                  
00002d09  __aeabi_ddiv                  
0000328d  __aeabi_dmul                  
000028bd  __aeabi_dsub                  
00003f61  __aeabi_errno_addr            
00003ced  __aeabi_f2d                   
00003dbd  __aeabi_i2d                   
00002a73  __aeabi_idiv0                 
00002a73  __aeabi_ldiv0                 
0000375d  __aeabi_memclr                
0000375d  __aeabi_memclr4               
0000375d  __aeabi_memclr8               
0000351f  __aeabi_memcpy                
0000351f  __aeabi_memcpy4               
0000351f  __aeabi_memcpy8               
0000375f  __aeabi_memset                
0000375f  __aeabi_memset4               
0000375f  __aeabi_memset8               
000035bb  __aeabi_uldivmod              
ffffffff  __binit__                     
ffffffff  __c_args__                    
UNDEFED   __mpu_init                    
20000270  __stack                       
20000000  __start___llvm_prf_cnts       
20000000  __stop___llvm_prf_cnts        
00003d59  _c_int00_noargs               
00003f78  _ctypes_                      
2000231c  _lock                         
000018db  _nop                          
2000233c  _running                      
20001270  _sys_memory                   
UNDEFED   _system_post_cinit            
00003f71  _system_pre_init              
200022dc  _timeout_ticks                
20002320  _unlock                       
00003f75  abort                         
0000318d  aligned_alloc                 
00003b5d  atoi                          
ffffffff  binit                         
00003cb5  calloc                        
2000232c  command_byte                  
20002330  command_flag                  
00003e69  copysign                      
00003e69  copysignl                     
00001f4d  cyBOT_SERVO_cal               
00001edb  cyBOT_Scan                    
00001e83  cyBOT_init_Scan               
20002334  cyBOT_scan_features           
00001e75  cyBOT_scan_version            
20002338  errno                         
200022e0  fallingEdge                   
00003389  free                          
000039fd  frexp                         
000039fd  frexpl                        
20000000  g_pfnRAMVectors               
00000000  g_pfnVectors                  
0000097f  go_charge                     
00003013  ir_enableInterrupt            
00002ff5  ir_getDistance                
00002fcd  ir_getValue                   
00002f65  ir_init                       
200022f8  isRisingEdge                  
200022e4  isr_int_value                 
00003f2b  lcd_clear                     
00001ab1  lcd_gotoLine                  
00001919  lcd_init                      
00001b17  lcd_printf                    
000019d9  lcd_putc                      
00001a11  lcd_puts                      
000018dd  lcd_reverseNibble             
00001a2f  lcd_sendCommand               
00001a6d  lcd_sendNibble                
00001ad9  lcd_setCursorPos              
0000307d  ldexp                         
0000307d  ldexpl                        
200022e8  left_calibration_value        
000037d9  main                          
00003f69  malloc                        
0000318d  memalign                      
00003e4d  memccpy                       
0000351f  memcpy                        
00003765  memset                        
200022fc  motor_cal_factor_L            
20002300  motor_cal_factor_R            
0000026d  oi_alloc                      
00000aa9  oi_checkFirmware              
000002c7  oi_close                      
00000279  oi_free                       
00000ded  oi_getMotorCalibrationLeft    
00000e01  oi_getMotorCalibrationRight   
000002b1  oi_init                       
00000289  oi_init_noupdate              
00000915  oi_loadSong                   
00003e9b  oi_parseInt                   
0000032b  oi_parsePacket                
0000096b  oi_play_song                  
0000084b  oi_setLeds                    
00000db1  oi_setMotorCalibration        
0000088f  oi_setWheels                  
00000b51  oi_shutoff_init               
0000098d  oi_uartInit                   
00000a31  oi_uartReceive                
00000a77  oi_uartSendBuff               
00000a15  oi_uartSendChar               
00000a59  oi_uartSendStr                
000002d9  oi_update                     
0000245f  ping_getDistance              
0000231d  ping_init                     
000023a3  ping_trigger                  
200022ec  pulseLength                   
200022f0  right_calibration_value       
200022f4  risingEdge                    
0000307d  scalbn                        
0000307d  scalbnl                       
00002a75  servo_init                    
00002b05  servo_move                    
00002b65  servo_setPWM                  
00002af9  servo_stop                    
00003ecb  strchr                        
00003eb3  strcmp                        
00003ee1  strcpy                        
00003ef5  strlen                        
000021f3  timer_getMicros               
0000219b  timer_getMillis               
000020d5  timer_init                    
00002177  timer_pause                   
00002189  timer_resume                  
0000214d  timer_stop                    
0000224d  timer_waitMicros              
0000227f  timer_waitMillis              
00002509  uart_interrupt_init           
000025ed  uart_receive                  
000025d1  uart_sendChar                 
00002613  uart_sendStr                  
00003c35  vsnprintf                     
00003f09  wcslen                        


GLOBAL SYMBOLS: SORTED BY Symbol Address 

address   name                          
-------   ----                          
00000000  __TI_static_base__            
00000000  g_pfnVectors                  
0000026d  oi_alloc                      
00000279  oi_free                       
00000289  oi_init_noupdate              
000002b1  oi_init                       
000002c7  oi_close                      
000002d9  oi_update                     
0000032b  oi_parsePacket                
0000084b  oi_setLeds                    
0000088f  oi_setWheels                  
00000915  oi_loadSong                   
0000096b  oi_play_song                  
0000097f  go_charge                     
0000098d  oi_uartInit                   
00000a15  oi_uartSendChar               
00000a31  oi_uartReceive                
00000a59  oi_uartSendStr                
00000a77  oi_uartSendBuff               
00000aa9  oi_checkFirmware              
00000b51  oi_shutoff_init               
00000bc3  GPIOF_Handler                 
00000db1  oi_setMotorCalibration        
00000ded  oi_getMotorCalibrationLeft    
00000e01  oi_getMotorCalibrationRight   
00000e8d  __TI_printfi                  
00001000  __STACK_SIZE                  
00001000  __SYSMEM_SIZE                 
000018db  _nop                          
000018dd  lcd_reverseNibble             
00001919  lcd_init                      
000019d9  lcd_putc                      
00001a11  lcd_puts                      
00001a2f  lcd_sendCommand               
00001a6d  lcd_sendNibble                
00001ab1  lcd_gotoLine                  
00001ad9  lcd_setCursorPos              
00001b17  lcd_printf                    
00001e75  cyBOT_scan_version            
00001e83  cyBOT_init_Scan               
00001edb  cyBOT_Scan                    
00001f4d  cyBOT_SERVO_cal               
000020d5  timer_init                    
0000214d  timer_stop                    
00002177  timer_pause                   
00002189  timer_resume                  
0000219b  timer_getMillis               
000021f3  timer_getMicros               
0000224d  timer_waitMicros              
0000227f  timer_waitMillis              
0000231d  ping_init                     
000023a3  ping_trigger                  
0000240d  TIMER3B_Handler               
0000245f  ping_getDistance              
00002509  uart_interrupt_init           
000025d1  uart_sendChar                 
000025ed  uart_receive                  
00002613  uart_sendStr                  
0000263b  UART1_Handler                 
000028bd  __aeabi_dsub                  
000028c7  __aeabi_dadd                  
00002a73  __aeabi_idiv0                 
00002a73  __aeabi_ldiv0                 
00002a75  servo_init                    
00002af9  servo_stop                    
00002b05  servo_move                    
00002b65  servo_setPWM                  
00002d09  __aeabi_ddiv                  
00002f65  ir_init                       
00002fcd  ir_getValue                   
00002ff5  ir_getDistance                
00002ffd  ADC0SS0_Handler               
00003013  ir_enableInterrupt            
0000307d  ldexp                         
0000307d  ldexpl                        
0000307d  scalbn                        
0000307d  scalbnl                       
0000318d  aligned_alloc                 
0000318d  memalign                      
0000328d  __aeabi_dmul                  
00003389  free                          
0000351f  __aeabi_memcpy                
0000351f  __aeabi_memcpy4               
0000351f  __aeabi_memcpy8               
0000351f  memcpy                        
000035bb  __aeabi_uldivmod              
00003651  __aeabi_cdcmpeq               
00003651  __aeabi_cdcmple               
000036d7  __aeabi_cdrcmple              
0000375d  __aeabi_memclr                
0000375d  __aeabi_memclr4               
0000375d  __aeabi_memclr8               
0000375f  __aeabi_memset                
0000375f  __aeabi_memset4               
0000375f  __aeabi_memset8               
00003765  memset                        
000037d9  main                          
00003927  __aeabi_d2f                   
00003995  __TI_decompress_lzss          
000039fd  frexp                         
000039fd  frexpl                        
00003ab7  __TI_ltoa                     
00003b5d  atoi                          
00003ba9  __aeabi_d2iz                  
00003bf1  __TI_auto_init_nobinit_nopinit
00003c35  vsnprintf                     
00003cb5  calloc                        
00003ced  __aeabi_f2d                   
00003d25  IntRegister                   
00003d59  _c_int00_noargs               
00003dbd  __aeabi_i2d                   
00003e15  __TI_zero_init_nomemset       
00003e4d  memccpy                       
00003e69  copysign                      
00003e69  copysignl                     
00003e9b  oi_parseInt                   
00003eb3  strcmp                        
00003ecb  strchr                        
00003ee1  strcpy                        
00003ef5  strlen                        
00003f09  wcslen                        
00003f1b  IntMasterEnable               
00003f2b  lcd_clear                     
00003f3b  __TI_decompress_none          
00003f49  CPUcpsie                      
00003f55  ResetISR                      
00003f61  __aeabi_errno_addr            
00003f69  malloc                        
00003f71  _system_pre_init              
00003f75  C$$EXIT                       
00003f75  abort                         
00003f78  _ctypes_                      
000040b0  __TI_Handler_Table_Base       
000040bc  __TI_Handler_Table_Limit      
000040d0  __TI_CINIT_Base               
000040e8  __TI_CINIT_Limit              
20000000  __start___llvm_prf_cnts       
20000000  __stop___llvm_prf_cnts        
20000000  g_pfnRAMVectors               
20000270  __stack                       
20000470  __STACK_TOP                   
20001270  __STACK_END                   
20001270  _sys_memory                   
200022dc  _timeout_ticks                
200022e0  fallingEdge                   
200022e4  isr_int_value                 
200022e8  left_calibration_value        
200022ec  pulseLength                   
200022f0  right_calibration_value       
200022f4  risingEdge                    
200022f8  isRisingEdge                  
200022fc  motor_cal_factor_L            
20002300  motor_cal_factor_R            
2000231c  _lock                         
20002320  _unlock                       
2000232c  command_byte                  
20002330  command_flag                  
20002334  cyBOT_scan_features           
20002338  errno                         
2000233c  _running                      
ffffffff  __TI_pprof_out_hndl           
ffffffff  __TI_prof_data_size           
ffffffff  __TI_prof_data_start          
ffffffff  __binit__                     
ffffffff  __c_args__                    
ffffffff  binit                         
UNDEFED   __mpu_init                    
UNDEFED   _system_post_cinit            

[168 symbols]
