<?xml version="1.0" encoding="ISO-8859-1" ?>
<link_info>
   <banner>TI ARM Linker PC v20.2.6.LTS</banner>
   <copyright>Copyright (c) 1996-2018 Texas Instruments Incorporated</copyright>
   <link_time>0x64484fb5</link_time>
   <link_errors>0x0</link_errors>
   <output_file>manualMovement.out</output_file>
   <entry_point>
      <name>_c_int00_noargs</name>
      <address>0x3f71</address>
   </entry_point>
   <input_file_list>
      <input_file id="fl-2">
         <path>.\</path>
         <kind>object</kind>
         <file>Timer.obj</file>
         <name>Timer.obj</name>
      </input_file>
      <input_file id="fl-3">
         <path>.\</path>
         <kind>object</kind>
         <file>button.obj</file>
         <name>button.obj</name>
      </input_file>
      <input_file id="fl-4">
         <path>.\</path>
         <kind>object</kind>
         <file>lcd.obj</file>
         <name>lcd.obj</name>
      </input_file>
      <input_file id="fl-5">
         <path>.\</path>
         <kind>object</kind>
         <file>manualMovement.obj</file>
         <name>manualMovement.obj</name>
      </input_file>
      <input_file id="fl-6">
         <path>.\</path>
         <kind>object</kind>
         <file>movement.obj</file>
         <name>movement.obj</name>
      </input_file>
      <input_file id="fl-7">
         <path>.\</path>
         <kind>object</kind>
         <file>open_interface.obj</file>
         <name>open_interface.obj</name>
      </input_file>
      <input_file id="fl-8">
         <path>.\</path>
         <kind>object</kind>
         <file>smooth_movement.obj</file>
         <name>smooth_movement.obj</name>
      </input_file>
      <input_file id="fl-9">
         <path>.\</path>
         <kind>object</kind>
         <file>tm4c123gh6pm_startup_ccs.obj</file>
         <name>tm4c123gh6pm_startup_ccs.obj</name>
      </input_file>
      <input_file id="fl-a">
         <path>.\</path>
         <kind>object</kind>
         <file>uart-interrupt.obj</file>
         <name>uart-interrupt.obj</name>
      </input_file>
      <input_file id="fl-b">
         <path>.\</path>
         <kind>object</kind>
         <file>uart.obj</file>
         <name>uart.obj</name>
      </input_file>
      <input_file id="fl-11">
         <kind>object</kind>
         <file>&lt;internal&gt;</file>
         <name>&lt;internal&gt;</name>
      </input_file>
      <input_file id="fl-12">
         <path>..\</path>
         <kind>archive</kind>
         <file>libcybotScan.lib</file>
         <name>cyBot_Scan.obj</name>
      </input_file>
      <input_file id="fl-13">
         <path>..\</path>
         <kind>archive</kind>
         <file>libcybotScan.lib</file>
         <name>ir.obj</name>
      </input_file>
      <input_file id="fl-14">
         <path>..\</path>
         <kind>archive</kind>
         <file>libcybotScan.lib</file>
         <name>ping.obj</name>
      </input_file>
      <input_file id="fl-15">
         <path>..\</path>
         <kind>archive</kind>
         <file>libcybotScan.lib</file>
         <name>servo.obj</name>
      </input_file>
      <input_file id="fl-cb">
         <path>C:\ti\ccs1200\ccs\tools\compiler\ti-cgt-arm_20.2.6.LTS\lib\</path>
         <kind>archive</kind>
         <file>rtsv7M4_T_le_v4SPD16_eabi.lib</file>
         <name>vsnprintf.c.obj</name>
      </input_file>
      <input_file id="fl-cc">
         <path>C:\ti\ccs1200\ccs\tools\compiler\ti-cgt-arm_20.2.6.LTS\lib\</path>
         <kind>archive</kind>
         <file>rtsv7M4_T_le_v4SPD16_eabi.lib</file>
         <name>fd_add_t2.asm.obj</name>
      </input_file>
      <input_file id="fl-cd">
         <path>C:\ti\ccs1200\ccs\tools\compiler\ti-cgt-arm_20.2.6.LTS\lib\</path>
         <kind>archive</kind>
         <file>rtsv7M4_T_le_v4SPD16_eabi.lib</file>
         <name>fd_cmp_t2.asm.obj</name>
      </input_file>
      <input_file id="fl-ce">
         <path>C:\ti\ccs1200\ccs\tools\compiler\ti-cgt-arm_20.2.6.LTS\lib\</path>
         <kind>archive</kind>
         <file>rtsv7M4_T_le_v4SPD16_eabi.lib</file>
         <name>fd_div_t2.asm.obj</name>
      </input_file>
      <input_file id="fl-cf">
         <path>C:\ti\ccs1200\ccs\tools\compiler\ti-cgt-arm_20.2.6.LTS\lib\</path>
         <kind>archive</kind>
         <file>rtsv7M4_T_le_v4SPD16_eabi.lib</file>
         <name>fd_mul_t2.asm.obj</name>
      </input_file>
      <input_file id="fl-d0">
         <path>C:\ti\ccs1200\ccs\tools\compiler\ti-cgt-arm_20.2.6.LTS\lib\</path>
         <kind>archive</kind>
         <file>rtsv7M4_T_le_v4SPD16_eabi.lib</file>
         <name>fd_tos_t2.asm.obj</name>
      </input_file>
      <input_file id="fl-d1">
         <path>C:\ti\ccs1200\ccs\tools\compiler\ti-cgt-arm_20.2.6.LTS\lib\</path>
         <kind>archive</kind>
         <file>rtsv7M4_T_le_v4SPD16_eabi.lib</file>
         <name>fs_tod_t2.asm.obj</name>
      </input_file>
      <input_file id="fl-d2">
         <path>C:\ti\ccs1200\ccs\tools\compiler\ti-cgt-arm_20.2.6.LTS\lib\</path>
         <kind>archive</kind>
         <file>rtsv7M4_T_le_v4SPD16_eabi.lib</file>
         <name>i_tofd_t2.asm.obj</name>
      </input_file>
      <input_file id="fl-d3">
         <path>C:\ti\ccs1200\ccs\tools\compiler\ti-cgt-arm_20.2.6.LTS\lib\</path>
         <kind>archive</kind>
         <file>rtsv7M4_T_le_v4SPD16_eabi.lib</file>
         <name>memcpy_t2.asm.obj</name>
      </input_file>
      <input_file id="fl-d4">
         <path>C:\ti\ccs1200\ccs\tools\compiler\ti-cgt-arm_20.2.6.LTS\lib\</path>
         <kind>archive</kind>
         <file>rtsv7M4_T_le_v4SPD16_eabi.lib</file>
         <name>copy_zero_init.c.obj</name>
      </input_file>
      <input_file id="fl-d5">
         <path>C:\ti\ccs1200\ccs\tools\compiler\ti-cgt-arm_20.2.6.LTS\lib\</path>
         <kind>archive</kind>
         <file>rtsv7M4_T_le_v4SPD16_eabi.lib</file>
         <name>copy_decompress_none.c.obj</name>
      </input_file>
      <input_file id="fl-d6">
         <path>C:\ti\ccs1200\ccs\tools\compiler\ti-cgt-arm_20.2.6.LTS\lib\</path>
         <kind>archive</kind>
         <file>rtsv7M4_T_le_v4SPD16_eabi.lib</file>
         <name>copy_decompress_lzss.c.obj</name>
      </input_file>
      <input_file id="fl-d7">
         <path>C:\ti\ccs1200\ccs\tools\compiler\ti-cgt-arm_20.2.6.LTS\lib\</path>
         <kind>archive</kind>
         <file>rtsv7M4_T_le_v4SPD16_eabi.lib</file>
         <name>memory.c.obj</name>
      </input_file>
      <input_file id="fl-d8">
         <path>C:\ti\ccs1200\ccs\tools\compiler\ti-cgt-arm_20.2.6.LTS\lib\</path>
         <kind>archive</kind>
         <file>rtsv7M4_T_le_v4SPD16_eabi.lib</file>
         <name>strcmp.c.obj</name>
      </input_file>
      <input_file id="fl-d9">
         <path>C:\ti\ccs1200\ccs\tools\compiler\ti-cgt-arm_20.2.6.LTS\lib\</path>
         <kind>archive</kind>
         <file>rtsv7M4_T_le_v4SPD16_eabi.lib</file>
         <name>strcpy.c.obj</name>
      </input_file>
      <input_file id="fl-da">
         <path>C:\ti\ccs1200\ccs\tools\compiler\ti-cgt-arm_20.2.6.LTS\lib\</path>
         <kind>archive</kind>
         <file>rtsv7M4_T_le_v4SPD16_eabi.lib</file>
         <name>strlen.c.obj</name>
      </input_file>
      <input_file id="fl-db">
         <path>C:\ti\ccs1200\ccs\tools\compiler\ti-cgt-arm_20.2.6.LTS\lib\</path>
         <kind>archive</kind>
         <file>rtsv7M4_T_le_v4SPD16_eabi.lib</file>
         <name>boot_cortex_m.c.obj</name>
      </input_file>
      <input_file id="fl-dc">
         <path>C:\ti\ccs1200\ccs\tools\compiler\ti-cgt-arm_20.2.6.LTS\lib\</path>
         <kind>archive</kind>
         <file>rtsv7M4_T_le_v4SPD16_eabi.lib</file>
         <name>_printfi.c.obj</name>
      </input_file>
      <input_file id="fl-dd">
         <path>C:\ti\ccs1200\ccs\tools\compiler\ti-cgt-arm_20.2.6.LTS\lib\</path>
         <kind>archive</kind>
         <file>rtsv7M4_T_le_v4SPD16_eabi.lib</file>
         <name>fd_toi_t2.asm.obj</name>
      </input_file>
      <input_file id="fl-de">
         <path>C:\ti\ccs1200\ccs\tools\compiler\ti-cgt-arm_20.2.6.LTS\lib\</path>
         <kind>archive</kind>
         <file>rtsv7M4_T_le_v4SPD16_eabi.lib</file>
         <name>memset_t2.asm.obj</name>
      </input_file>
      <input_file id="fl-df">
         <path>C:\ti\ccs1200\ccs\tools\compiler\ti-cgt-arm_20.2.6.LTS\lib\</path>
         <kind>archive</kind>
         <file>rtsv7M4_T_le_v4SPD16_eabi.lib</file>
         <name>ull_div_t2.asm.obj</name>
      </input_file>
      <input_file id="fl-e0">
         <path>C:\ti\ccs1200\ccs\tools\compiler\ti-cgt-arm_20.2.6.LTS\lib\</path>
         <kind>archive</kind>
         <file>rtsv7M4_T_le_v4SPD16_eabi.lib</file>
         <name>autoinit.c.obj</name>
      </input_file>
      <input_file id="fl-e1">
         <path>C:\ti\ccs1200\ccs\tools\compiler\ti-cgt-arm_20.2.6.LTS\lib\</path>
         <kind>archive</kind>
         <file>rtsv7M4_T_le_v4SPD16_eabi.lib</file>
         <name>pre_init.c.obj</name>
      </input_file>
      <input_file id="fl-e2">
         <path>C:\ti\ccs1200\ccs\tools\compiler\ti-cgt-arm_20.2.6.LTS\lib\</path>
         <kind>archive</kind>
         <file>rtsv7M4_T_le_v4SPD16_eabi.lib</file>
         <name>cpy_tbl.c.obj</name>
      </input_file>
      <input_file id="fl-e3">
         <path>C:\ti\ccs1200\ccs\tools\compiler\ti-cgt-arm_20.2.6.LTS\lib\</path>
         <kind>archive</kind>
         <file>rtsv7M4_T_le_v4SPD16_eabi.lib</file>
         <name>exit.c.obj</name>
      </input_file>
      <input_file id="fl-e4">
         <path>C:\ti\ccs1200\ccs\tools\compiler\ti-cgt-arm_20.2.6.LTS\lib\</path>
         <kind>archive</kind>
         <file>rtsv7M4_T_le_v4SPD16_eabi.lib</file>
         <name>_lock.c.obj</name>
      </input_file>
      <input_file id="fl-e5">
         <path>C:\ti\ccs1200\ccs\tools\compiler\ti-cgt-arm_20.2.6.LTS\lib\</path>
         <kind>archive</kind>
         <file>rtsv7M4_T_le_v4SPD16_eabi.lib</file>
         <name>_ltoa.c.obj</name>
      </input_file>
      <input_file id="fl-e6">
         <path>C:\ti\ccs1200\ccs\tools\compiler\ti-cgt-arm_20.2.6.LTS\lib\</path>
         <kind>archive</kind>
         <file>rtsv7M4_T_le_v4SPD16_eabi.lib</file>
         <name>args_main.c.obj</name>
      </input_file>
      <input_file id="fl-e7">
         <path>C:\ti\ccs1200\ccs\tools\compiler\ti-cgt-arm_20.2.6.LTS\lib\</path>
         <kind>archive</kind>
         <file>rtsv7M4_T_le_v4SPD16_eabi.lib</file>
         <name>atoi.c.obj</name>
      </input_file>
      <input_file id="fl-e8">
         <path>C:\ti\ccs1200\ccs\tools\compiler\ti-cgt-arm_20.2.6.LTS\lib\</path>
         <kind>archive</kind>
         <file>rtsv7M4_T_le_v4SPD16_eabi.lib</file>
         <name>ctype.c.obj</name>
      </input_file>
      <input_file id="fl-e9">
         <path>C:\ti\ccs1200\ccs\tools\compiler\ti-cgt-arm_20.2.6.LTS\lib\</path>
         <kind>archive</kind>
         <file>rtsv7M4_T_le_v4SPD16_eabi.lib</file>
         <name>memccpy.c.obj</name>
      </input_file>
      <input_file id="fl-ea">
         <path>C:\ti\ccs1200\ccs\tools\compiler\ti-cgt-arm_20.2.6.LTS\lib\</path>
         <kind>archive</kind>
         <file>rtsv7M4_T_le_v4SPD16_eabi.lib</file>
         <name>strchr.c.obj</name>
      </input_file>
      <input_file id="fl-eb">
         <path>C:\ti\ccs1200\ccs\tools\compiler\ti-cgt-arm_20.2.6.LTS\lib\</path>
         <kind>archive</kind>
         <file>rtsv7M4_T_le_v4SPD16_eabi.lib</file>
         <name>errno.c.obj</name>
      </input_file>
      <input_file id="fl-ec">
         <path>C:\ti\ccs1200\ccs\tools\compiler\ti-cgt-arm_20.2.6.LTS\lib\</path>
         <kind>archive</kind>
         <file>rtsv7M4_T_le_v4SPD16_eabi.lib</file>
         <name>s_frexp.c.obj</name>
      </input_file>
      <input_file id="fl-ed">
         <path>C:\ti\ccs1200\ccs\tools\compiler\ti-cgt-arm_20.2.6.LTS\lib\</path>
         <kind>archive</kind>
         <file>rtsv7M4_T_le_v4SPD16_eabi.lib</file>
         <name>s_scalbn.c.obj</name>
      </input_file>
      <input_file id="fl-ee">
         <path>C:\ti\ccs1200\ccs\tools\compiler\ti-cgt-arm_20.2.6.LTS\lib\</path>
         <kind>archive</kind>
         <file>rtsv7M4_T_le_v4SPD16_eabi.lib</file>
         <name>s_copysign.c.obj</name>
      </input_file>
      <input_file id="fl-ef">
         <path>C:\ti\ccs1200\ccs\tools\compiler\ti-cgt-arm_20.2.6.LTS\lib\</path>
         <kind>archive</kind>
         <file>rtsv7M4_T_le_v4SPD16_eabi.lib</file>
         <name>wcslen.c.obj</name>
      </input_file>
      <input_file id="fl-f0">
         <path>C:\ti\ccs1200\ccs\tools\compiler\ti-cgt-arm_20.2.6.LTS\lib\</path>
         <kind>archive</kind>
         <file>rtsv7M4_T_le_v4SPD16_eabi.lib</file>
         <name>div0.asm.obj</name>
      </input_file>
      <input_file id="fl-f1">
         <path>C:\ti\TivaWare_C_Series-2.2.0.295\driverlib\ccs\Debug\</path>
         <kind>archive</kind>
         <file>driverlib.lib</file>
         <name>interrupt.obj</name>
      </input_file>
      <input_file id="fl-f2">
         <path>C:\ti\TivaWare_C_Series-2.2.0.295\driverlib\ccs\Debug\</path>
         <kind>archive</kind>
         <file>driverlib.lib</file>
         <name>cpu.obj</name>
      </input_file>
   </input_file_list>
   <object_component_list>
      <object_component id="oc-12">
         <name>.intvecs</name>
         <load_address>0x0</load_address>
         <run_address>0x0</run_address>
         <size>0x26c</size>
         <input_file_ref idref="fl-9"/>
      </object_component>
      <object_component id="oc-e9">
         <name>.text</name>
         <load_address>0x26c</load_address>
         <run_address>0x26c</run_address>
         <size>0xc20</size>
         <input_file_ref idref="fl-7"/>
      </object_component>
      <object_component id="oc-219">
         <name>.text:__TI_printfi</name>
         <load_address>0xe8c</load_address>
         <run_address>0xe8c</run_address>
         <size>0xa4e</size>
         <input_file_ref idref="fl-dc"/>
      </object_component>
      <object_component id="oc-285">
         <name>.text:_nop</name>
         <load_address>0x18da</load_address>
         <run_address>0x18da</run_address>
         <size>0x2</size>
         <input_file_ref idref="fl-e4"/>
      </object_component>
      <object_component id="oc-dd">
         <name>.text</name>
         <load_address>0x18dc</load_address>
         <run_address>0x18dc</run_address>
         <size>0x328</size>
         <input_file_ref idref="fl-4"/>
      </object_component>
      <object_component id="oc-2d0">
         <name>.text:_pconv_a</name>
         <load_address>0x1c04</load_address>
         <run_address>0x1c04</run_address>
         <size>0x270</size>
         <input_file_ref idref="fl-dc"/>
      </object_component>
      <object_component id="oc-e3">
         <name>.text</name>
         <load_address>0x1e74</load_address>
         <run_address>0x1e74</run_address>
         <size>0x260</size>
         <input_file_ref idref="fl-12"/>
      </object_component>
      <object_component id="oc-f5">
         <name>.text</name>
         <load_address>0x20d4</load_address>
         <run_address>0x20d4</run_address>
         <size>0x25c</size>
         <input_file_ref idref="fl-8"/>
      </object_component>
      <object_component id="oc-d7">
         <name>.text</name>
         <load_address>0x2330</load_address>
         <run_address>0x2330</run_address>
         <size>0x248</size>
         <input_file_ref idref="fl-2"/>
      </object_component>
      <object_component id="oc-171">
         <name>.text</name>
         <load_address>0x2578</load_address>
         <run_address>0x2578</run_address>
         <size>0x1ec</size>
         <input_file_ref idref="fl-14"/>
      </object_component>
      <object_component id="oc-2be">
         <name>.text:_pconv_g</name>
         <load_address>0x2764</load_address>
         <run_address>0x2764</run_address>
         <size>0x1d0</size>
         <input_file_ref idref="fl-dc"/>
      </object_component>
      <object_component id="oc-1b3">
         <name>.text</name>
         <load_address>0x2934</load_address>
         <run_address>0x2934</run_address>
         <size>0x1b6</size>
         <input_file_ref idref="fl-cc"/>
      </object_component>
      <object_component id="oc-38a">
         <name>.text</name>
         <load_address>0x2aea</load_address>
         <run_address>0x2aea</run_address>
         <size>0x2</size>
         <input_file_ref idref="fl-f0"/>
      </object_component>
      <object_component id="oc-ef">
         <name>.text</name>
         <load_address>0x2aec</load_address>
         <run_address>0x2aec</run_address>
         <size>0x160</size>
         <input_file_ref idref="fl-b"/>
      </object_component>
      <object_component id="oc-16b">
         <name>.text</name>
         <load_address>0x2c4c</load_address>
         <run_address>0x2c4c</run_address>
         <size>0x158</size>
         <input_file_ref idref="fl-15"/>
      </object_component>
      <object_component id="oc-2ca">
         <name>.text:_pconv_e</name>
         <load_address>0x2da4</load_address>
         <run_address>0x2da4</run_address>
         <size>0x13c</size>
         <input_file_ref idref="fl-dc"/>
      </object_component>
      <object_component id="oc-1a9">
         <name>.text</name>
         <load_address>0x2ee0</load_address>
         <run_address>0x2ee0</run_address>
         <size>0x136</size>
         <input_file_ref idref="fl-ce"/>
      </object_component>
      <object_component id="oc-341">
         <name>.text:fcvt</name>
         <load_address>0x3018</load_address>
         <run_address>0x3018</run_address>
         <size>0x124</size>
         <input_file_ref idref="fl-dc"/>
      </object_component>
      <object_component id="oc-177">
         <name>.text</name>
         <load_address>0x313c</load_address>
         <run_address>0x313c</run_address>
         <size>0x118</size>
         <input_file_ref idref="fl-13"/>
      </object_component>
      <object_component id="oc-355">
         <name>.text:scalbn</name>
         <load_address>0x3254</load_address>
         <run_address>0x3254</run_address>
         <size>0x110</size>
         <input_file_ref idref="fl-ed"/>
      </object_component>
      <object_component id="oc-300">
         <name>.text:aligned_alloc</name>
         <load_address>0x3364</load_address>
         <run_address>0x3364</run_address>
         <size>0x100</size>
         <input_file_ref idref="fl-d7"/>
      </object_component>
      <object_component id="oc-1a4">
         <name>.text</name>
         <load_address>0x3464</load_address>
         <run_address>0x3464</run_address>
         <size>0xfc</size>
         <input_file_ref idref="fl-cf"/>
      </object_component>
      <object_component id="oc-18e">
         <name>.text:free</name>
         <load_address>0x3560</load_address>
         <run_address>0x3560</run_address>
         <size>0xe4</size>
         <input_file_ref idref="fl-d7"/>
      </object_component>
      <object_component id="oc-2b8">
         <name>.text:_ltostr</name>
         <load_address>0x3644</load_address>
         <run_address>0x3644</run_address>
         <size>0xb1</size>
         <input_file_ref idref="fl-dc"/>
      </object_component>
      <object_component id="oc-a2">
         <name>.text</name>
         <load_address>0x36f6</load_address>
         <run_address>0x36f6</run_address>
         <size>0xb0</size>
         <input_file_ref idref="fl-5"/>
      </object_component>
      <object_component id="oc-3e">
         <name>.text</name>
         <load_address>0x37a6</load_address>
         <run_address>0x37a6</run_address>
         <size>0x9c</size>
         <input_file_ref idref="fl-d3"/>
      </object_component>
      <object_component id="oc-323">
         <name>.text</name>
         <load_address>0x3842</load_address>
         <run_address>0x3842</run_address>
         <size>0x96</size>
         <input_file_ref idref="fl-df"/>
      </object_component>
      <object_component id="oc-1d5">
         <name>.text:__aeabi_cdcmple</name>
         <load_address>0x38d8</load_address>
         <run_address>0x38d8</run_address>
         <size>0x86</size>
         <input_file_ref idref="fl-cd"/>
      </object_component>
      <object_component id="oc-1da">
         <name>.text:__aeabi_cdrcmple</name>
         <load_address>0x395e</load_address>
         <run_address>0x395e</run_address>
         <size>0x86</size>
         <input_file_ref idref="fl-cd"/>
      </object_component>
      <object_component id="oc-96">
         <name>.text</name>
         <load_address>0x39e4</load_address>
         <run_address>0x39e4</run_address>
         <size>0x7a</size>
         <input_file_ref idref="fl-de"/>
      </object_component>
      <object_component id="oc-37c">
         <name>.text:split</name>
         <load_address>0x3a60</load_address>
         <run_address>0x3a60</run_address>
         <size>0x70</size>
         <input_file_ref idref="fl-d7"/>
      </object_component>
      <object_component id="oc-33a">
         <name>.text:_mcpy</name>
         <load_address>0x3ad0</load_address>
         <run_address>0x3ad0</run_address>
         <size>0x6e</size>
         <input_file_ref idref="fl-dc"/>
      </object_component>
      <object_component id="oc-1bb">
         <name>.text</name>
         <load_address>0x3b3e</load_address>
         <run_address>0x3b3e</run_address>
         <size>0x6e</size>
         <input_file_ref idref="fl-d0"/>
      </object_component>
      <object_component id="oc-15">
         <name>.text:decompress:lzss:__TI_decompress_lzss</name>
         <load_address>0x3bac</load_address>
         <run_address>0x3bac</run_address>
         <size>0x68</size>
         <input_file_ref idref="fl-d6"/>
      </object_component>
      <object_component id="oc-34f">
         <name>.text:frexp</name>
         <load_address>0x3c14</load_address>
         <run_address>0x3c14</run_address>
         <size>0x64</size>
         <input_file_ref idref="fl-ec"/>
      </object_component>
      <object_component id="oc-2c4">
         <name>.text:_pconv_f</name>
         <load_address>0x3c78</load_address>
         <run_address>0x3c78</run_address>
         <size>0x56</size>
         <input_file_ref idref="fl-dc"/>
      </object_component>
      <object_component id="oc-32e">
         <name>.text:__TI_ltoa</name>
         <load_address>0x3cce</load_address>
         <run_address>0x3cce</run_address>
         <size>0x54</size>
         <input_file_ref idref="fl-e5"/>
      </object_component>
      <object_component id="oc-334">
         <name>.text:_ecpy</name>
         <load_address>0x3d22</load_address>
         <run_address>0x3d22</run_address>
         <size>0x52</size>
         <input_file_ref idref="fl-dc"/>
      </object_component>
      <object_component id="oc-2b2">
         <name>.text:atoi</name>
         <load_address>0x3d74</load_address>
         <run_address>0x3d74</run_address>
         <size>0x4c</size>
         <input_file_ref idref="fl-e7"/>
      </object_component>
      <object_component id="oc-329">
         <name>.text</name>
         <load_address>0x3dc0</load_address>
         <run_address>0x3dc0</run_address>
         <size>0x48</size>
         <input_file_ref idref="fl-dd"/>
      </object_component>
      <object_component id="oc-109">
         <name>.text:__TI_auto_init_nobinit_nopinit:__TI_auto_init_nobinit_nopinit</name>
         <load_address>0x3e08</load_address>
         <run_address>0x3e08</run_address>
         <size>0x44</size>
         <input_file_ref idref="fl-e0"/>
      </object_component>
      <object_component id="oc-14f">
         <name>.text:vsnprintf</name>
         <load_address>0x3e4c</load_address>
         <run_address>0x3e4c</run_address>
         <size>0x40</size>
         <input_file_ref idref="fl-cb"/>
      </object_component>
      <object_component id="oc-347">
         <name>.text:_fcpy</name>
         <load_address>0x3e8c</load_address>
         <run_address>0x3e8c</run_address>
         <size>0x3e</size>
         <input_file_ref idref="fl-dc"/>
      </object_component>
      <object_component id="oc-188">
         <name>.text:calloc</name>
         <load_address>0x3ecc</load_address>
         <run_address>0x3ecc</run_address>
         <size>0x38</size>
         <input_file_ref idref="fl-d7"/>
      </object_component>
      <object_component id="oc-1c0">
         <name>.text</name>
         <load_address>0x3f04</load_address>
         <run_address>0x3f04</run_address>
         <size>0x38</size>
         <input_file_ref idref="fl-d1"/>
      </object_component>
      <object_component id="oc-13d">
         <name>.text:IntRegister</name>
         <load_address>0x3f3c</load_address>
         <run_address>0x3f3c</run_address>
         <size>0x34</size>
         <input_file_ref idref="fl-f1"/>
      </object_component>
      <object_component id="oc-5c">
         <name>.text:_c_int00_noargs:_c_int00_noargs</name>
         <load_address>0x3f70</load_address>
         <run_address>0x3f70</run_address>
         <size>0x34</size>
         <input_file_ref idref="fl-db"/>
      </object_component>
      <object_component id="oc-21f">
         <name>.text:_outs</name>
         <load_address>0x3fa4</load_address>
         <run_address>0x3fa4</run_address>
         <size>0x30</size>
         <input_file_ref idref="fl-cb"/>
      </object_component>
      <object_component id="oc-1ae">
         <name>.text</name>
         <load_address>0x3fd4</load_address>
         <run_address>0x3fd4</run_address>
         <size>0x2e</size>
         <input_file_ref idref="fl-d2"/>
      </object_component>
      <object_component id="oc-261">
         <name>.text:free_list_insert</name>
         <load_address>0x4004</load_address>
         <run_address>0x4004</run_address>
         <size>0x28</size>
         <input_file_ref idref="fl-d7"/>
      </object_component>
      <object_component id="oc-4a">
         <name>.text:decompress:ZI:__TI_zero_init_nomemset:__TI_zero_init_nomemset</name>
         <load_address>0x402c</load_address>
         <run_address>0x402c</run_address>
         <size>0x1c</size>
         <input_file_ref idref="fl-d4"/>
      </object_component>
      <object_component id="oc-25b">
         <name>.text:free_list_remove</name>
         <load_address>0x4048</load_address>
         <run_address>0x4048</run_address>
         <size>0x1c</size>
         <input_file_ref idref="fl-d7"/>
      </object_component>
      <object_component id="oc-2d6">
         <name>.text:memccpy</name>
         <load_address>0x4064</load_address>
         <run_address>0x4064</run_address>
         <size>0x1c</size>
         <input_file_ref idref="fl-e9"/>
      </object_component>
      <object_component id="oc-39e">
         <name>.text:copysign</name>
         <load_address>0x4080</load_address>
         <run_address>0x4080</run_address>
         <size>0x1a</size>
         <input_file_ref idref="fl-ee"/>
      </object_component>
      <object_component id="oc-225">
         <name>.text:_outc</name>
         <load_address>0x409a</load_address>
         <run_address>0x409a</run_address>
         <size>0x18</size>
         <input_file_ref idref="fl-cb"/>
      </object_component>
      <object_component id="oc-194">
         <name>.text:oi_parseInt</name>
         <load_address>0x40b2</load_address>
         <run_address>0x40b2</run_address>
         <size>0x18</size>
         <input_file_ref idref="fl-7"/>
      </object_component>
      <object_component id="oc-155">
         <name>.text:strcmp</name>
         <load_address>0x40ca</load_address>
         <run_address>0x40ca</run_address>
         <size>0x18</size>
         <input_file_ref idref="fl-d8"/>
      </object_component>
      <object_component id="oc-35b">
         <name>.text:strchr</name>
         <load_address>0x40e2</load_address>
         <run_address>0x40e2</run_address>
         <size>0x16</size>
         <input_file_ref idref="fl-ea"/>
      </object_component>
      <object_component id="oc-15b">
         <name>.text:strcpy</name>
         <load_address>0x40f8</load_address>
         <run_address>0x40f8</run_address>
         <size>0x14</size>
         <input_file_ref idref="fl-d9"/>
      </object_component>
      <object_component id="oc-1cd">
         <name>.text:strlen</name>
         <load_address>0x410c</load_address>
         <run_address>0x410c</run_address>
         <size>0x14</size>
         <input_file_ref idref="fl-da"/>
      </object_component>
      <object_component id="oc-2dc">
         <name>.text:wcslen</name>
         <load_address>0x4120</load_address>
         <run_address>0x4120</run_address>
         <size>0x12</size>
         <input_file_ref idref="fl-ef"/>
      </object_component>
      <object_component id="oc-19b">
         <name>.text:IntMasterEnable</name>
         <load_address>0x4132</load_address>
         <run_address>0x4132</run_address>
         <size>0x10</size>
         <input_file_ref idref="fl-f1"/>
      </object_component>
      <object_component id="oc-148">
         <name>.text:lcd_clear</name>
         <load_address>0x4142</load_address>
         <run_address>0x4142</run_address>
         <size>0x10</size>
         <input_file_ref idref="fl-4"/>
      </object_component>
      <object_component id="oc-1b">
         <name>.text:decompress:none:__TI_decompress_none</name>
         <load_address>0x4152</load_address>
         <run_address>0x4152</run_address>
         <size>0xe</size>
         <input_file_ref idref="fl-d5"/>
      </object_component>
      <object_component id="oc-268">
         <name>.text:CPUcpsie</name>
         <load_address>0x4160</load_address>
         <run_address>0x4160</run_address>
         <size>0xc</size>
         <input_file_ref idref="fl-f2"/>
      </object_component>
      <object_component id="oc-2a">
         <name>.text</name>
         <load_address>0x416c</load_address>
         <run_address>0x416c</run_address>
         <size>0xc</size>
         <input_file_ref idref="fl-9"/>
      </object_component>
      <object_component id="oc-2e2">
         <name>.text:__aeabi_errno_addr</name>
         <load_address>0x4178</load_address>
         <run_address>0x4178</run_address>
         <size>0x8</size>
         <input_file_ref idref="fl-eb"/>
      </object_component>
      <object_component id="oc-254">
         <name>.text:malloc</name>
         <load_address>0x4180</load_address>
         <run_address>0x4180</run_address>
         <size>0x8</size>
         <input_file_ref idref="fl-d7"/>
      </object_component>
      <object_component id="oc-9c">
         <name>.text:_system_pre_init</name>
         <load_address>0x4188</load_address>
         <run_address>0x4188</run_address>
         <size>0x4</size>
         <input_file_ref idref="fl-e1"/>
      </object_component>
      <object_component id="oc-fd">
         <name>.text:abort:abort</name>
         <load_address>0x418c</load_address>
         <run_address>0x418c</run_address>
         <size>0x4</size>
         <input_file_ref idref="fl-e3"/>
      </object_component>
      <object_component id="oc-31e">
         <name>.const:.string:_ctypes_</name>
         <load_address>0x4190</load_address>
         <run_address>0x4190</run_address>
         <size>0x101</size>
         <input_file_ref idref="fl-e8"/>
      </object_component>
      <object_component id="oc-1b8">
         <name>.const:.string:$P$T0$3</name>
         <load_address>0x4291</load_address>
         <run_address>0x4291</run_address>
         <size>0xf</size>
         <input_file_ref idref="fl-7"/>
      </object_component>
      <object_component id="oc-161">
         <name>.const:.string:lineAddress$1</name>
         <load_address>0x42a0</load_address>
         <run_address>0x42a0</run_address>
         <size>0x4</size>
         <input_file_ref idref="fl-4"/>
      </object_component>
      <object_component id="oc-162">
         <name>.const:.string:lineAddresses$2</name>
         <load_address>0x42a4</load_address>
         <run_address>0x42a4</run_address>
         <size>0x4</size>
         <input_file_ref idref="fl-4"/>
      </object_component>
      <object_component id="oc-3f8">
         <name>.cinit..data.load</name>
         <load_address>0x42a8</load_address>
         <run_address>0x42a8</run_address>
         <size>0x18</size>
      </object_component>
      <object_component id="oc-3f5">
         <name>__TI_handler_table</name>
         <load_address>0x42c0</load_address>
         <run_address>0x42c0</run_address>
         <size>0xc</size>
      </object_component>
      <object_component id="oc-3f9">
         <name>.cinit..bss.load</name>
         <load_address>0x42d0</load_address>
         <run_address>0x42d0</run_address>
         <size>0x8</size>
      </object_component>
      <object_component id="oc-3f7">
         <name>.cinit..vtable.load</name>
         <load_address>0x42d8</load_address>
         <run_address>0x42d8</run_address>
         <size>0x8</size>
      </object_component>
      <object_component id="oc-3f6">
         <name>__TI_cinit_table</name>
         <load_address>0x42e0</load_address>
         <run_address>0x42e0</run_address>
         <size>0x18</size>
      </object_component>
      <object_component id="oc-20d">
         <name>.vtable</name>
         <uninitialized>true</uninitialized>
         <run_address>0x20000000</run_address>
         <size>0x26c</size>
         <input_file_ref idref="fl-f1"/>
      </object_component>
      <object_component id="oc-143">
         <name>.data</name>
         <load_address>0x20002334</load_address>
         <run_address>0x20002334</run_address>
         <size>0x1</size>
         <input_file_ref idref="fl-2"/>
      </object_component>
      <object_component id="oc-1a1">
         <name>.data</name>
         <load_address>0x200022fc</load_address>
         <run_address>0x200022fc</run_address>
         <size>0x20</size>
         <input_file_ref idref="fl-7"/>
      </object_component>
      <object_component id="oc-17d">
         <name>.data</name>
         <load_address>0x2000232c</load_address>
         <run_address>0x2000232c</run_address>
         <size>0x4</size>
         <input_file_ref idref="fl-12"/>
      </object_component>
      <object_component id="oc-307">
         <name>.data:$O1$$</name>
         <load_address>0x20002324</load_address>
         <run_address>0x20002324</run_address>
         <size>0x8</size>
         <input_file_ref idref="fl-d7"/>
      </object_component>
      <object_component id="oc-1f1">
         <name>.data:$O1$$</name>
         <load_address>0x2000231c</load_address>
         <run_address>0x2000231c</run_address>
         <size>0x8</size>
         <input_file_ref idref="fl-e4"/>
      </object_component>
      <object_component id="oc-36b">
         <name>.data</name>
         <load_address>0x20002330</load_address>
         <run_address>0x20002330</run_address>
         <size>0x4</size>
         <input_file_ref idref="fl-eb"/>
      </object_component>
      <object_component id="oc-163">
         <name>.bss:lastbuffer$3</name>
         <uninitialized>true</uninitialized>
         <run_address>0x20002270</run_address>
         <size>0x54</size>
         <input_file_ref idref="fl-4"/>
      </object_component>
      <object_component id="oc-1c5">
         <name>.bss:firmware$2</name>
         <uninitialized>true</uninitialized>
         <run_address>0x200022c4</run_address>
         <size>0x18</size>
         <input_file_ref idref="fl-7"/>
      </object_component>
      <object_component id="oc-146">
         <name>.common:_timeout_ticks</name>
         <uninitialized>true</uninitialized>
         <run_address>0x200022dc</run_address>
         <size>0x4</size>
      </object_component>
      <object_component id="oc-242">
         <name>.common:right_calibration_value</name>
         <uninitialized>true</uninitialized>
         <run_address>0x200022f0</run_address>
         <size>0x4</size>
      </object_component>
      <object_component id="oc-243">
         <name>.common:left_calibration_value</name>
         <uninitialized>true</uninitialized>
         <run_address>0x200022e8</run_address>
         <size>0x4</size>
      </object_component>
      <object_component id="oc-24c">
         <name>.common:isr_int_value</name>
         <uninitialized>true</uninitialized>
         <run_address>0x200022e4</run_address>
         <size>0x4</size>
      </object_component>
      <object_component id="oc-248">
         <name>.common:risingEdge</name>
         <uninitialized>true</uninitialized>
         <run_address>0x200022f4</run_address>
         <size>0x4</size>
      </object_component>
      <object_component id="oc-249">
         <name>.common:fallingEdge</name>
         <uninitialized>true</uninitialized>
         <run_address>0x200022e0</run_address>
         <size>0x4</size>
      </object_component>
      <object_component id="oc-24a">
         <name>.common:pulseLength</name>
         <uninitialized>true</uninitialized>
         <run_address>0x200022ec</run_address>
         <size>0x4</size>
      </object_component>
      <object_component id="oc-245">
         <name>.common:isRisingEdge</name>
         <uninitialized>true</uninitialized>
         <run_address>0x200022f8</run_address>
         <size>0x1</size>
      </object_component>
      <object_component id="oc-24">
         <name>.sysmem</name>
         <uninitialized>true</uninitialized>
         <run_address>0x20001270</run_address>
         <size>0x10</size>
         <input_file_ref idref="fl-d7"/>
      </object_component>
      <object_component id="oc-3fc">
         <name>.sysmem</name>
         <uninitialized>true</uninitialized>
         <run_address>0x20001270</run_address>
         <size>0x0</size>
      </object_component>
      <object_component id="oc-27">
         <name>.stack</name>
         <uninitialized>true</uninitialized>
         <run_address>0x20000270</run_address>
         <size>0x4</size>
         <input_file_ref idref="fl-db"/>
      </object_component>
      <object_component id="oc-3fb">
         <name>.stack</name>
         <uninitialized>true</uninitialized>
         <run_address>0x20000270</run_address>
         <size>0x0</size>
      </object_component>
      <object_component id="oc-c5">
         <name>.debug_info</name>
         <load_address>0x0</load_address>
         <run_address>0x0</run_address>
         <size>0x2bb</size>
         <input_file_ref idref="fl-2"/>
      </object_component>
      <object_component id="oc-144">
         <name>.debug_info</name>
         <load_address>0x2bb</load_address>
         <run_address>0x2bb</run_address>
         <size>0xc9</size>
         <input_file_ref idref="fl-2"/>
      </object_component>
      <object_component id="oc-d8">
         <name>.debug_info</name>
         <load_address>0x384</load_address>
         <run_address>0x384</run_address>
         <size>0x511</size>
         <input_file_ref idref="fl-2"/>
      </object_component>
      <object_component id="oc-77">
         <name>.debug_info</name>
         <load_address>0x895</load_address>
         <run_address>0x895</run_address>
         <size>0x26b</size>
         <input_file_ref idref="fl-2"/>
      </object_component>
      <object_component id="oc-39">
         <name>.debug_info</name>
         <load_address>0xb00</load_address>
         <run_address>0xb00</run_address>
         <size>0x84</size>
         <input_file_ref idref="fl-2"/>
      </object_component>
      <object_component id="oc-c0">
         <name>.debug_info</name>
         <load_address>0xb84</load_address>
         <run_address>0xb84</run_address>
         <size>0x2a4</size>
         <input_file_ref idref="fl-2"/>
      </object_component>
      <object_component id="oc-7c">
         <name>.debug_info</name>
         <load_address>0xe28</load_address>
         <run_address>0xe28</run_address>
         <size>0xbb</size>
         <input_file_ref idref="fl-2"/>
      </object_component>
      <object_component id="oc-165">
         <name>.debug_info</name>
         <load_address>0xee3</load_address>
         <run_address>0xee3</run_address>
         <size>0x389</size>
         <input_file_ref idref="fl-4"/>
      </object_component>
      <object_component id="oc-149">
         <name>.debug_info</name>
         <load_address>0x126c</load_address>
         <run_address>0x126c</run_address>
         <size>0x11e</size>
         <input_file_ref idref="fl-4"/>
      </object_component>
      <object_component id="oc-de">
         <name>.debug_info</name>
         <load_address>0x138a</load_address>
         <run_address>0x138a</run_address>
         <size>0x8aa</size>
         <input_file_ref idref="fl-4"/>
      </object_component>
      <object_component id="oc-23d">
         <name>.debug_info</name>
         <load_address>0x1c34</load_address>
         <run_address>0x1c34</run_address>
         <size>0xcc</size>
         <input_file_ref idref="fl-4"/>
      </object_component>
      <object_component id="oc-166">
         <name>.debug_info</name>
         <load_address>0x1d00</load_address>
         <run_address>0x1d00</run_address>
         <size>0x2c</size>
         <input_file_ref idref="fl-4"/>
      </object_component>
      <object_component id="oc-1e8">
         <name>.debug_info</name>
         <load_address>0x1d2c</load_address>
         <run_address>0x1d2c</run_address>
         <size>0x35</size>
         <input_file_ref idref="fl-4"/>
      </object_component>
      <object_component id="oc-fc">
         <name>.debug_info</name>
         <load_address>0x1d61</load_address>
         <run_address>0x1d61</run_address>
         <size>0x4cf</size>
         <input_file_ref idref="fl-5"/>
      </object_component>
      <object_component id="oc-a4">
         <name>.debug_info</name>
         <load_address>0x2230</load_address>
         <run_address>0x2230</run_address>
         <size>0x28b</size>
         <input_file_ref idref="fl-5"/>
      </object_component>
      <object_component id="oc-1e3">
         <name>.debug_info</name>
         <load_address>0x24bb</load_address>
         <run_address>0x24bb</run_address>
         <size>0x5aa</size>
         <input_file_ref idref="fl-5"/>
      </object_component>
      <object_component id="oc-1c7">
         <name>.debug_info</name>
         <load_address>0x2a65</load_address>
         <run_address>0x2a65</run_address>
         <size>0x406</size>
         <input_file_ref idref="fl-7"/>
      </object_component>
      <object_component id="oc-1a2">
         <name>.debug_info</name>
         <load_address>0x2e6b</load_address>
         <run_address>0x2e6b</run_address>
         <size>0x11b</size>
         <input_file_ref idref="fl-7"/>
      </object_component>
      <object_component id="oc-1b9">
         <name>.debug_info</name>
         <load_address>0x2f86</load_address>
         <run_address>0x2f86</run_address>
         <size>0xd0</size>
         <input_file_ref idref="fl-7"/>
      </object_component>
      <object_component id="oc-195">
         <name>.debug_info</name>
         <load_address>0x3056</load_address>
         <run_address>0x3056</run_address>
         <size>0x148</size>
         <input_file_ref idref="fl-7"/>
      </object_component>
      <object_component id="oc-ea">
         <name>.debug_info</name>
         <load_address>0x319e</load_address>
         <run_address>0x319e</run_address>
         <size>0x1992</size>
         <input_file_ref idref="fl-7"/>
      </object_component>
      <object_component id="oc-1c8">
         <name>.debug_info</name>
         <load_address>0x4b30</load_address>
         <run_address>0x4b30</run_address>
         <size>0x8b</size>
         <input_file_ref idref="fl-7"/>
      </object_component>
      <object_component id="oc-1e0">
         <name>.debug_info</name>
         <load_address>0x4bbb</load_address>
         <run_address>0x4bbb</run_address>
         <size>0x34d</size>
         <input_file_ref idref="fl-8"/>
      </object_component>
      <object_component id="oc-f6">
         <name>.debug_info</name>
         <load_address>0x4f08</load_address>
         <run_address>0x4f08</run_address>
         <size>0x87c</size>
         <input_file_ref idref="fl-8"/>
      </object_component>
      <object_component id="oc-32">
         <name>.debug_info</name>
         <load_address>0x5784</load_address>
         <run_address>0x5784</run_address>
         <size>0x2a5</size>
         <input_file_ref idref="fl-9"/>
      </object_component>
      <object_component id="oc-13">
         <name>.debug_info</name>
         <load_address>0x5a29</load_address>
         <run_address>0x5a29</run_address>
         <size>0xe4</size>
         <input_file_ref idref="fl-9"/>
      </object_component>
      <object_component id="oc-2b">
         <name>.debug_info</name>
         <load_address>0x5b0d</load_address>
         <run_address>0x5b0d</run_address>
         <size>0x260</size>
         <input_file_ref idref="fl-9"/>
      </object_component>
      <object_component id="oc-1d4">
         <name>.debug_info</name>
         <load_address>0x5d6d</load_address>
         <run_address>0x5d6d</run_address>
         <size>0x276</size>
         <input_file_ref idref="fl-b"/>
      </object_component>
      <object_component id="oc-f1">
         <name>.debug_info</name>
         <load_address>0x5fe3</load_address>
         <run_address>0x5fe3</run_address>
         <size>0x2fd</size>
         <input_file_ref idref="fl-b"/>
      </object_component>
      <object_component id="oc-181">
         <name>.debug_info</name>
         <load_address>0x62e0</load_address>
         <run_address>0x62e0</run_address>
         <size>0x485</size>
         <input_file_ref idref="fl-12"/>
      </object_component>
      <object_component id="oc-17e">
         <name>.debug_info</name>
         <load_address>0x6765</load_address>
         <run_address>0x6765</run_address>
         <size>0x114</size>
         <input_file_ref idref="fl-12"/>
      </object_component>
      <object_component id="oc-e5">
         <name>.debug_info</name>
         <load_address>0x6879</load_address>
         <run_address>0x6879</run_address>
         <size>0x4ce</size>
         <input_file_ref idref="fl-12"/>
      </object_component>
      <object_component id="oc-183">
         <name>.debug_info</name>
         <load_address>0x6d47</load_address>
         <run_address>0x6d47</run_address>
         <size>0x9d</size>
         <input_file_ref idref="fl-12"/>
      </object_component>
      <object_component id="oc-24d">
         <name>.debug_info</name>
         <load_address>0x6de4</load_address>
         <run_address>0x6de4</run_address>
         <size>0x2b7</size>
         <input_file_ref idref="fl-13"/>
      </object_component>
      <object_component id="oc-179">
         <name>.debug_info</name>
         <load_address>0x709b</load_address>
         <run_address>0x709b</run_address>
         <size>0x266</size>
         <input_file_ref idref="fl-13"/>
      </object_component>
      <object_component id="oc-246">
         <name>.debug_info</name>
         <load_address>0x7301</load_address>
         <run_address>0x7301</run_address>
         <size>0x3ba</size>
         <input_file_ref idref="fl-14"/>
      </object_component>
      <object_component id="oc-174">
         <name>.debug_info</name>
         <load_address>0x76bb</load_address>
         <run_address>0x76bb</run_address>
         <size>0x270</size>
         <input_file_ref idref="fl-14"/>
      </object_component>
      <object_component id="oc-16f">
         <name>.debug_info</name>
         <load_address>0x792b</load_address>
         <run_address>0x792b</run_address>
         <size>0x296</size>
         <input_file_ref idref="fl-15"/>
      </object_component>
      <object_component id="oc-22c">
         <name>.debug_info</name>
         <load_address>0x7bc1</load_address>
         <run_address>0x7bc1</run_address>
         <size>0x340</size>
         <input_file_ref idref="fl-cb"/>
      </object_component>
      <object_component id="oc-150">
         <name>.debug_info</name>
         <load_address>0x7f01</load_address>
         <run_address>0x7f01</run_address>
         <size>0x208</size>
         <input_file_ref idref="fl-cb"/>
      </object_component>
      <object_component id="oc-221">
         <name>.debug_info</name>
         <load_address>0x8109</load_address>
         <run_address>0x8109</run_address>
         <size>0x1c6</size>
         <input_file_ref idref="fl-cb"/>
      </object_component>
      <object_component id="oc-228">
         <name>.debug_info</name>
         <load_address>0x82cf</load_address>
         <run_address>0x82cf</run_address>
         <size>0x179</size>
         <input_file_ref idref="fl-cb"/>
      </object_component>
      <object_component id="oc-22d">
         <name>.debug_info</name>
         <load_address>0x8448</load_address>
         <run_address>0x8448</run_address>
         <size>0x2c</size>
         <input_file_ref idref="fl-cb"/>
      </object_component>
      <object_component id="oc-232">
         <name>.debug_info</name>
         <load_address>0x8474</load_address>
         <run_address>0x8474</run_address>
         <size>0x69</size>
         <input_file_ref idref="fl-cb"/>
      </object_component>
      <object_component id="oc-1b4">
         <name>.debug_info</name>
         <load_address>0x84dd</load_address>
         <run_address>0x84dd</run_address>
         <size>0x14c</size>
         <input_file_ref idref="fl-cc"/>
      </object_component>
      <object_component id="oc-1d8">
         <name>.debug_info</name>
         <load_address>0x8629</load_address>
         <run_address>0x8629</run_address>
         <size>0x128</size>
         <input_file_ref idref="fl-cd"/>
      </object_component>
      <object_component id="oc-1db">
         <name>.debug_info</name>
         <load_address>0x8751</load_address>
         <run_address>0x8751</run_address>
         <size>0x12a</size>
         <input_file_ref idref="fl-cd"/>
      </object_component>
      <object_component id="oc-1aa">
         <name>.debug_info</name>
         <load_address>0x887b</load_address>
         <run_address>0x887b</run_address>
         <size>0x13a</size>
         <input_file_ref idref="fl-ce"/>
      </object_component>
      <object_component id="oc-1a5">
         <name>.debug_info</name>
         <load_address>0x89b5</load_address>
         <run_address>0x89b5</run_address>
         <size>0x13a</size>
         <input_file_ref idref="fl-cf"/>
      </object_component>
      <object_component id="oc-1bd">
         <name>.debug_info</name>
         <load_address>0x8aef</load_address>
         <run_address>0x8aef</run_address>
         <size>0x13e</size>
         <input_file_ref idref="fl-d0"/>
      </object_component>
      <object_component id="oc-1c2">
         <name>.debug_info</name>
         <load_address>0x8c2d</load_address>
         <run_address>0x8c2d</run_address>
         <size>0x12c</size>
         <input_file_ref idref="fl-d1"/>
      </object_component>
      <object_component id="oc-1b0">
         <name>.debug_info</name>
         <load_address>0x8d59</load_address>
         <run_address>0x8d59</run_address>
         <size>0x12c</size>
         <input_file_ref idref="fl-d2"/>
      </object_component>
      <object_component id="oc-3f">
         <name>.debug_info</name>
         <load_address>0x8e85</load_address>
         <run_address>0x8e85</run_address>
         <size>0x119</size>
         <input_file_ref idref="fl-d3"/>
      </object_component>
      <object_component id="oc-95">
         <name>.debug_info</name>
         <load_address>0x8f9e</load_address>
         <run_address>0x8f9e</run_address>
         <size>0x2d4</size>
         <input_file_ref idref="fl-d4"/>
      </object_component>
      <object_component id="oc-4b">
         <name>.debug_info</name>
         <load_address>0x9272</load_address>
         <run_address>0x9272</run_address>
         <size>0x1d2</size>
         <input_file_ref idref="fl-d4"/>
      </object_component>
      <object_component id="oc-90">
         <name>.debug_info</name>
         <load_address>0x9444</load_address>
         <run_address>0x9444</run_address>
         <size>0x46</size>
         <input_file_ref idref="fl-d4"/>
      </object_component>
      <object_component id="oc-ce">
         <name>.debug_info</name>
         <load_address>0x948a</load_address>
         <run_address>0x948a</run_address>
         <size>0x2c</size>
         <input_file_ref idref="fl-d4"/>
      </object_component>
      <object_component id="oc-49">
         <name>.debug_info</name>
         <load_address>0x94b6</load_address>
         <run_address>0x94b6</run_address>
         <size>0x2a8</size>
         <input_file_ref idref="fl-d5"/>
      </object_component>
      <object_component id="oc-1f">
         <name>.debug_info</name>
         <load_address>0x975e</load_address>
         <run_address>0x975e</run_address>
         <size>0x1ea</size>
         <input_file_ref idref="fl-d5"/>
      </object_component>
      <object_component id="oc-44">
         <name>.debug_info</name>
         <load_address>0x9948</load_address>
         <run_address>0x9948</run_address>
         <size>0x46</size>
         <input_file_ref idref="fl-d5"/>
      </object_component>
      <object_component id="oc-88">
         <name>.debug_info</name>
         <load_address>0x998e</load_address>
         <run_address>0x998e</run_address>
         <size>0x2c</size>
         <input_file_ref idref="fl-d5"/>
      </object_component>
      <object_component id="oc-86">
         <name>.debug_info</name>
         <load_address>0x99ba</load_address>
         <run_address>0x99ba</run_address>
         <size>0x29e</size>
         <input_file_ref idref="fl-d6"/>
      </object_component>
      <object_component id="oc-17">
         <name>.debug_info</name>
         <load_address>0x9c58</load_address>
         <run_address>0x9c58</run_address>
         <size>0x250</size>
         <input_file_ref idref="fl-d6"/>
      </object_component>
      <object_component id="oc-34">
         <name>.debug_info</name>
         <load_address>0x9ea8</load_address>
         <run_address>0x9ea8</run_address>
         <size>0x60</size>
         <input_file_ref idref="fl-d6"/>
      </object_component>
      <object_component id="oc-c7">
         <name>.debug_info</name>
         <load_address>0x9f08</load_address>
         <run_address>0x9f08</run_address>
         <size>0x46</size>
         <input_file_ref idref="fl-d6"/>
      </object_component>
      <object_component id="oc-81">
         <name>.debug_info</name>
         <load_address>0x9f4e</load_address>
         <run_address>0x9f4e</run_address>
         <size>0x39</size>
         <input_file_ref idref="fl-d6"/>
      </object_component>
      <object_component id="oc-70">
         <name>.debug_info</name>
         <load_address>0x9f87</load_address>
         <run_address>0x9f87</run_address>
         <size>0x3b2</size>
         <input_file_ref idref="fl-d7"/>
      </object_component>
      <object_component id="oc-25">
         <name>.debug_info</name>
         <load_address>0xa339</load_address>
         <run_address>0xa339</run_address>
         <size>0x10c</size>
         <input_file_ref idref="fl-d7"/>
      </object_component>
      <object_component id="oc-308">
         <name>.debug_info</name>
         <load_address>0xa445</load_address>
         <run_address>0xa445</run_address>
         <size>0x13f</size>
         <input_file_ref idref="fl-d7"/>
      </object_component>
      <object_component id="oc-255">
         <name>.debug_info</name>
         <load_address>0xa584</load_address>
         <run_address>0xa584</run_address>
         <size>0x168</size>
         <input_file_ref idref="fl-d7"/>
      </object_component>
      <object_component id="oc-25c">
         <name>.debug_info</name>
         <load_address>0xa6ec</load_address>
         <run_address>0xa6ec</run_address>
         <size>0x18e</size>
         <input_file_ref idref="fl-d7"/>
      </object_component>
      <object_component id="oc-262">
         <name>.debug_info</name>
         <load_address>0xa87a</load_address>
         <run_address>0xa87a</run_address>
         <size>0x19f</size>
         <input_file_ref idref="fl-d7"/>
      </object_component>
      <object_component id="oc-18f">
         <name>.debug_info</name>
         <load_address>0xaa19</load_address>
         <run_address>0xaa19</run_address>
         <size>0x203</size>
         <input_file_ref idref="fl-d7"/>
      </object_component>
      <object_component id="oc-37d">
         <name>.debug_info</name>
         <load_address>0xac1c</load_address>
         <run_address>0xac1c</run_address>
         <size>0x1db</size>
         <input_file_ref idref="fl-d7"/>
      </object_component>
      <object_component id="oc-189">
         <name>.debug_info</name>
         <load_address>0xadf7</load_address>
         <run_address>0xadf7</run_address>
         <size>0x1a5</size>
         <input_file_ref idref="fl-d7"/>
      </object_component>
      <object_component id="oc-304">
         <name>.debug_info</name>
         <load_address>0xaf9c</load_address>
         <run_address>0xaf9c</run_address>
         <size>0x299</size>
         <input_file_ref idref="fl-d7"/>
      </object_component>
      <object_component id="oc-bb">
         <name>.debug_info</name>
         <load_address>0xb235</load_address>
         <run_address>0xb235</run_address>
         <size>0xb2</size>
         <input_file_ref idref="fl-d7"/>
      </object_component>
      <object_component id="oc-b6">
         <name>.debug_info</name>
         <load_address>0xb2e7</load_address>
         <run_address>0xb2e7</run_address>
         <size>0x2c</size>
         <input_file_ref idref="fl-d7"/>
      </object_component>
      <object_component id="oc-238">
         <name>.debug_info</name>
         <load_address>0xb313</load_address>
         <run_address>0xb313</run_address>
         <size>0x28a</size>
         <input_file_ref idref="fl-d8"/>
      </object_component>
      <object_component id="oc-159">
         <name>.debug_info</name>
         <load_address>0xb59d</load_address>
         <run_address>0xb59d</run_address>
         <size>0x273</size>
         <input_file_ref idref="fl-d8"/>
      </object_component>
      <object_component id="oc-23a">
         <name>.debug_info</name>
         <load_address>0xb810</load_address>
         <run_address>0xb810</run_address>
         <size>0x2a4</size>
         <input_file_ref idref="fl-d9"/>
      </object_component>
      <object_component id="oc-15c">
         <name>.debug_info</name>
         <load_address>0xbab4</load_address>
         <run_address>0xbab4</run_address>
         <size>0x24d</size>
         <input_file_ref idref="fl-d9"/>
      </object_component>
      <object_component id="oc-27c">
         <name>.debug_info</name>
         <load_address>0xbd01</load_address>
         <run_address>0xbd01</run_address>
         <size>0x28f</size>
         <input_file_ref idref="fl-da"/>
      </object_component>
      <object_component id="oc-1ce">
         <name>.debug_info</name>
         <load_address>0xbf90</load_address>
         <run_address>0xbf90</run_address>
         <size>0x245</size>
         <input_file_ref idref="fl-da"/>
      </object_component>
      <object_component id="oc-28">
         <name>.debug_info</name>
         <load_address>0xc1d5</load_address>
         <run_address>0xc1d5</run_address>
         <size>0x10b</size>
         <input_file_ref idref="fl-db"/>
      </object_component>
      <object_component id="oc-5f">
         <name>.debug_info</name>
         <load_address>0xc2e0</load_address>
         <run_address>0xc2e0</run_address>
         <size>0x1a9</size>
         <input_file_ref idref="fl-db"/>
      </object_component>
      <object_component id="oc-2e9">
         <name>.debug_info</name>
         <load_address>0xc489</load_address>
         <run_address>0xc489</run_address>
         <size>0x590</size>
         <input_file_ref idref="fl-dc"/>
      </object_component>
      <object_component id="oc-2ba">
         <name>.debug_info</name>
         <load_address>0xca19</load_address>
         <run_address>0xca19</run_address>
         <size>0x21e</size>
         <input_file_ref idref="fl-dc"/>
      </object_component>
      <object_component id="oc-337">
         <name>.debug_info</name>
         <load_address>0xcc37</load_address>
         <run_address>0xcc37</run_address>
         <size>0x1b3</size>
         <input_file_ref idref="fl-dc"/>
      </object_component>
      <object_component id="oc-33c">
         <name>.debug_info</name>
         <load_address>0xcdea</load_address>
         <run_address>0xcdea</run_address>
         <size>0x21b</size>
         <input_file_ref idref="fl-dc"/>
      </object_component>
      <object_component id="oc-2c0">
         <name>.debug_info</name>
         <load_address>0xd005</load_address>
         <run_address>0xd005</run_address>
         <size>0x3c0</size>
         <input_file_ref idref="fl-dc"/>
      </object_component>
      <object_component id="oc-343">
         <name>.debug_info</name>
         <load_address>0xd3c5</load_address>
         <run_address>0xd3c5</run_address>
         <size>0x30a</size>
         <input_file_ref idref="fl-dc"/>
      </object_component>
      <object_component id="oc-349">
         <name>.debug_info</name>
         <load_address>0xd6cf</load_address>
         <run_address>0xd6cf</run_address>
         <size>0x215</size>
         <input_file_ref idref="fl-dc"/>
      </object_component>
      <object_component id="oc-2c7">
         <name>.debug_info</name>
         <load_address>0xd8e4</load_address>
         <run_address>0xd8e4</run_address>
         <size>0x215</size>
         <input_file_ref idref="fl-dc"/>
      </object_component>
      <object_component id="oc-2cd">
         <name>.debug_info</name>
         <load_address>0xdaf9</load_address>
         <run_address>0xdaf9</run_address>
         <size>0x304</size>
         <input_file_ref idref="fl-dc"/>
      </object_component>
      <object_component id="oc-2d2">
         <name>.debug_info</name>
         <load_address>0xddfd</load_address>
         <run_address>0xddfd</run_address>
         <size>0x4b5</size>
         <input_file_ref idref="fl-dc"/>
      </object_component>
      <object_component id="oc-21b">
         <name>.debug_info</name>
         <load_address>0xe2b2</load_address>
         <run_address>0xe2b2</run_address>
         <size>0x5f4</size>
         <input_file_ref idref="fl-dc"/>
      </object_component>
      <object_component id="oc-2ea">
         <name>.debug_info</name>
         <load_address>0xe8a6</load_address>
         <run_address>0xe8a6</run_address>
         <size>0x86</size>
         <input_file_ref idref="fl-dc"/>
      </object_component>
      <object_component id="oc-372">
         <name>.debug_info</name>
         <load_address>0xe92c</load_address>
         <run_address>0xe92c</run_address>
         <size>0x39</size>
         <input_file_ref idref="fl-dc"/>
      </object_component>
      <object_component id="oc-3b5">
         <name>.debug_info</name>
         <load_address>0xe965</load_address>
         <run_address>0xe965</run_address>
         <size>0xb6</size>
         <input_file_ref idref="fl-dc"/>
      </object_component>
      <object_component id="oc-377">
         <name>.debug_info</name>
         <load_address>0xea1b</load_address>
         <run_address>0xea1b</run_address>
         <size>0x46</size>
         <input_file_ref idref="fl-dc"/>
      </object_component>
      <object_component id="oc-2ef">
         <name>.debug_info</name>
         <load_address>0xea61</load_address>
         <run_address>0xea61</run_address>
         <size>0x46</size>
         <input_file_ref idref="fl-dc"/>
      </object_component>
      <object_component id="oc-32a">
         <name>.debug_info</name>
         <load_address>0xeaa7</load_address>
         <run_address>0xeaa7</run_address>
         <size>0x12e</size>
         <input_file_ref idref="fl-dd"/>
      </object_component>
      <object_component id="oc-97">
         <name>.debug_info</name>
         <load_address>0xebd5</load_address>
         <run_address>0xebd5</run_address>
         <size>0x147</size>
         <input_file_ref idref="fl-de"/>
      </object_component>
      <object_component id="oc-324">
         <name>.debug_info</name>
         <load_address>0xed1c</load_address>
         <run_address>0xed1c</run_address>
         <size>0x134</size>
         <input_file_ref idref="fl-df"/>
      </object_component>
      <object_component id="oc-1f8">
         <name>.debug_info</name>
         <load_address>0xee50</load_address>
         <run_address>0xee50</run_address>
         <size>0x4b3</size>
         <input_file_ref idref="fl-e0"/>
      </object_component>
      <object_component id="oc-10b">
         <name>.debug_info</name>
         <load_address>0xf303</load_address>
         <run_address>0xf303</run_address>
         <size>0x1a6</size>
         <input_file_ref idref="fl-e0"/>
      </object_component>
      <object_component id="oc-293">
         <name>.debug_info</name>
         <load_address>0xf4a9</load_address>
         <run_address>0xf4a9</run_address>
         <size>0x39</size>
         <input_file_ref idref="fl-e0"/>
      </object_component>
      <object_component id="oc-312">
         <name>.debug_info</name>
         <load_address>0xf4e2</load_address>
         <run_address>0xf4e2</run_address>
         <size>0x39</size>
         <input_file_ref idref="fl-e0"/>
      </object_component>
      <object_component id="oc-298">
         <name>.debug_info</name>
         <load_address>0xf51b</load_address>
         <run_address>0xf51b</run_address>
         <size>0x39</size>
         <input_file_ref idref="fl-e0"/>
      </object_component>
      <object_component id="oc-29d">
         <name>.debug_info</name>
         <load_address>0xf554</load_address>
         <run_address>0xf554</run_address>
         <size>0xcd</size>
         <input_file_ref idref="fl-e0"/>
      </object_component>
      <object_component id="oc-9e">
         <name>.debug_info</name>
         <load_address>0xf621</load_address>
         <run_address>0xf621</run_address>
         <size>0x153</size>
         <input_file_ref idref="fl-e1"/>
      </object_component>
      <object_component id="oc-101">
         <name>.debug_info</name>
         <load_address>0xf774</load_address>
         <run_address>0xf774</run_address>
         <size>0x122</size>
         <input_file_ref idref="fl-e3"/>
      </object_component>
      <object_component id="oc-28d">
         <name>.debug_info</name>
         <load_address>0xf896</load_address>
         <run_address>0xf896</run_address>
         <size>0x2c9</size>
         <input_file_ref idref="fl-e4"/>
      </object_component>
      <object_component id="oc-1f2">
         <name>.debug_info</name>
         <load_address>0xfb5f</load_address>
         <run_address>0xfb5f</run_address>
         <size>0x11e</size>
         <input_file_ref idref="fl-e4"/>
      </object_component>
      <object_component id="oc-289">
         <name>.debug_info</name>
         <load_address>0xfc7d</load_address>
         <run_address>0xfc7d</run_address>
         <size>0x12e</size>
         <input_file_ref idref="fl-e4"/>
      </object_component>
      <object_component id="oc-392">
         <name>.debug_info</name>
         <load_address>0xfdab</load_address>
         <run_address>0xfdab</run_address>
         <size>0x29c</size>
         <input_file_ref idref="fl-e5"/>
      </object_component>
      <object_component id="oc-331">
         <name>.debug_info</name>
         <load_address>0x10047</load_address>
         <run_address>0x10047</run_address>
         <size>0x1da</size>
         <input_file_ref idref="fl-e5"/>
      </object_component>
      <object_component id="oc-322">
         <name>.debug_info</name>
         <load_address>0x10221</load_address>
         <run_address>0x10221</run_address>
         <size>0x2b9</size>
         <input_file_ref idref="fl-e7"/>
      </object_component>
      <object_component id="oc-2b4">
         <name>.debug_info</name>
         <load_address>0x104da</load_address>
         <run_address>0x104da</run_address>
         <size>0x17c</size>
         <input_file_ref idref="fl-e7"/>
      </object_component>
      <object_component id="oc-387">
         <name>.debug_info</name>
         <load_address>0x10656</load_address>
         <run_address>0x10656</run_address>
         <size>0xf9</size>
         <input_file_ref idref="fl-e8"/>
      </object_component>
      <object_component id="oc-31f">
         <name>.debug_info</name>
         <load_address>0x1074f</load_address>
         <run_address>0x1074f</run_address>
         <size>0x105</size>
         <input_file_ref idref="fl-e8"/>
      </object_component>
      <object_component id="oc-363">
         <name>.debug_info</name>
         <load_address>0x10854</load_address>
         <run_address>0x10854</run_address>
         <size>0x2a7</size>
         <input_file_ref idref="fl-e9"/>
      </object_component>
      <object_component id="oc-2d7">
         <name>.debug_info</name>
         <load_address>0x10afb</load_address>
         <run_address>0x10afb</run_address>
         <size>0x1b8</size>
         <input_file_ref idref="fl-e9"/>
      </object_component>
      <object_component id="oc-3a7">
         <name>.debug_info</name>
         <load_address>0x10cb3</load_address>
         <run_address>0x10cb3</run_address>
         <size>0x29a</size>
         <input_file_ref idref="fl-ea"/>
      </object_component>
      <object_component id="oc-35c">
         <name>.debug_info</name>
         <load_address>0x10f4d</load_address>
         <run_address>0x10f4d</run_address>
         <size>0x262</size>
         <input_file_ref idref="fl-ea"/>
      </object_component>
      <object_component id="oc-36f">
         <name>.debug_info</name>
         <load_address>0x111af</load_address>
         <run_address>0x111af</run_address>
         <size>0x289</size>
         <input_file_ref idref="fl-eb"/>
      </object_component>
      <object_component id="oc-36c">
         <name>.debug_info</name>
         <load_address>0x11438</load_address>
         <run_address>0x11438</run_address>
         <size>0x10e</size>
         <input_file_ref idref="fl-eb"/>
      </object_component>
      <object_component id="oc-2e4">
         <name>.debug_info</name>
         <load_address>0x11546</load_address>
         <run_address>0x11546</run_address>
         <size>0x14e</size>
         <input_file_ref idref="fl-eb"/>
      </object_component>
      <object_component id="oc-398">
         <name>.debug_info</name>
         <load_address>0x11694</load_address>
         <run_address>0x11694</run_address>
         <size>0x295</size>
         <input_file_ref idref="fl-ec"/>
      </object_component>
      <object_component id="oc-350">
         <name>.debug_info</name>
         <load_address>0x11929</load_address>
         <run_address>0x11929</run_address>
         <size>0x195</size>
         <input_file_ref idref="fl-ec"/>
      </object_component>
      <object_component id="oc-3c2">
         <name>.debug_info</name>
         <load_address>0x11abe</load_address>
         <run_address>0x11abe</run_address>
         <size>0x39</size>
         <input_file_ref idref="fl-ec"/>
      </object_component>
      <object_component id="oc-399">
         <name>.debug_info</name>
         <load_address>0x11af7</load_address>
         <run_address>0x11af7</run_address>
         <size>0x2c</size>
         <input_file_ref idref="fl-ec"/>
      </object_component>
      <object_component id="oc-3a5">
         <name>.debug_info</name>
         <load_address>0x11b23</load_address>
         <run_address>0x11b23</run_address>
         <size>0x2f8</size>
         <input_file_ref idref="fl-ed"/>
      </object_component>
      <object_component id="oc-356">
         <name>.debug_info</name>
         <load_address>0x11e1b</load_address>
         <run_address>0x11e1b</run_address>
         <size>0x225</size>
         <input_file_ref idref="fl-ed"/>
      </object_component>
      <object_component id="oc-39f">
         <name>.debug_info</name>
         <load_address>0x12040</load_address>
         <run_address>0x12040</run_address>
         <size>0x161</size>
         <input_file_ref idref="fl-ee"/>
      </object_component>
      <object_component id="oc-36a">
         <name>.debug_info</name>
         <load_address>0x121a1</load_address>
         <run_address>0x121a1</run_address>
         <size>0x28f</size>
         <input_file_ref idref="fl-ef"/>
      </object_component>
      <object_component id="oc-2e0">
         <name>.debug_info</name>
         <load_address>0x12430</load_address>
         <run_address>0x12430</run_address>
         <size>0x15a</size>
         <input_file_ref idref="fl-ef"/>
      </object_component>
      <object_component id="oc-3aa">
         <name>.debug_info</name>
         <load_address>0x1258a</load_address>
         <run_address>0x1258a</run_address>
         <size>0x46</size>
         <input_file_ref idref="fl-ef"/>
      </object_component>
      <object_component id="oc-365">
         <name>.debug_info</name>
         <load_address>0x125d0</load_address>
         <run_address>0x125d0</run_address>
         <size>0x39</size>
         <input_file_ref idref="fl-ef"/>
      </object_component>
      <object_component id="oc-38b">
         <name>.debug_info</name>
         <load_address>0x12609</load_address>
         <run_address>0x12609</run_address>
         <size>0x115</size>
         <input_file_ref idref="fl-f0"/>
      </object_component>
      <object_component id="oc-216">
         <name>.debug_info</name>
         <load_address>0x1271e</load_address>
         <run_address>0x1271e</run_address>
         <size>0x3b7</size>
         <input_file_ref idref="fl-f1"/>
      </object_component>
      <object_component id="oc-20e">
         <name>.debug_info</name>
         <load_address>0x12ad5</load_address>
         <run_address>0x12ad5</run_address>
         <size>0x160</size>
         <input_file_ref idref="fl-f1"/>
      </object_component>
      <object_component id="oc-13f">
         <name>.debug_info</name>
         <load_address>0x12c35</load_address>
         <run_address>0x12c35</run_address>
         <size>0x2ca</size>
         <input_file_ref idref="fl-f1"/>
      </object_component>
      <object_component id="oc-19c">
         <name>.debug_info</name>
         <load_address>0x12eff</load_address>
         <run_address>0x12eff</run_address>
         <size>0x247</size>
         <input_file_ref idref="fl-f1"/>
      </object_component>
      <object_component id="oc-2ad">
         <name>.debug_info</name>
         <load_address>0x13146</load_address>
         <run_address>0x13146</run_address>
         <size>0x26b</size>
         <input_file_ref idref="fl-f1"/>
      </object_component>
      <object_component id="oc-2a6">
         <name>.debug_info</name>
         <load_address>0x133b1</load_address>
         <run_address>0x133b1</run_address>
         <size>0x297</size>
         <input_file_ref idref="fl-f1"/>
      </object_component>
      <object_component id="oc-211">
         <name>.debug_info</name>
         <load_address>0x13648</load_address>
         <run_address>0x13648</run_address>
         <size>0xbb</size>
         <input_file_ref idref="fl-f1"/>
      </object_component>
      <object_component id="oc-26c">
         <name>.debug_info</name>
         <load_address>0x13703</load_address>
         <run_address>0x13703</run_address>
         <size>0x21b</size>
         <input_file_ref idref="fl-f2"/>
      </object_component>
      <object_component id="oc-3fd">
         <name>.debug_info</name>
         <load_address>0x1391e</load_address>
         <run_address>0x1391e</run_address>
         <size>0x97</size>
      </object_component>
      <object_component id="oc-13c">
         <name>.debug_line</name>
         <load_address>0x0</load_address>
         <run_address>0x0</run_address>
         <size>0x69</size>
         <input_file_ref idref="fl-2"/>
      </object_component>
      <object_component id="oc-218">
         <name>.debug_line</name>
         <load_address>0x69</load_address>
         <run_address>0x69</run_address>
         <size>0x2e</size>
         <input_file_ref idref="fl-2"/>
      </object_component>
      <object_component id="oc-db">
         <name>.debug_line</name>
         <load_address>0x97</load_address>
         <run_address>0x97</run_address>
         <size>0x179</size>
         <input_file_ref idref="fl-2"/>
      </object_component>
      <object_component id="oc-7a">
         <name>.debug_line</name>
         <load_address>0x210</load_address>
         <run_address>0x210</run_address>
         <size>0x6f</size>
         <input_file_ref idref="fl-2"/>
      </object_component>
      <object_component id="oc-3c">
         <name>.debug_line</name>
         <load_address>0x27f</load_address>
         <run_address>0x27f</run_address>
         <size>0x20</size>
         <input_file_ref idref="fl-2"/>
      </object_component>
      <object_component id="oc-c3">
         <name>.debug_line</name>
         <load_address>0x29f</load_address>
         <run_address>0x29f</run_address>
         <size>0x73</size>
         <input_file_ref idref="fl-2"/>
      </object_component>
      <object_component id="oc-7f">
         <name>.debug_line</name>
         <load_address>0x312</load_address>
         <run_address>0x312</run_address>
         <size>0x70</size>
         <input_file_ref idref="fl-2"/>
      </object_component>
      <object_component id="oc-23c">
         <name>.debug_line</name>
         <load_address>0x382</load_address>
         <run_address>0x382</run_address>
         <size>0xc3</size>
         <input_file_ref idref="fl-4"/>
      </object_component>
      <object_component id="oc-14c">
         <name>.debug_line</name>
         <load_address>0x445</load_address>
         <run_address>0x445</run_address>
         <size>0x45</size>
         <input_file_ref idref="fl-4"/>
      </object_component>
      <object_component id="oc-e1">
         <name>.debug_line</name>
         <load_address>0x48a</load_address>
         <run_address>0x48a</run_address>
         <size>0x19b</size>
         <input_file_ref idref="fl-4"/>
      </object_component>
      <object_component id="oc-240">
         <name>.debug_line</name>
         <load_address>0x625</load_address>
         <run_address>0x625</run_address>
         <size>0x6a</size>
         <input_file_ref idref="fl-4"/>
      </object_component>
      <object_component id="oc-169">
         <name>.debug_line</name>
         <load_address>0x68f</load_address>
         <run_address>0x68f</run_address>
         <size>0x6b</size>
         <input_file_ref idref="fl-4"/>
      </object_component>
      <object_component id="oc-1eb">
         <name>.debug_line</name>
         <load_address>0x6fa</load_address>
         <run_address>0x6fa</run_address>
         <size>0x74</size>
         <input_file_ref idref="fl-4"/>
      </object_component>
      <object_component id="oc-1e2">
         <name>.debug_line</name>
         <load_address>0x76e</load_address>
         <run_address>0x76e</run_address>
         <size>0x8d</size>
         <input_file_ref idref="fl-5"/>
      </object_component>
      <object_component id="oc-a3">
         <name>.debug_line</name>
         <load_address>0x7fb</load_address>
         <run_address>0x7fb</run_address>
         <size>0x84</size>
         <input_file_ref idref="fl-5"/>
      </object_component>
[...]
      <symbol id="sm-1c6">
         <name>oi_setWheels</name>
         <value>0x88f</value>
         <object_component_ref idref="oc-e9"/>
      </symbol>
      <symbol id="sm-1c7">
         <name>oi_shutoff_init</name>
         <value>0xb51</value>
         <object_component_ref idref="oc-e9"/>
      </symbol>
      <symbol id="sm-1c8">
         <name>motor_cal_factor_L</name>
         <value>0x200022fc</value>
         <object_component_ref idref="oc-1a1"/>
      </symbol>
      <symbol id="sm-1c9">
         <name>motor_cal_factor_R</name>
         <value>0x20002300</value>
         <object_component_ref idref="oc-1a1"/>
      </symbol>
      <symbol id="sm-1ca">
         <name>oi_parseInt</name>
         <value>0x40b3</value>
         <object_component_ref idref="oc-194"/>
      </symbol>
      <symbol id="sm-1cb">
         <name>oi_setMotorCalibration</name>
         <value>0xdb1</value>
         <object_component_ref idref="oc-e9"/>
      </symbol>
      <symbol id="sm-1cc">
         <name>oi_uartSendStr</name>
         <value>0xa59</value>
         <object_component_ref idref="oc-e9"/>
      </symbol>
      <symbol id="sm-1cd">
         <name>oi_close</name>
         <value>0x2c7</value>
         <object_component_ref idref="oc-e9"/>
      </symbol>
      <symbol id="sm-1ce">
         <name>oi_uartSendBuff</name>
         <value>0xa77</value>
         <object_component_ref idref="oc-e9"/>
      </symbol>
      <symbol id="sm-1cf">
         <name>oi_checkFirmware</name>
         <value>0xaa9</value>
         <object_component_ref idref="oc-e9"/>
      </symbol>
      <symbol id="sm-1d0">
         <name>oi_init_noupdate</name>
         <value>0x289</value>
         <object_component_ref idref="oc-e9"/>
      </symbol>
      <symbol id="sm-1d1">
         <name>oi_uartSendChar</name>
         <value>0xa15</value>
         <object_component_ref idref="oc-e9"/>
      </symbol>
      <symbol id="sm-1d2">
         <name>oi_alloc</name>
         <value>0x26d</value>
         <object_component_ref idref="oc-e9"/>
      </symbol>
      <symbol id="sm-1d3">
         <name>oi_getMotorCalibrationLeft</name>
         <value>0xded</value>
         <object_component_ref idref="oc-e9"/>
      </symbol>
      <symbol id="sm-1d4">
         <name>oi_loadSong</name>
         <value>0x915</value>
         <object_component_ref idref="oc-e9"/>
      </symbol>
      <symbol id="sm-1d5">
         <name>oi_play_song</name>
         <value>0x96b</value>
         <object_component_ref idref="oc-e9"/>
      </symbol>
      <symbol id="sm-1d6">
         <name>oi_parsePacket</name>
         <value>0x32b</value>
         <object_component_ref idref="oc-e9"/>
      </symbol>
      <symbol id="sm-1d7">
         <name>oi_setLeds</name>
         <value>0x84b</value>
         <object_component_ref idref="oc-e9"/>
      </symbol>
      <symbol id="sm-1d8">
         <name>oi_init</name>
         <value>0x2b1</value>
         <object_component_ref idref="oc-e9"/>
      </symbol>
      <symbol id="sm-1d9">
         <name>oi_update</name>
         <value>0x2d9</value>
         <object_component_ref idref="oc-e9"/>
      </symbol>
      <symbol id="sm-1da">
         <name>oi_uartInit</name>
         <value>0x98d</value>
         <object_component_ref idref="oc-e9"/>
      </symbol>
      <symbol id="sm-1fe">
         <name>move_forward</name>
         <value>0x20d5</value>
         <object_component_ref idref="oc-f5"/>
      </symbol>
      <symbol id="sm-1ff">
         <name>turn_degrees_left</name>
         <value>0x225f</value>
         <object_component_ref idref="oc-f5"/>
      </symbol>
      <symbol id="sm-200">
         <name>move_backward</name>
         <value>0x2201</value>
         <object_component_ref idref="oc-f5"/>
      </symbol>
      <symbol id="sm-201">
         <name>turn_right</name>
         <value>0x219d</value>
         <object_component_ref idref="oc-f5"/>
      </symbol>
      <symbol id="sm-202">
         <name>turn_left</name>
         <value>0x2139</value>
         <object_component_ref idref="oc-f5"/>
      </symbol>
      <symbol id="sm-203">
         <name>turn_degrees_right</name>
         <value>0x22b9</value>
         <object_component_ref idref="oc-f5"/>
      </symbol>
      <symbol id="sm-21f">
         <name>ResetISR</name>
         <value>0x416d</value>
         <object_component_ref idref="oc-2a"/>
      </symbol>
      <symbol id="sm-220">
         <name>g_pfnVectors</name>
         <value>0x0</value>
         <object_component_ref idref="oc-12"/>
      </symbol>
      <symbol id="sm-249">
         <name>uart_sendChar</name>
         <value>0x2b7f</value>
         <object_component_ref idref="oc-ef"/>
      </symbol>
      <symbol id="sm-24a">
         <name>uart_init</name>
         <value>0x2aed</value>
         <object_component_ref idref="oc-ef"/>
      </symbol>
      <symbol id="sm-24b">
         <name>uart_receive_nonblocking</name>
         <value>0x2be9</value>
         <object_component_ref idref="oc-ef"/>
      </symbol>
      <symbol id="sm-24c">
         <name>uart_receive</name>
         <value>0x2b9b</value>
         <object_component_ref idref="oc-ef"/>
      </symbol>
      <symbol id="sm-24d">
         <name>uart_sendStr</name>
         <value>0x2bc1</value>
         <object_component_ref idref="oc-ef"/>
      </symbol>
      <symbol id="sm-289">
         <name>right_calibration_value</name>
         <value>0x200022f0</value>
      </symbol>
      <symbol id="sm-28a">
         <name>left_calibration_value</name>
         <value>0x200022e8</value>
      </symbol>
      <symbol id="sm-28b">
         <name>cyBOT_SERVO_cal</name>
         <value>0x1f4d</value>
         <object_component_ref idref="oc-e3"/>
      </symbol>
      <symbol id="sm-28c">
         <name>cyBOT_Scan</name>
         <value>0x1edb</value>
         <object_component_ref idref="oc-e3"/>
      </symbol>
      <symbol id="sm-28d">
         <name>cyBOT_scan_features</name>
         <value>0x2000232c</value>
         <object_component_ref idref="oc-17d"/>
      </symbol>
      <symbol id="sm-28e">
         <name>cyBOT_scan_version</name>
         <value>0x1e75</value>
         <object_component_ref idref="oc-e3"/>
      </symbol>
      <symbol id="sm-28f">
         <name>cyBOT_init_Scan</name>
         <value>0x1e83</value>
         <object_component_ref idref="oc-e3"/>
      </symbol>
      <symbol id="sm-2b6">
         <name>isr_int_value</name>
         <value>0x200022e4</value>
      </symbol>
      <symbol id="sm-2b7">
         <name>ir_enableInterrupt</name>
         <value>0x31eb</value>
         <object_component_ref idref="oc-177"/>
      </symbol>
      <symbol id="sm-2b8">
         <name>ir_getDistance</name>
         <value>0x31cd</value>
         <object_component_ref idref="oc-177"/>
      </symbol>
      <symbol id="sm-2b9">
         <name>ir_init</name>
         <value>0x313d</value>
         <object_component_ref idref="oc-177"/>
      </symbol>
      <symbol id="sm-2ba">
         <name>ADC0SS0_Handler</name>
         <value>0x31d5</value>
         <object_component_ref idref="oc-177"/>
      </symbol>
      <symbol id="sm-2bb">
         <name>ir_getValue</name>
         <value>0x31a5</value>
         <object_component_ref idref="oc-177"/>
      </symbol>
      <symbol id="sm-2ea">
         <name>risingEdge</name>
         <value>0x200022f4</value>
      </symbol>
      <symbol id="sm-2eb">
         <name>fallingEdge</name>
         <value>0x200022e0</value>
      </symbol>
      <symbol id="sm-2ec">
         <name>pulseLength</name>
         <value>0x200022ec</value>
      </symbol>
      <symbol id="sm-2ed">
         <name>isRisingEdge</name>
         <value>0x200022f8</value>
      </symbol>
      <symbol id="sm-2ee">
         <name>TIMER3B_Handler</name>
         <value>0x2669</value>
         <object_component_ref idref="oc-171"/>
      </symbol>
      <symbol id="sm-2ef">
         <name>ping_init</name>
         <value>0x2579</value>
         <object_component_ref idref="oc-171"/>
      </symbol>
      <symbol id="sm-2f0">
         <name>ping_getDistance</name>
         <value>0x26bb</value>
         <object_component_ref idref="oc-171"/>
      </symbol>
      <symbol id="sm-2f1">
         <name>ping_trigger</name>
         <value>0x25ff</value>
         <object_component_ref idref="oc-171"/>
      </symbol>
      <symbol id="sm-313">
         <name>servo_move</name>
         <value>0x2cdd</value>
         <object_component_ref idref="oc-16b"/>
      </symbol>
      <symbol id="sm-314">
         <name>servo_init</name>
         <value>0x2c4d</value>
         <object_component_ref idref="oc-16b"/>
      </symbol>
      <symbol id="sm-315">
         <name>servo_stop</name>
         <value>0x2cd1</value>
         <object_component_ref idref="oc-16b"/>
      </symbol>
      <symbol id="sm-316">
         <name>servo_setPWM</name>
         <value>0x2d3d</value>
         <object_component_ref idref="oc-16b"/>
      </symbol>
      <symbol id="sm-345">
         <name>vsnprintf</name>
         <value>0x3e4d</value>
         <object_component_ref idref="oc-14f"/>
      </symbol>
      <symbol id="sm-35c">
         <name>__aeabi_dsub</name>
         <value>0x2935</value>
         <object_component_ref idref="oc-1b3"/>
      </symbol>
      <symbol id="sm-35d">
         <name>__aeabi_dadd</name>
         <value>0x293f</value>
         <object_component_ref idref="oc-1b3"/>
      </symbol>
      <symbol id="sm-37f">
         <name>__aeabi_cdcmpeq</name>
         <value>0x38d9</value>
         <object_component_ref idref="oc-1d5"/>
      </symbol>
      <symbol id="sm-380">
         <name>__aeabi_cdcmple</name>
         <value>0x38d9</value>
         <object_component_ref idref="oc-1d5"/>
      </symbol>
      <symbol id="sm-381">
         <name>__aeabi_cdrcmple</name>
         <value>0x395f</value>
         <object_component_ref idref="oc-1da"/>
      </symbol>
      <symbol id="sm-395">
         <name>__aeabi_ddiv</name>
         <value>0x2ee1</value>
         <object_component_ref idref="oc-1a9"/>
      </symbol>
      <symbol id="sm-3a0">
         <name>__aeabi_dmul</name>
         <value>0x3465</value>
         <object_component_ref idref="oc-1a4"/>
      </symbol>
      <symbol id="sm-3ac">
         <name>__aeabi_d2f</name>
         <value>0x3b3f</value>
         <object_component_ref idref="oc-1bb"/>
      </symbol>
      <symbol id="sm-3b7">
         <name>__aeabi_f2d</name>
         <value>0x3f05</value>
         <object_component_ref idref="oc-1c0"/>
      </symbol>
      <symbol id="sm-3c1">
         <name>__aeabi_i2d</name>
         <value>0x3fd5</value>
         <object_component_ref idref="oc-1ae"/>
      </symbol>
      <symbol id="sm-3dc">
         <name>memcpy</name>
         <value>0x37a7</value>
         <object_component_ref idref="oc-3e"/>
      </symbol>
      <symbol id="sm-3dd">
         <name>__aeabi_memcpy</name>
         <value>0x37a7</value>
         <object_component_ref idref="oc-3e"/>
      </symbol>
      <symbol id="sm-3de">
         <name>__aeabi_memcpy8</name>
         <value>0x37a7</value>
         <object_component_ref idref="oc-3e"/>
      </symbol>
      <symbol id="sm-3df">
         <name>__aeabi_memcpy4</name>
         <value>0x37a7</value>
         <object_component_ref idref="oc-3e"/>
      </symbol>
      <symbol id="sm-3f8">
         <name>__TI_zero_init_nomemset</name>
         <value>0x402d</value>
         <object_component_ref idref="oc-4a"/>
      </symbol>
      <symbol id="sm-40f">
         <name>__TI_decompress_none</name>
         <value>0x4153</value>
         <object_component_ref idref="oc-1b"/>
      </symbol>
      <symbol id="sm-432">
         <name>__TI_decompress_lzss</name>
         <value>0x3bad</value>
         <object_component_ref idref="oc-15"/>
      </symbol>
      <symbol id="sm-4c7">
         <name>_sys_memory</name>
         <value>0x20001270</value>
         <object_component_ref idref="oc-24"/>
      </symbol>
      <symbol id="sm-4c8">
         <name>free</name>
         <value>0x3561</value>
         <object_component_ref idref="oc-18e"/>
      </symbol>
      <symbol id="sm-4c9">
         <name>memalign</name>
         <value>0x3365</value>
         <object_component_ref idref="oc-300"/>
      </symbol>
      <symbol id="sm-4ca">
         <name>calloc</name>
         <value>0x3ecd</value>
         <object_component_ref idref="oc-188"/>
      </symbol>
      <symbol id="sm-4cb">
         <name>malloc</name>
         <value>0x4181</value>
         <object_component_ref idref="oc-254"/>
      </symbol>
      <symbol id="sm-4cc">
         <name>aligned_alloc</name>
         <value>0x3365</value>
         <object_component_ref idref="oc-300"/>
      </symbol>
      <symbol id="sm-4db">
         <name>strcmp</name>
         <value>0x40cb</value>
         <object_component_ref idref="oc-155"/>
      </symbol>
      <symbol id="sm-4e9">
         <name>strcpy</name>
         <value>0x40f9</value>
         <object_component_ref idref="oc-15b"/>
      </symbol>
      <symbol id="sm-4f7">
         <name>strlen</name>
         <value>0x410d</value>
         <object_component_ref idref="oc-1cd"/>
      </symbol>
      <symbol id="sm-50a">
         <name>__stack</name>
         <value>0x20000270</value>
         <object_component_ref idref="oc-27"/>
      </symbol>
      <symbol id="sm-50b">
         <name>_c_int00_noargs</name>
         <value>0x3f71</value>
         <object_component_ref idref="oc-5c"/>
      </symbol>
      <symbol id="sm-670">
         <name>__TI_printfi</name>
         <value>0xe8d</value>
         <object_component_ref idref="oc-219"/>
      </symbol>
      <symbol id="sm-67a">
         <name>__aeabi_d2iz</name>
         <value>0x3dc1</value>
         <object_component_ref idref="oc-329"/>
      </symbol>
      <symbol id="sm-689">
         <name>__aeabi_memset</name>
         <value>0x39e7</value>
         <object_component_ref idref="oc-96"/>
      </symbol>
      <symbol id="sm-68a">
         <name>memset</name>
         <value>0x39ed</value>
         <object_component_ref idref="oc-96"/>
      </symbol>
      <symbol id="sm-68b">
         <name>__aeabi_memset8</name>
         <value>0x39e7</value>
         <object_component_ref idref="oc-96"/>
      </symbol>
      <symbol id="sm-68c">
         <name>__aeabi_memset4</name>
         <value>0x39e7</value>
         <object_component_ref idref="oc-96"/>
      </symbol>
      <symbol id="sm-68d">
         <name>__aeabi_memclr8</name>
         <value>0x39e5</value>
         <object_component_ref idref="oc-96"/>
      </symbol>
      <symbol id="sm-68e">
         <name>__aeabi_memclr4</name>
         <value>0x39e5</value>
         <object_component_ref idref="oc-96"/>
      </symbol>
      <symbol id="sm-68f">
         <name>__aeabi_memclr</name>
         <value>0x39e5</value>
         <object_component_ref idref="oc-96"/>
      </symbol>
      <symbol id="sm-69c">
         <name>__aeabi_uldivmod</name>
         <value>0x3843</value>
         <object_component_ref idref="oc-323"/>
      </symbol>
      <symbol id="sm-6c4">
         <name>__TI_auto_init_nobinit_nopinit</name>
         <value>0x3e09</value>
         <object_component_ref idref="oc-109"/>
      </symbol>
      <symbol id="sm-6ce">
         <name>_system_pre_init</name>
         <value>0x4189</value>
         <object_component_ref idref="oc-9c"/>
      </symbol>
      <symbol id="sm-6da">
         <name>C$$EXIT</name>
         <value>0x418d</value>
         <object_component_ref idref="oc-fd"/>
      </symbol>
      <symbol id="sm-6db">
         <name>abort</name>
         <value>0x418d</value>
         <object_component_ref idref="oc-fd"/>
      </symbol>
      <symbol id="sm-6f0">
         <name>_nop</name>
         <value>0x18db</value>
         <object_component_ref idref="oc-285"/>
      </symbol>
      <symbol id="sm-6f1">
         <name>_lock</name>
         <value>0x2000231c</value>
         <object_component_ref idref="oc-1f1"/>
      </symbol>
      <symbol id="sm-6f2">
         <name>_unlock</name>
         <value>0x20002320</value>
         <object_component_ref idref="oc-1f1"/>
      </symbol>
      <symbol id="sm-701">
         <name>__TI_ltoa</name>
         <value>0x3ccf</value>
         <object_component_ref idref="oc-32e"/>
      </symbol>
      <symbol id="sm-718">
         <name>atoi</name>
         <value>0x3d75</value>
         <object_component_ref idref="oc-2b2"/>
      </symbol>
      <symbol id="sm-723">
         <name>_ctypes_</name>
         <value>0x4190</value>
         <object_component_ref idref="oc-31e"/>
      </symbol>
      <symbol id="sm-733">
         <name>memccpy</name>
         <value>0x4065</value>
         <object_component_ref idref="oc-2d6"/>
      </symbol>
      <symbol id="sm-743">
         <name>strchr</name>
         <value>0x40e3</value>
         <object_component_ref idref="oc-35b"/>
      </symbol>
      <symbol id="sm-759">
         <name>__aeabi_errno_addr</name>
         <value>0x4179</value>
         <object_component_ref idref="oc-2e2"/>
      </symbol>
      <symbol id="sm-75a">
         <name>errno</name>
         <value>0x20002330</value>
         <object_component_ref idref="oc-36b"/>
      </symbol>
      <symbol id="sm-77a">
         <name>frexpl</name>
         <value>0x3c15</value>
         <object_component_ref idref="oc-34f"/>
      </symbol>
      <symbol id="sm-77b">
         <name>frexp</name>
         <value>0x3c15</value>
         <object_component_ref idref="oc-34f"/>
      </symbol>
      <symbol id="sm-798">
         <name>scalbn</name>
         <value>0x3255</value>
         <object_component_ref idref="oc-355"/>
      </symbol>
      <symbol id="sm-799">
         <name>scalbnl</name>
         <value>0x3255</value>
         <object_component_ref idref="oc-355"/>
      </symbol>
      <symbol id="sm-79a">
         <name>ldexpl</name>
         <value>0x3255</value>
         <object_component_ref idref="oc-355"/>
      </symbol>
      <symbol id="sm-79b">
         <name>ldexp</name>
         <value>0x3255</value>
         <object_component_ref idref="oc-355"/>
      </symbol>
      <symbol id="sm-7a5">
         <name>copysign</name>
         <value>0x4081</value>
         <object_component_ref idref="oc-39e"/>
      </symbol>
      <symbol id="sm-7a6">
         <name>copysignl</name>
         <value>0x4081</value>
         <object_component_ref idref="oc-39e"/>
      </symbol>
      <symbol id="sm-7bf">
         <name>wcslen</name>
         <value>0x4121</value>
         <object_component_ref idref="oc-2dc"/>
      </symbol>
      <symbol id="sm-7c9">
         <name>__aeabi_idiv0</name>
         <value>0x2aeb</value>
         <object_component_ref idref="oc-38a"/>
      </symbol>
      <symbol id="sm-7ca">
         <name>__aeabi_ldiv0</name>
         <value>0x2aeb</value>
         <object_component_ref idref="oc-38a"/>
      </symbol>
      <symbol id="sm-7f9">
         <name>IntRegister</name>
         <value>0x3f3d</value>
         <object_component_ref idref="oc-13d"/>
      </symbol>
      <symbol id="sm-7fa">
         <name>g_pfnRAMVectors</name>
         <value>0x20000000</value>
         <object_component_ref idref="oc-20d"/>
      </symbol>
      <symbol id="sm-7fb">
         <name>IntMasterEnable</name>
         <value>0x4133</value>
         <object_component_ref idref="oc-19b"/>
      </symbol>
      <symbol id="sm-805">
         <name>CPUcpsie</name>
         <value>0x4161</value>
         <object_component_ref idref="oc-268"/>
      </symbol>
      <symbol id="sm-806">
         <name>__TI_static_base__</name>
         <value>0x0</value>
      </symbol>
      <symbol id="sm-809">
         <name>__mpu_init</name>
         <value>0x0</value>
      </symbol>
      <symbol id="sm-80a">
         <name>_system_post_cinit</name>
         <value>0x0</value>
      </symbol>
   </symbol_table>
   <title>Link successful</title>
</link_info>
