******************************************************************************
                  TI ARM Linker PC v20.2.6                     
******************************************************************************
>> Linked Tue Apr 25 17:09:57 2023

OUTPUT FILE NAME:   <manualMovement.out>
ENTRY POINT SYMBOL: "_c_int00_noargs"  address: 00003f71


MEMORY CONFIGURATION

         name            origin    length      used     unused   attr    fill
----------------------  --------  ---------  --------  --------  ----  --------
  FLASH                 00000000   00040000  000042f8  0003bd08  R  X
  SRAM                  20000000   00008000  0000232e  00005cd2  RW X


SEGMENT ALLOCATION MAP

run origin  load origin   length   init length attrs members
----------  ----------- ---------- ----------- ----- -------
00000000    00000000    000042f8   000042f8    r-x
  00000000    00000000    0000026c   0000026c    r-- .intvecs
  0000026c    0000026c    00003f24   00003f24    r-x .text
  00004190    00004190    00000118   00000118    r-- .const
  000042a8    000042a8    00000050   00000050    r-- .cinit
20000000    20000000    00002335   00000000    rw-
  20000000    20000000    0000026c   00000000    rw- .vtable
  20000270    20000270    00001000   00000000    rw- .stack
  20001270    20001270    00001000   00000000    rw- .sysmem
  20002270    20002270    00000089   00000000    rw- .bss
  200022fc    200022fc    00000039   00000000    rw- .data


SECTION ALLOCATION MAP

 output                                  attributes/
section   page    origin      length       input sections
--------  ----  ----------  ----------   ----------------
.intvecs   0    00000000    0000026c     
                  00000000    0000026c     tm4c123gh6pm_startup_ccs.obj (.intvecs)

.text      0    0000026c    00003f24     
                  0000026c    00000c20     open_interface.obj (.text)
                  00000e8c    00000a4e     rtsv7M4_T_le_v4SPD16_eabi.lib : _printfi.c.obj (.text:__TI_printfi)
                  000018da    00000002                                   : _lock.c.obj (.text:_nop)
                  000018dc    00000328     lcd.obj (.text)
                  00001c04    00000270     rtsv7M4_T_le_v4SPD16_eabi.lib : _printfi.c.obj (.text:_pconv_a)
                  00001e74    00000260     libcybotScan.lib : cyBot_Scan.obj (.text)
                  000020d4    0000025c     smooth_movement.obj (.text)
                  00002330    00000248     Timer.obj (.text)
                  00002578    000001ec     libcybotScan.lib : ping.obj (.text)
                  00002764    000001d0     rtsv7M4_T_le_v4SPD16_eabi.lib : _printfi.c.obj (.text:_pconv_g)
                  00002934    000001b6                                   : fd_add_t2.asm.obj (.text)
                  00002aea    00000002                                   : div0.asm.obj (.text)
                  00002aec    00000160     uart.obj (.text)
                  00002c4c    00000158     libcybotScan.lib : servo.obj (.text)
                  00002da4    0000013c     rtsv7M4_T_le_v4SPD16_eabi.lib : _printfi.c.obj (.text:_pconv_e)
                  00002ee0    00000136                                   : fd_div_t2.asm.obj (.text)
                  00003016    00000002     --HOLE-- [fill = 0]
                  00003018    00000124                                   : _printfi.c.obj (.text:fcvt)
                  0000313c    00000118     libcybotScan.lib : ir.obj (.text)
                  00003254    00000110     rtsv7M4_T_le_v4SPD16_eabi.lib : s_scalbn.c.obj (.text:scalbn)
                  00003364    00000100                                   : memory.c.obj (.text:aligned_alloc)
                  00003464    000000fc                                   : fd_mul_t2.asm.obj (.text)
                  00003560    000000e4                                   : memory.c.obj (.text:free)
                  00003644    000000b1                                   : _printfi.c.obj (.text:_ltostr)
                  000036f5    00000001     --HOLE-- [fill = 0]
                  000036f6    000000b0     manualMovement.obj (.text)
                  000037a6    0000009c     rtsv7M4_T_le_v4SPD16_eabi.lib : memcpy_t2.asm.obj (.text)
                  00003842    00000096                                   : ull_div_t2.asm.obj (.text)
                  000038d8    00000086                                   : fd_cmp_t2.asm.obj (.text:__aeabi_cdcmple)
                  0000395e    00000086                                   : fd_cmp_t2.asm.obj (.text:__aeabi_cdrcmple)
                  000039e4    0000007a                                   : memset_t2.asm.obj (.text)
                  00003a5e    00000002     --HOLE-- [fill = 0]
                  00003a60    00000070                                   : memory.c.obj (.text:split)
                  00003ad0    0000006e                                   : _printfi.c.obj (.text:_mcpy)
                  00003b3e    0000006e                                   : fd_tos_t2.asm.obj (.text)
                  00003bac    00000068                                   : copy_decompress_lzss.c.obj (.text:decompress:lzss:__TI_decompress_lzss)
                  00003c14    00000064                                   : s_frexp.c.obj (.text:frexp)
                  00003c78    00000056                                   : _printfi.c.obj (.text:_pconv_f)
                  00003cce    00000054                                   : _ltoa.c.obj (.text:__TI_ltoa)
                  00003d22    00000052                                   : _printfi.c.obj (.text:_ecpy)
                  00003d74    0000004c                                   : atoi.c.obj (.text:atoi)
                  00003dc0    00000048                                   : fd_toi_t2.asm.obj (.text)
                  00003e08    00000044                                   : autoinit.c.obj (.text:__TI_auto_init_nobinit_nopinit:__TI_auto_init_nobinit_nopinit)
                  00003e4c    00000040                                   : vsnprintf.c.obj (.text:vsnprintf)
                  00003e8c    0000003e                                   : _printfi.c.obj (.text:_fcpy)
                  00003eca    00000002     --HOLE-- [fill = 0]
                  00003ecc    00000038                                   : memory.c.obj (.text:calloc)
                  00003f04    00000038                                   : fs_tod_t2.asm.obj (.text)
                  00003f3c    00000034     driverlib.lib : interrupt.obj (.text:IntRegister)
                  00003f70    00000034     rtsv7M4_T_le_v4SPD16_eabi.lib : boot_cortex_m.c.obj (.text:_c_int00_noargs:_c_int00_noargs)
                  00003fa4    00000030                                   : vsnprintf.c.obj (.text:_outs)
                  00003fd4    0000002e                                   : i_tofd_t2.asm.obj (.text)
                  00004002    00000002     --HOLE-- [fill = 0]
                  00004004    00000028                                   : memory.c.obj (.text:free_list_insert)
                  0000402c    0000001c                                   : copy_zero_init.c.obj (.text:decompress:ZI:__TI_zero_init_nomemset:__TI_zero_init_nomemset)
                  00004048    0000001c                                   : memory.c.obj (.text:free_list_remove)
                  00004064    0000001c                                   : memccpy.c.obj (.text:memccpy)
                  00004080    0000001a                                   : s_copysign.c.obj (.text:copysign)
                  0000409a    00000018                                   : vsnprintf.c.obj (.text:_outc)
                  000040b2    00000018     open_interface.obj (.text:oi_parseInt)
                  000040ca    00000018     rtsv7M4_T_le_v4SPD16_eabi.lib : strcmp.c.obj (.text:strcmp)
                  000040e2    00000016                                   : strchr.c.obj (.text:strchr)
                  000040f8    00000014                                   : strcpy.c.obj (.text:strcpy)
                  0000410c    00000014                                   : strlen.c.obj (.text:strlen)
                  00004120    00000012                                   : wcslen.c.obj (.text:wcslen)
                  00004132    00000010     driverlib.lib : interrupt.obj (.text:IntMasterEnable)
                  00004142    00000010     lcd.obj (.text:lcd_clear)
                  00004152    0000000e     rtsv7M4_T_le_v4SPD16_eabi.lib : copy_decompress_none.c.obj (.text:decompress:none:__TI_decompress_none)
                  00004160    0000000c     driverlib.lib : cpu.obj (.text:CPUcpsie)
                  0000416c    0000000c     tm4c123gh6pm_startup_ccs.obj (.text)
                  00004178    00000008     rtsv7M4_T_le_v4SPD16_eabi.lib : errno.c.obj (.text:__aeabi_errno_addr)
                  00004180    00000008                                   : memory.c.obj (.text:malloc)
                  00004188    00000004                                   : pre_init.c.obj (.text:_system_pre_init)
                  0000418c    00000004                                   : exit.c.obj (.text:abort:abort)

.const     0    00004190    00000118     
                  00004190    00000101     rtsv7M4_T_le_v4SPD16_eabi.lib : ctype.c.obj (.const:.string:_ctypes_)
                  00004291    0000000f     open_interface.obj (.const:.string:$P$T0$3)
                  000042a0    00000004     lcd.obj (.const:.string:lineAddress$1)
                  000042a4    00000004     lcd.obj (.const:.string:lineAddresses$2)

.cinit     0    000042a8    00000050     
                  000042a8    00000018     (.cinit..data.load) [load image, compression = lzss]
                  000042c0    0000000c     (__TI_handler_table)
                  000042cc    00000004     --HOLE-- [fill = 0]
                  000042d0    00000008     (.cinit..bss.load) [load image, compression = zero_init]
                  000042d8    00000008     (.cinit..vtable.load) [load image, compression = zero_init]
                  000042e0    00000018     (__TI_cinit_table)

.init_array 
*          0    00000000    00000000     UNINITIALIZED

.vtable    0    20000000    0000026c     UNINITIALIZED
                  20000000    0000026c     driverlib.lib : interrupt.obj (.vtable)

.stack     0    20000270    00001000     UNINITIALIZED
                  20000270    00000004     rtsv7M4_T_le_v4SPD16_eabi.lib : boot_cortex_m.c.obj (.stack)
                  20000274    00000ffc     --HOLE--

.sysmem    0    20001270    00001000     UNINITIALIZED
                  20001270    00000010     rtsv7M4_T_le_v4SPD16_eabi.lib : memory.c.obj (.sysmem)
                  20001280    00000ff0     --HOLE--

.bss       0    20002270    00000089     UNINITIALIZED
                  20002270    00000054     lcd.obj (.bss:lastbuffer$3)
                  200022c4    00000018     open_interface.obj (.bss:firmware$2)
                  200022dc    00000004     (.common:_timeout_ticks)
                  200022e0    00000004     (.common:fallingEdge)
                  200022e4    00000004     (.common:isr_int_value)
                  200022e8    00000004     (.common:left_calibration_value)
                  200022ec    00000004     (.common:pulseLength)
                  200022f0    00000004     (.common:right_calibration_value)
                  200022f4    00000004     (.common:risingEdge)
                  200022f8    00000001     (.common:isRisingEdge)

.data      0    200022fc    00000039     UNINITIALIZED
                  200022fc    00000020     open_interface.obj (.data)
                  2000231c    00000008     rtsv7M4_T_le_v4SPD16_eabi.lib : _lock.c.obj (.data:$O1$$)
                  20002324    00000008                                   : memory.c.obj (.data:$O1$$)
                  2000232c    00000004     libcybotScan.lib : cyBot_Scan.obj (.data)
                  20002330    00000004     rtsv7M4_T_le_v4SPD16_eabi.lib : errno.c.obj (.data)
                  20002334    00000001     Timer.obj (.data)

__llvm_prf_cnts 
*          0    20000000    00000000     UNINITIALIZED

MODULE SUMMARY

       Module                         code    ro data   rw data
       ------                         ----    -------   -------
    .\
       open_interface.obj             3128    15        56     
       lcd.obj                        824     8         84     
       tm4c123gh6pm_startup_ccs.obj   12      620       0      
       smooth_movement.obj            604     0         0      
       Timer.obj                      584     0         5      
       uart.obj                       352     0         0      
       manualMovement.obj             176     0         0      
    +--+------------------------------+-------+---------+---------+
       Total:                         5680    643       145    
                                                               
    ../libcybotScan.lib
       cyBot_Scan.obj                 608     0         12     
       ping.obj                       492     0         13     
       servo.obj                      344     0         0      
       ir.obj                         280     0         4      
    +--+------------------------------+-------+---------+---------+
       Total:                         1724    0         29     
                                                               
    C:/ti/TivaWare_C_Series-2.2.0.295/driverlib/ccs/Debug/driverlib.lib
       interrupt.obj                  68      0         620    
       cpu.obj                        12      0         0      
    +--+------------------------------+-------+---------+---------+
       Total:                         80      0         620    
                                                               
    C:\ti\ccs1200\ccs\tools\compiler\ti-cgt-arm_20.2.6.LTS\lib\rtsv7M4_T_le_v4SPD16_eabi.lib
       _printfi.c.obj                 4851    0         0      
       memory.c.obj                   728     0         8      
       fd_add_t2.asm.obj              438     0         0      
       fd_div_t2.asm.obj              310     0         0      
       s_scalbn.c.obj                 272     0         0      
       fd_cmp_t2.asm.obj              268     0         0      
       ctype.c.obj                    0       257       0      
       fd_mul_t2.asm.obj              252     0         0      
       memcpy_t2.asm.obj              156     0         0      
       ull_div_t2.asm.obj             150     0         0      
       vsnprintf.c.obj                136     0         0      
       memset_t2.asm.obj              122     0         0      
       fd_tos_t2.asm.obj              110     0         0      
       copy_decompress_lzss.c.obj     104     0         0      
       s_frexp.c.obj                  100     0         0      
       _ltoa.c.obj                    84      0         0      
       atoi.c.obj                     76      0         0      
       fd_toi_t2.asm.obj              72      0         0      
       autoinit.c.obj                 68      0         0      
       fs_tod_t2.asm.obj              56      0         0      
       boot_cortex_m.c.obj            52      0         0      
       i_tofd_t2.asm.obj              46      0         0      
       copy_zero_init.c.obj           28      0         0      
       memccpy.c.obj                  28      0         0      
       s_copysign.c.obj               26      0         0      
       strcmp.c.obj                   24      0         0      
       strchr.c.obj                   22      0         0      
       strcpy.c.obj                   20      0         0      
       strlen.c.obj                   20      0         0      
       wcslen.c.obj                   18      0         0      
       copy_decompress_none.c.obj     14      0         0      
       errno.c.obj                    8       0         4      
       _lock.c.obj                    2       0         8      
       exit.c.obj                     4       0         0      
       pre_init.c.obj                 4       0         0      
       div0.asm.obj                   2       0         0      
    +--+------------------------------+-------+---------+---------+
       Total:                         8671    257       20     
                                                               
       Heap:                          0       0         4096   
       Stack:                         0       0         4096   
       Linker Generated:              0       76        0      
    +--+------------------------------+-------+---------+---------+
       Grand Total:                   16155   976       9006   


LINKER GENERATED COPY TABLES

__TI_cinit_table @ 000042e0 records: 3, size/record: 8, table size: 24
	.data: load addr=000042a8, load size=00000018 bytes, run addr=200022fc, run size=00000039 bytes, compression=lzss
	.bss: load addr=000042d0, load size=00000008 bytes, run addr=20002270, run size=00000089 bytes, compression=zero_init
	.vtable: load addr=000042d8, load size=00000008 bytes, run addr=20000000, run size=0000026c bytes, compression=zero_init


LINKER GENERATED HANDLER TABLE

__TI_handler_table @ 000042c0 records: 3, size/record: 4, table size: 12
	index: 0, handler: __TI_zero_init
	index: 1, handler: __TI_decompress_lzss
	index: 2, handler: __TI_decompress_none


GLOBAL SYMBOLS: SORTED ALPHABETICALLY BY Name 

address   name                          
-------   ----                          
000031d5  ADC0SS0_Handler               
0000418d  C$$EXIT                       
00004161  CPUcpsie                      
00000bc3  GPIOF_Handler                 
00004133  IntMasterEnable               
00003f3d  IntRegister                   
0000416d  ResetISR                      
00002669  TIMER3B_Handler               
20001270  __STACK_END                   
00001000  __STACK_SIZE                  
20000470  __STACK_TOP                   
00001000  __SYSMEM_SIZE                 
000042e0  __TI_CINIT_Base               
000042f8  __TI_CINIT_Limit              
000042c0  __TI_Handler_Table_Base       
000042cc  __TI_Handler_Table_Limit      
00003e09  __TI_auto_init_nobinit_nopinit
00003bad  __TI_decompress_lzss          
00004153  __TI_decompress_none          
00003ccf  __TI_ltoa                     
ffffffff  __TI_pprof_out_hndl           
00000e8d  __TI_printfi                  
ffffffff  __TI_prof_data_size           
ffffffff  __TI_prof_data_start          
00000000  __TI_static_base__            
0000402d  __TI_zero_init_nomemset       
000038d9  __aeabi_cdcmpeq               
000038d9  __aeabi_cdcmple               
0000395f  __aeabi_cdrcmple              
00003b3f  __aeabi_d2f                   
00003dc1  __aeabi_d2iz                  
0000293f  __aeabi_dadd                  
00002ee1  __aeabi_ddiv                  
00003465  __aeabi_dmul                  
00002935  __aeabi_dsub                  
00004179  __aeabi_errno_addr            
00003f05  __aeabi_f2d                   
00003fd5  __aeabi_i2d                   
00002aeb  __aeabi_idiv0                 
00002aeb  __aeabi_ldiv0                 
000039e5  __aeabi_memclr                
000039e5  __aeabi_memclr4               
000039e5  __aeabi_memclr8               
000037a7  __aeabi_memcpy                
000037a7  __aeabi_memcpy4               
000037a7  __aeabi_memcpy8               
000039e7  __aeabi_memset                
000039e7  __aeabi_memset4               
000039e7  __aeabi_memset8               
00003843  __aeabi_uldivmod              
ffffffff  __binit__                     
ffffffff  __c_args__                    
UNDEFED   __mpu_init                    
20000270  __stack                       
20000000  __start___llvm_prf_cnts       
20000000  __stop___llvm_prf_cnts        
00003f71  _c_int00_noargs               
00004190  _ctypes_                      
2000231c  _lock                         
000018db  _nop                          
20002334  _running                      
20001270  _sys_memory                   
UNDEFED   _system_post_cinit            
00004189  _system_pre_init              
200022dc  _timeout_ticks                
20002320  _unlock                       
0000418d  abort                         
00003365  aligned_alloc                 
00003d75  atoi                          
ffffffff  binit                         
00003ecd  calloc                        
00004081  copysign                      
00004081  copysignl                     
00001f4d  cyBOT_SERVO_cal               
00001edb  cyBOT_Scan                    
00001e83  cyBOT_init_Scan               
2000232c  cyBOT_scan_features           
00001e75  cyBOT_scan_version            
20002330  errno                         
200022e0  fallingEdge                   
00003561  free                          
00003c15  frexp                         
00003c15  frexpl                        
20000000  g_pfnRAMVectors               
00000000  g_pfnVectors                  
0000097f  go_charge                     
000031eb  ir_enableInterrupt            
000031cd  ir_getDistance                
000031a5  ir_getValue                   
0000313d  ir_init                       
200022f8  isRisingEdge                  
200022e4  isr_int_value                 
00004143  lcd_clear                     
00001ab1  lcd_gotoLine                  
00001919  lcd_init                      
00001b17  lcd_printf                    
000019d9  lcd_putc                      
00001a11  lcd_puts                      
000018dd  lcd_reverseNibble             
00001a2f  lcd_sendCommand               
00001a6d  lcd_sendNibble                
00001ad9  lcd_setCursorPos              
00003255  ldexp                         
00003255  ldexpl                        
200022e8  left_calibration_value        
000036f7  main                          
00004181  malloc                        
00003365  memalign                      
00004065  memccpy                       
000037a7  memcpy                        
000039ed  memset                        
200022fc  motor_cal_factor_L            
20002300  motor_cal_factor_R            
00002201  move_backward                 
000020d5  move_forward                  
0000026d  oi_alloc                      
00000aa9  oi_checkFirmware              
000002c7  oi_close                      
00000279  oi_free                       
00000ded  oi_getMotorCalibrationLeft    
00000e01  oi_getMotorCalibrationRight   
000002b1  oi_init                       
00000289  oi_init_noupdate              
00000915  oi_loadSong                   
000040b3  oi_parseInt                   
0000032b  oi_parsePacket                
0000096b  oi_play_song                  
0000084b  oi_setLeds                    
00000db1  oi_setMotorCalibration        
0000088f  oi_setWheels                  
00000b51  oi_shutoff_init               
0000098d  oi_uartInit                   
00000a31  oi_uartReceive                
00000a77  oi_uartSendBuff               
00000a15  oi_uartSendChar               
00000a59  oi_uartSendStr                
000002d9  oi_update                     
000026bb  ping_getDistance              
00002579  ping_init                     
000025ff  ping_trigger                  
200022ec  pulseLength                   
200022f0  right_calibration_value       
200022f4  risingEdge                    
00003255  scalbn                        
00003255  scalbnl                       
00002c4d  servo_init                    
00002cdd  servo_move                    
00002d3d  servo_setPWM                  
00002cd1  servo_stop                    
000040e3  strchr                        
000040cb  strcmp                        
000040f9  strcpy                        
0000410d  strlen                        
0000244f  timer_getMicros               
000023f7  timer_getMillis               
00002331  timer_init                    
000023d3  timer_pause                   
000023e5  timer_resume                  
000023a9  timer_stop                    
000024a9  timer_waitMicros              
000024db  timer_waitMillis              
0000225f  turn_degrees_left             
000022b9  turn_degrees_right            
00002139  turn_left                     
0000219d  turn_right                    
00002aed  uart_init                     
00002b9b  uart_receive                  
00002be9  uart_receive_nonblocking      
00002b7f  uart_sendChar                 
00002bc1  uart_sendStr                  
00003e4d  vsnprintf                     
00004121  wcslen                        


GLOBAL SYMBOLS: SORTED BY Symbol Address 

address   name                          
-------   ----                          
00000000  __TI_static_base__            
00000000  g_pfnVectors                  
0000026d  oi_alloc                      
00000279  oi_free                       
00000289  oi_init_noupdate              
000002b1  oi_init                       
000002c7  oi_close                      
000002d9  oi_update                     
0000032b  oi_parsePacket                
0000084b  oi_setLeds                    
0000088f  oi_setWheels                  
00000915  oi_loadSong                   
0000096b  oi_play_song                  
0000097f  go_charge                     
0000098d  oi_uartInit                   
00000a15  oi_uartSendChar               
00000a31  oi_uartReceive                
00000a59  oi_uartSendStr                
00000a77  oi_uartSendBuff               
00000aa9  oi_checkFirmware              
00000b51  oi_shutoff_init               
00000bc3  GPIOF_Handler                 
00000db1  oi_setMotorCalibration        
00000ded  oi_getMotorCalibrationLeft    
00000e01  oi_getMotorCalibrationRight   
00000e8d  __TI_printfi                  
00001000  __STACK_SIZE                  
00001000  __SYSMEM_SIZE                 
000018db  _nop                          
000018dd  lcd_reverseNibble             
00001919  lcd_init                      
000019d9  lcd_putc                      
00001a11  lcd_puts                      
00001a2f  lcd_sendCommand               
00001a6d  lcd_sendNibble                
00001ab1  lcd_gotoLine                  
00001ad9  lcd_setCursorPos              
00001b17  lcd_printf                    
00001e75  cyBOT_scan_version            
00001e83  cyBOT_init_Scan               
00001edb  cyBOT_Scan                    
00001f4d  cyBOT_SERVO_cal               
000020d5  move_forward                  
00002139  turn_left                     
0000219d  turn_right                    
00002201  move_backward                 
0000225f  turn_degrees_left             
000022b9  turn_degrees_right            
00002331  timer_init                    
000023a9  timer_stop                    
000023d3  timer_pause                   
000023e5  timer_resume                  
000023f7  timer_getMillis               
0000244f  timer_getMicros               
000024a9  timer_waitMicros              
000024db  timer_waitMillis              
00002579  ping_init                     
000025ff  ping_trigger                  
00002669  TIMER3B_Handler               
000026bb  ping_getDistance              
00002935  __aeabi_dsub                  
0000293f  __aeabi_dadd                  
00002aeb  __aeabi_idiv0                 
00002aeb  __aeabi_ldiv0                 
00002aed  uart_init                     
00002b7f  uart_sendChar                 
00002b9b  uart_receive                  
00002bc1  uart_sendStr                  
00002be9  uart_receive_nonblocking      
00002c4d  servo_init                    
00002cd1  servo_stop                    
00002cdd  servo_move                    
00002d3d  servo_setPWM                  
00002ee1  __aeabi_ddiv                  
0000313d  ir_init                       
000031a5  ir_getValue                   
000031cd  ir_getDistance                
000031d5  ADC0SS0_Handler               
000031eb  ir_enableInterrupt            
00003255  ldexp                         
00003255  ldexpl                        
00003255  scalbn                        
00003255  scalbnl                       
00003365  aligned_alloc                 
00003365  memalign                      
00003465  __aeabi_dmul                  
00003561  free                          
000036f7  main                          
000037a7  __aeabi_memcpy                
000037a7  __aeabi_memcpy4               
000037a7  __aeabi_memcpy8               
000037a7  memcpy                        
00003843  __aeabi_uldivmod              
000038d9  __aeabi_cdcmpeq               
000038d9  __aeabi_cdcmple               
0000395f  __aeabi_cdrcmple              
000039e5  __aeabi_memclr                
000039e5  __aeabi_memclr4               
000039e5  __aeabi_memclr8               
000039e7  __aeabi_memset                
000039e7  __aeabi_memset4               
000039e7  __aeabi_memset8               
000039ed  memset                        
00003b3f  __aeabi_d2f                   
00003bad  __TI_decompress_lzss          
00003c15  frexp                         
00003c15  frexpl                        
00003ccf  __TI_ltoa                     
00003d75  atoi                          
00003dc1  __aeabi_d2iz                  
00003e09  __TI_auto_init_nobinit_nopinit
00003e4d  vsnprintf                     
00003ecd  calloc                        
00003f05  __aeabi_f2d                   
00003f3d  IntRegister                   
00003f71  _c_int00_noargs               
00003fd5  __aeabi_i2d                   
0000402d  __TI_zero_init_nomemset       
00004065  memccpy                       
00004081  copysign                      
00004081  copysignl                     
000040b3  oi_parseInt                   
000040cb  strcmp                        
000040e3  strchr                        
000040f9  strcpy                        
0000410d  strlen                        
00004121  wcslen                        
00004133  IntMasterEnable               
00004143  lcd_clear                     
00004153  __TI_decompress_none          
00004161  CPUcpsie                      
0000416d  ResetISR                      
00004179  __aeabi_errno_addr            
00004181  malloc                        
00004189  _system_pre_init              
0000418d  C$$EXIT                       
0000418d  abort                         
00004190  _ctypes_                      
000042c0  __TI_Handler_Table_Base       
000042cc  __TI_Handler_Table_Limit      
000042e0  __TI_CINIT_Base               
000042f8  __TI_CINIT_Limit              
20000000  __start___llvm_prf_cnts       
20000000  __stop___llvm_prf_cnts        
20000000  g_pfnRAMVectors               
20000270  __stack                       
20000470  __STACK_TOP                   
20001270  __STACK_END                   
20001270  _sys_memory                   
200022dc  _timeout_ticks                
200022e0  fallingEdge                   
200022e4  isr_int_value                 
200022e8  left_calibration_value        
200022ec  pulseLength                   
200022f0  right_calibration_value       
200022f4  risingEdge                    
200022f8  isRisingEdge                  
200022fc  motor_cal_factor_L            
20002300  motor_cal_factor_R            
2000231c  _lock                         
20002320  _unlock                       
2000232c  cyBOT_scan_features           
20002330  errno                         
20002334  _running                      
ffffffff  __TI_pprof_out_hndl           
ffffffff  __TI_prof_data_size           
ffffffff  __TI_prof_data_start          
ffffffff  __binit__                     
ffffffff  __c_args__                    
ffffffff  binit                         
UNDEFED   __mpu_init                    
UNDEFED   _system_post_cinit            

[172 symbols]
