******************************************************************************
                  TI ARM Linker PC v20.2.6                     
******************************************************************************
>> Linked Thu Apr 27 12:00:11 2023

OUTPUT FILE NAME:   <manualMovement.out>
ENTRY POINT SYMBOL: "_c_int00_noargs"  address: 000040b1


MEMORY CONFIGURATION

         name            origin    length      used     unused   attr    fill
----------------------  --------  ---------  --------  --------  ----  --------
  FLASH                 00000000   00040000  00004438  0003bbc8  R  X
  SRAM                  20000000   00008000  0000232e  00005cd2  RW X


SEGMENT ALLOCATION MAP

run origin  load origin   length   init length attrs members
----------  ----------- ---------- ----------- ----- -------
00000000    00000000    00004438   00004438    r-x
  00000000    00000000    0000026c   0000026c    r-- .intvecs
  0000026c    0000026c    00004064   00004064    r-x .text
  000042d0    000042d0    00000118   00000118    r-- .const
  000043e8    000043e8    00000050   00000050    r-- .cinit
20000000    20000000    00002335   00000000    rw-
  20000000    20000000    0000026c   00000000    rw- .vtable
  20000270    20000270    00001000   00000000    rw- .stack
  20001270    20001270    00001000   00000000    rw- .sysmem
  20002270    20002270    00000089   00000000    rw- .bss
  200022fc    200022fc    00000039   00000000    rw- .data


SECTION ALLOCATION MAP

 output                                  attributes/
section   page    origin      length       input sections
--------  ----  ----------  ----------   ----------------
.intvecs   0    00000000    0000026c     
                  00000000    0000026c     tm4c123gh6pm_startup_ccs.obj (.intvecs)

.text      0    0000026c    00004064     
                  0000026c    00000c20     open_interface.obj (.text)
                  00000e8c    00000a4e     rtsv7M4_T_le_v4SPD16_eabi.lib : _printfi.c.obj (.text:__TI_printfi)
                  000018da    00000002                                   : _lock.c.obj (.text:_nop)
                  000018dc    00000374     smooth_movement.obj (.text)
                  00001c50    00000328     lcd.obj (.text)
                  00001f78    00000270     rtsv7M4_T_le_v4SPD16_eabi.lib : _printfi.c.obj (.text:_pconv_a)
                  000021e8    00000260     libcybotScan.lib : cyBot_Scan.obj (.text)
                  00002448    00000248     Timer.obj (.text)
                  00002690    000001ec     libcybotScan.lib : ping.obj (.text)
                  0000287c    000001d0     rtsv7M4_T_le_v4SPD16_eabi.lib : _printfi.c.obj (.text:_pconv_g)
                  00002a4c    000001b6                                   : fd_add_t2.asm.obj (.text)
                  00002c02    00000002                                   : div0.asm.obj (.text)
                  00002c04    00000160     uart.obj (.text)
                  00002d64    00000158     libcybotScan.lib : servo.obj (.text)
                  00002ebc    0000013c     rtsv7M4_T_le_v4SPD16_eabi.lib : _printfi.c.obj (.text:_pconv_e)
                  00002ff8    00000136                                   : fd_div_t2.asm.obj (.text)
                  0000312e    00000002     --HOLE-- [fill = 0]
                  00003130    00000124                                   : _printfi.c.obj (.text:fcvt)
                  00003254    00000118     libcybotScan.lib : ir.obj (.text)
                  0000336c    00000110     rtsv7M4_T_le_v4SPD16_eabi.lib : s_scalbn.c.obj (.text:scalbn)
                  0000347c    00000100                                   : memory.c.obj (.text:aligned_alloc)
                  0000357c    000000fc                                   : fd_mul_t2.asm.obj (.text)
                  00003678    000000e4                                   : memory.c.obj (.text:free)
                  0000375c    000000d6     manualMovement.obj (.text)
                  00003832    00000002     --HOLE-- [fill = 0]
                  00003834    000000b1     rtsv7M4_T_le_v4SPD16_eabi.lib : _printfi.c.obj (.text:_ltostr)
                  000038e5    00000001     --HOLE-- [fill = 0]
                  000038e6    0000009c                                   : memcpy_t2.asm.obj (.text)
                  00003982    00000096                                   : ull_div_t2.asm.obj (.text)
                  00003a18    00000086                                   : fd_cmp_t2.asm.obj (.text:__aeabi_cdcmple)
                  00003a9e    00000086                                   : fd_cmp_t2.asm.obj (.text:__aeabi_cdrcmple)
                  00003b24    0000007a                                   : memset_t2.asm.obj (.text)
                  00003b9e    00000002     --HOLE-- [fill = 0]
                  00003ba0    00000070                                   : memory.c.obj (.text:split)
                  00003c10    0000006e                                   : _printfi.c.obj (.text:_mcpy)
                  00003c7e    0000006e                                   : fd_tos_t2.asm.obj (.text)
                  00003cec    00000068                                   : copy_decompress_lzss.c.obj (.text:decompress:lzss:__TI_decompress_lzss)
                  00003d54    00000064                                   : s_frexp.c.obj (.text:frexp)
                  00003db8    00000056                                   : _printfi.c.obj (.text:_pconv_f)
                  00003e0e    00000054                                   : _ltoa.c.obj (.text:__TI_ltoa)
                  00003e62    00000052                                   : _printfi.c.obj (.text:_ecpy)
                  00003eb4    0000004c                                   : atoi.c.obj (.text:atoi)
                  00003f00    00000048                                   : fd_toi_t2.asm.obj (.text)
                  00003f48    00000044                                   : autoinit.c.obj (.text:__TI_auto_init_nobinit_nopinit:__TI_auto_init_nobinit_nopinit)
                  00003f8c    00000040                                   : vsnprintf.c.obj (.text:vsnprintf)
                  00003fcc    0000003e                                   : _printfi.c.obj (.text:_fcpy)
                  0000400a    00000002     --HOLE-- [fill = 0]
                  0000400c    00000038                                   : memory.c.obj (.text:calloc)
                  00004044    00000038                                   : fs_tod_t2.asm.obj (.text)
                  0000407c    00000034     driverlib.lib : interrupt.obj (.text:IntRegister)
                  000040b0    00000034     rtsv7M4_T_le_v4SPD16_eabi.lib : boot_cortex_m.c.obj (.text:_c_int00_noargs:_c_int00_noargs)
                  000040e4    00000030                                   : vsnprintf.c.obj (.text:_outs)
                  00004114    0000002e                                   : i_tofd_t2.asm.obj (.text)
                  00004142    00000002     --HOLE-- [fill = 0]
                  00004144    00000028                                   : memory.c.obj (.text:free_list_insert)
                  0000416c    0000001c                                   : copy_zero_init.c.obj (.text:decompress:ZI:__TI_zero_init_nomemset:__TI_zero_init_nomemset)
                  00004188    0000001c                                   : memory.c.obj (.text:free_list_remove)
                  000041a4    0000001c                                   : memccpy.c.obj (.text:memccpy)
                  000041c0    0000001a                                   : s_copysign.c.obj (.text:copysign)
                  000041da    00000018                                   : vsnprintf.c.obj (.text:_outc)
                  000041f2    00000018     open_interface.obj (.text:oi_parseInt)
                  0000420a    00000018     rtsv7M4_T_le_v4SPD16_eabi.lib : strcmp.c.obj (.text:strcmp)
                  00004222    00000016                                   : strchr.c.obj (.text:strchr)
                  00004238    00000014                                   : strcpy.c.obj (.text:strcpy)
                  0000424c    00000014                                   : strlen.c.obj (.text:strlen)
                  00004260    00000012                                   : wcslen.c.obj (.text:wcslen)
                  00004272    00000010     driverlib.lib : interrupt.obj (.text:IntMasterEnable)
                  00004282    00000010     lcd.obj (.text:lcd_clear)
                  00004292    0000000e     rtsv7M4_T_le_v4SPD16_eabi.lib : copy_decompress_none.c.obj (.text:decompress:none:__TI_decompress_none)
                  000042a0    0000000c     driverlib.lib : cpu.obj (.text:CPUcpsie)
                  000042ac    0000000c     tm4c123gh6pm_startup_ccs.obj (.text)
                  000042b8    00000008     rtsv7M4_T_le_v4SPD16_eabi.lib : errno.c.obj (.text:__aeabi_errno_addr)
                  000042c0    00000008                                   : memory.c.obj (.text:malloc)
                  000042c8    00000004                                   : pre_init.c.obj (.text:_system_pre_init)
                  000042cc    00000004                                   : exit.c.obj (.text:abort:abort)

.const     0    000042d0    00000118     
                  000042d0    00000101     rtsv7M4_T_le_v4SPD16_eabi.lib : ctype.c.obj (.const:.string:_ctypes_)
                  000043d1    0000000f     open_interface.obj (.const:.string:$P$T0$3)
                  000043e0    00000004     lcd.obj (.const:.string:lineAddress$1)
                  000043e4    00000004     lcd.obj (.const:.string:lineAddresses$2)

.cinit     0    000043e8    00000050     
                  000043e8    00000018     (.cinit..data.load) [load image, compression = lzss]
                  00004400    0000000c     (__TI_handler_table)
                  0000440c    00000004     --HOLE-- [fill = 0]
                  00004410    00000008     (.cinit..bss.load) [load image, compression = zero_init]
                  00004418    00000008     (.cinit..vtable.load) [load image, compression = zero_init]
                  00004420    00000018     (__TI_cinit_table)

.init_array 
*          0    00000000    00000000     UNINITIALIZED

.vtable    0    20000000    0000026c     UNINITIALIZED
                  20000000    0000026c     driverlib.lib : interrupt.obj (.vtable)

.stack     0    20000270    00001000     UNINITIALIZED
                  20000270    00000004     rtsv7M4_T_le_v4SPD16_eabi.lib : boot_cortex_m.c.obj (.stack)
                  20000274    00000ffc     --HOLE--

.sysmem    0    20001270    00001000     UNINITIALIZED
                  20001270    00000010     rtsv7M4_T_le_v4SPD16_eabi.lib : memory.c.obj (.sysmem)
                  20001280    00000ff0     --HOLE--

.bss       0    20002270    00000089     UNINITIALIZED
                  20002270    00000054     lcd.obj (.bss:lastbuffer$3)
                  200022c4    00000018     open_interface.obj (.bss:firmware$2)
                  200022dc    00000004     (.common:_timeout_ticks)
                  200022e0    00000004     (.common:fallingEdge)
                  200022e4    00000004     (.common:isr_int_value)
                  200022e8    00000004     (.common:left_calibration_value)
                  200022ec    00000004     (.common:pulseLength)
                  200022f0    00000004     (.common:right_calibration_value)
                  200022f4    00000004     (.common:risingEdge)
                  200022f8    00000001     (.common:isRisingEdge)

.data      0    200022fc    00000039     UNINITIALIZED
                  200022fc    00000020     open_interface.obj (.data)
                  2000231c    00000008     rtsv7M4_T_le_v4SPD16_eabi.lib : _lock.c.obj (.data:$O1$$)
                  20002324    00000008                                   : memory.c.obj (.data:$O1$$)
                  2000232c    00000004     libcybotScan.lib : cyBot_Scan.obj (.data)
                  20002330    00000004     rtsv7M4_T_le_v4SPD16_eabi.lib : errno.c.obj (.data)
                  20002334    00000001     Timer.obj (.data)

__llvm_prf_cnts 
*          0    20000000    00000000     UNINITIALIZED

MODULE SUMMARY

       Module                         code    ro data   rw data
       ------                         ----    -------   -------
    .\
       open_interface.obj             3128    15        56     
       lcd.obj                        824     8         84     
       smooth_movement.obj            884     0         0      
       tm4c123gh6pm_startup_ccs.obj   12      620       0      
       Timer.obj                      584     0         5      
       uart.obj                       352     0         0      
       manualMovement.obj             214     0         0      
    +--+------------------------------+-------+---------+---------+
       Total:                         5998    643       145    
                                                               
    ../libcybotScan.lib
       cyBot_Scan.obj                 608     0         12     
       ping.obj                       492     0         13     
       servo.obj                      344     0         0      
       ir.obj                         280     0         4      
    +--+------------------------------+-------+---------+---------+
       Total:                         1724    0         29     
                                                               
    C:/ti/TivaWare_C_Series-2.2.0.295/driverlib/ccs/Debug/driverlib.lib
       interrupt.obj                  68      0         620    
       cpu.obj                        12      0         0      
    +--+------------------------------+-------+---------+---------+
       Total:                         80      0         620    
                                                               
    C:\ti\ccs1200\ccs\tools\compiler\ti-cgt-arm_20.2.6.LTS\lib\rtsv7M4_T_le_v4SPD16_eabi.lib
       _printfi.c.obj                 4851    0         0      
       memory.c.obj                   728     0         8      
       fd_add_t2.asm.obj              438     0         0      
       fd_div_t2.asm.obj              310     0         0      
       s_scalbn.c.obj                 272     0         0      
       fd_cmp_t2.asm.obj              268     0         0      
       ctype.c.obj                    0       257       0      
       fd_mul_t2.asm.obj              252     0         0      
       memcpy_t2.asm.obj              156     0         0      
       ull_div_t2.asm.obj             150     0         0      
       vsnprintf.c.obj                136     0         0      
       memset_t2.asm.obj              122     0         0      
       fd_tos_t2.asm.obj              110     0         0      
       copy_decompress_lzss.c.obj     104     0         0      
       s_frexp.c.obj                  100     0         0      
       _ltoa.c.obj                    84      0         0      
       atoi.c.obj                     76      0         0      
       fd_toi_t2.asm.obj              72      0         0      
       autoinit.c.obj                 68      0         0      
       fs_tod_t2.asm.obj              56      0         0      
       boot_cortex_m.c.obj            52      0         0      
       i_tofd_t2.asm.obj              46      0         0      
       copy_zero_init.c.obj           28      0         0      
       memccpy.c.obj                  28      0         0      
       s_copysign.c.obj               26      0         0      
       strcmp.c.obj                   24      0         0      
       strchr.c.obj                   22      0         0      
       strcpy.c.obj                   20      0         0      
       strlen.c.obj                   20      0         0      
       wcslen.c.obj                   18      0         0      
       copy_decompress_none.c.obj     14      0         0      
       errno.c.obj                    8       0         4      
       _lock.c.obj                    2       0         8      
       exit.c.obj                     4       0         0      
       pre_init.c.obj                 4       0         0      
       div0.asm.obj                   2       0         0      
    +--+------------------------------+-------+---------+---------+
       Total:                         8671    257       20     
                                                               
       Heap:                          0       0         4096   
       Stack:                         0       0         4096   
       Linker Generated:              0       76        0      
    +--+------------------------------+-------+---------+---------+
       Grand Total:                   16473   976       9006   


LINKER GENERATED COPY TABLES

__TI_cinit_table @ 00004420 records: 3, size/record: 8, table size: 24
	.data: load addr=000043e8, load size=00000018 bytes, run addr=200022fc, run size=00000039 bytes, compression=lzss
	.bss: load addr=00004410, load size=00000008 bytes, run addr=20002270, run size=00000089 bytes, compression=zero_init
	.vtable: load addr=00004418, load size=00000008 bytes, run addr=20000000, run size=0000026c bytes, compression=zero_init


LINKER GENERATED HANDLER TABLE

__TI_handler_table @ 00004400 records: 3, size/record: 4, table size: 12
	index: 0, handler: __TI_zero_init
	index: 1, handler: __TI_decompress_lzss
	index: 2, handler: __TI_decompress_none


GLOBAL SYMBOLS: SORTED ALPHABETICALLY BY Name 

address   name                          
-------   ----                          
000032ed  ADC0SS0_Handler               
000042cd  C$$EXIT                       
000042a1  CPUcpsie                      
00000bc3  GPIOF_Handler                 
00004273  IntMasterEnable               
0000407d  IntRegister                   
000042ad  ResetISR                      
00002781  TIMER3B_Handler               
20001270  __STACK_END                   
00001000  __STACK_SIZE                  
20000470  __STACK_TOP                   
00001000  __SYSMEM_SIZE                 
00004420  __TI_CINIT_Base               
00004438  __TI_CINIT_Limit              
00004400  __TI_Handler_Table_Base       
0000440c  __TI_Handler_Table_Limit      
00003f49  __TI_auto_init_nobinit_nopinit
00003ced  __TI_decompress_lzss          
00004293  __TI_decompress_none          
00003e0f  __TI_ltoa                     
ffffffff  __TI_pprof_out_hndl           
00000e8d  __TI_printfi                  
ffffffff  __TI_prof_data_size           
ffffffff  __TI_prof_data_start          
00000000  __TI_static_base__            
0000416d  __TI_zero_init_nomemset       
00003a19  __aeabi_cdcmpeq               
00003a19  __aeabi_cdcmple               
00003a9f  __aeabi_cdrcmple              
00003c7f  __aeabi_d2f                   
00003f01  __aeabi_d2iz                  
00002a57  __aeabi_dadd                  
00002ff9  __aeabi_ddiv                  
0000357d  __aeabi_dmul                  
00002a4d  __aeabi_dsub                  
000042b9  __aeabi_errno_addr            
00004045  __aeabi_f2d                   
00004115  __aeabi_i2d                   
00002c03  __aeabi_idiv0                 
00002c03  __aeabi_ldiv0                 
00003b25  __aeabi_memclr                
00003b25  __aeabi_memclr4               
00003b25  __aeabi_memclr8               
000038e7  __aeabi_memcpy                
000038e7  __aeabi_memcpy4               
000038e7  __aeabi_memcpy8               
00003b27  __aeabi_memset                
00003b27  __aeabi_memset4               
00003b27  __aeabi_memset8               
00003983  __aeabi_uldivmod              
ffffffff  __binit__                     
ffffffff  __c_args__                    
UNDEFED   __mpu_init                    
20000270  __stack                       
20000000  __start___llvm_prf_cnts       
20000000  __stop___llvm_prf_cnts        
000040b1  _c_int00_noargs               
000042d0  _ctypes_                      
2000231c  _lock                         
000018db  _nop                          
20002334  _running                      
20001270  _sys_memory                   
UNDEFED   _system_post_cinit            
000042c9  _system_pre_init              
200022dc  _timeout_ticks                
20002320  _unlock                       
000042cd  abort                         
0000347d  aligned_alloc                 
00003eb5  atoi                          
ffffffff  binit                         
0000400d  calloc                        
000041c1  copysign                      
000041c1  copysignl                     
000022c1  cyBOT_SERVO_cal               
0000224f  cyBOT_Scan                    
000021f7  cyBOT_init_Scan               
2000232c  cyBOT_scan_features           
000021e9  cyBOT_scan_version            
20002330  errno                         
200022e0  fallingEdge                   
00003679  free                          
00003d55  frexp                         
00003d55  frexpl                        
20000000  g_pfnRAMVectors               
00000000  g_pfnVectors                  
0000097f  go_charge                     
00003303  ir_enableInterrupt            
000032e5  ir_getDistance                
000032bd  ir_getValue                   
00003255  ir_init                       
200022f8  isRisingEdge                  
200022e4  isr_int_value                 
00004283  lcd_clear                     
00001e25  lcd_gotoLine                  
00001c8d  lcd_init                      
00001e8b  lcd_printf                    
00001d4d  lcd_putc                      
00001d85  lcd_puts                      
00001c51  lcd_reverseNibble             
00001da3  lcd_sendCommand               
00001de1  lcd_sendNibble                
00001e4d  lcd_setCursorPos              
0000336d  ldexp                         
0000336d  ldexpl                        
200022e8  left_calibration_value        
0000375d  main                          
000042c1  malloc                        
0000347d  memalign                      
000041a5  memccpy                       
000038e7  memcpy                        
00003b2d  memset                        
200022fc  motor_cal_factor_L            
20002300  motor_cal_factor_R            
00001aad  move_backward                 
000018dd  move_forward                  
0000026d  oi_alloc                      
00000aa9  oi_checkFirmware              
000002c7  oi_close                      
00000279  oi_free                       
00000ded  oi_getMotorCalibrationLeft    
00000e01  oi_getMotorCalibrationRight   
000002b1  oi_init                       
00000289  oi_init_noupdate              
00000915  oi_loadSong                   
000041f3  oi_parseInt                   
0000032b  oi_parsePacket                
0000096b  oi_play_song                  
0000084b  oi_setLeds                    
00000db1  oi_setMotorCalibration        
0000088f  oi_setWheels                  
00000b51  oi_shutoff_init               
0000098d  oi_uartInit                   
00000a31  oi_uartReceive                
00000a77  oi_uartSendBuff               
00000a15  oi_uartSendChar               
00000a59  oi_uartSendStr                
000002d9  oi_update                     
000027d3  ping_getDistance              
00002691  ping_init                     
00002717  ping_trigger                  
200022ec  pulseLength                   
200022f0  right_calibration_value       
200022f4  risingEdge                    
0000336d  scalbn                        
0000336d  scalbnl                       
00002d65  servo_init                    
00002df5  servo_move                    
00002e55  servo_setPWM                  
00002de9  servo_stop                    
00004223  strchr                        
0000420b  strcmp                        
00004239  strcpy                        
0000424d  strlen                        
00002567  timer_getMicros               
0000250f  timer_getMillis               
00002449  timer_init                    
000024eb  timer_pause                   
000024fd  timer_resume                  
000024c1  timer_stop                    
000025c1  timer_waitMicros              
000025f3  timer_waitMillis              
00001b0b  turn_degrees_left             
00001b65  turn_degrees_right            
000019e5  turn_left                     
00001a49  turn_right                    
00002c05  uart_init                     
00002cb3  uart_receive                  
00002d01  uart_receive_nonblocking      
00002c97  uart_sendChar                 
00002cd9  uart_sendStr                  
00003f8d  vsnprintf                     
00004261  wcslen                        


GLOBAL SYMBOLS: SORTED BY Symbol Address 

address   name                          
-------   ----                          
00000000  __TI_static_base__            
00000000  g_pfnVectors                  
0000026d  oi_alloc                      
00000279  oi_free                       
00000289  oi_init_noupdate              
000002b1  oi_init                       
000002c7  oi_close                      
000002d9  oi_update                     
0000032b  oi_parsePacket                
0000084b  oi_setLeds                    
0000088f  oi_setWheels                  
00000915  oi_loadSong                   
0000096b  oi_play_song                  
0000097f  go_charge                     
0000098d  oi_uartInit                   
00000a15  oi_uartSendChar               
00000a31  oi_uartReceive                
00000a59  oi_uartSendStr                
00000a77  oi_uartSendBuff               
00000aa9  oi_checkFirmware              
00000b51  oi_shutoff_init               
00000bc3  GPIOF_Handler                 
00000db1  oi_setMotorCalibration        
00000ded  oi_getMotorCalibrationLeft    
00000e01  oi_getMotorCalibrationRight   
00000e8d  __TI_printfi                  
00001000  __STACK_SIZE                  
00001000  __SYSMEM_SIZE                 
000018db  _nop                          
000018dd  move_forward                  
000019e5  turn_left                     
00001a49  turn_right                    
00001aad  move_backward                 
00001b0b  turn_degrees_left             
00001b65  turn_degrees_right            
00001c51  lcd_reverseNibble             
00001c8d  lcd_init                      
00001d4d  lcd_putc                      
00001d85  lcd_puts                      
00001da3  lcd_sendCommand               
00001de1  lcd_sendNibble                
00001e25  lcd_gotoLine                  
00001e4d  lcd_setCursorPos              
00001e8b  lcd_printf                    
000021e9  cyBOT_scan_version            
000021f7  cyBOT_init_Scan               
0000224f  cyBOT_Scan                    
000022c1  cyBOT_SERVO_cal               
00002449  timer_init                    
000024c1  timer_stop                    
000024eb  timer_pause                   
000024fd  timer_resume                  
0000250f  timer_getMillis               
00002567  timer_getMicros               
000025c1  timer_waitMicros              
000025f3  timer_waitMillis              
00002691  ping_init                     
00002717  ping_trigger                  
00002781  TIMER3B_Handler               
000027d3  ping_getDistance              
00002a4d  __aeabi_dsub                  
00002a57  __aeabi_dadd                  
00002c03  __aeabi_idiv0                 
00002c03  __aeabi_ldiv0                 
00002c05  uart_init                     
00002c97  uart_sendChar                 
00002cb3  uart_receive                  
00002cd9  uart_sendStr                  
00002d01  uart_receive_nonblocking      
00002d65  servo_init                    
00002de9  servo_stop                    
00002df5  servo_move                    
00002e55  servo_setPWM                  
00002ff9  __aeabi_ddiv                  
00003255  ir_init                       
000032bd  ir_getValue                   
000032e5  ir_getDistance                
000032ed  ADC0SS0_Handler               
00003303  ir_enableInterrupt            
0000336d  ldexp                         
0000336d  ldexpl                        
0000336d  scalbn                        
0000336d  scalbnl                       
0000347d  aligned_alloc                 
0000347d  memalign                      
0000357d  __aeabi_dmul                  
00003679  free                          
0000375d  main                          
000038e7  __aeabi_memcpy                
000038e7  __aeabi_memcpy4               
000038e7  __aeabi_memcpy8               
000038e7  memcpy                        
00003983  __aeabi_uldivmod              
00003a19  __aeabi_cdcmpeq               
00003a19  __aeabi_cdcmple               
00003a9f  __aeabi_cdrcmple              
00003b25  __aeabi_memclr                
00003b25  __aeabi_memclr4               
00003b25  __aeabi_memclr8               
00003b27  __aeabi_memset                
00003b27  __aeabi_memset4               
00003b27  __aeabi_memset8               
00003b2d  memset                        
00003c7f  __aeabi_d2f                   
00003ced  __TI_decompress_lzss          
00003d55  frexp                         
00003d55  frexpl                        
00003e0f  __TI_ltoa                     
00003eb5  atoi                          
00003f01  __aeabi_d2iz                  
00003f49  __TI_auto_init_nobinit_nopinit
00003f8d  vsnprintf                     
0000400d  calloc                        
00004045  __aeabi_f2d                   
0000407d  IntRegister                   
000040b1  _c_int00_noargs               
00004115  __aeabi_i2d                   
0000416d  __TI_zero_init_nomemset       
000041a5  memccpy                       
000041c1  copysign                      
000041c1  copysignl                     
000041f3  oi_parseInt                   
0000420b  strcmp                        
00004223  strchr                        
00004239  strcpy                        
0000424d  strlen                        
00004261  wcslen                        
00004273  IntMasterEnable               
00004283  lcd_clear                     
00004293  __TI_decompress_none          
000042a1  CPUcpsie                      
000042ad  ResetISR                      
000042b9  __aeabi_errno_addr            
000042c1  malloc                        
000042c9  _system_pre_init              
000042cd  C$$EXIT                       
000042cd  abort                         
000042d0  _ctypes_                      
00004400  __TI_Handler_Table_Base       
0000440c  __TI_Handler_Table_Limit      
00004420  __TI_CINIT_Base               
00004438  __TI_CINIT_Limit              
20000000  __start___llvm_prf_cnts       
20000000  __stop___llvm_prf_cnts        
20000000  g_pfnRAMVectors               
20000270  __stack                       
20000470  __STACK_TOP                   
20001270  __STACK_END                   
20001270  _sys_memory                   
200022dc  _timeout_ticks                
200022e0  fallingEdge                   
200022e4  isr_int_value                 
200022e8  left_calibration_value        
200022ec  pulseLength                   
200022f0  right_calibration_value       
200022f4  risingEdge                    
200022f8  isRisingEdge                  
200022fc  motor_cal_factor_L            
20002300  motor_cal_factor_R            
2000231c  _lock                         
20002320  _unlock                       
2000232c  cyBOT_scan_features           
20002330  errno                         
20002334  _running                      
ffffffff  __TI_pprof_out_hndl           
ffffffff  __TI_prof_data_size           
ffffffff  __TI_prof_data_start          
ffffffff  __binit__                     
ffffffff  __c_args__                    
ffffffff  binit                         
UNDEFED   __mpu_init                    
UNDEFED   _system_post_cinit            

[172 symbols]
