******************************************************************************
                  TI ARM Linker PC v20.2.6                     
******************************************************************************
>> Linked Tue Feb 14 12:01:18 2023

OUTPUT FILE NAME:   <Lab3.out>
ENTRY POINT SYMBOL: "_c_int00_noargs"  address: 00004055


MEMORY CONFIGURATION

         name            origin    length      used     unused   attr    fill
----------------------  --------  ---------  --------  --------  ----  --------
  FLASH                 00000000   00040000  00004400  0003bc00  R  X
  SRAM                  20000000   00008000  00002366  00005c9a  RW X


SEGMENT ALLOCATION MAP

run origin  load origin   length   init length attrs members
----------  ----------- ---------- ----------- ----- -------
00000000    00000000    00004400   00004400    r-x
  00000000    00000000    0000026c   0000026c    r-- .intvecs
  0000026c    0000026c    0000402c   0000402c    r-x .text
  00004298    00004298    00000118   00000118    r-- .const
  000043b0    000043b0    00000050   00000050    r-- .cinit
20000000    20000000    0000236d   00000000    rw-
  20000000    20000000    0000026c   00000000    rw- .vtable
  20000270    20000270    00001000   00000000    rw- .stack
  20001270    20001270    00001000   00000000    rw- .sysmem
  20002270    20002270    000000bd   00000000    rw- .bss
  20002330    20002330    0000003d   00000000    rw- .data


SECTION ALLOCATION MAP

 output                                  attributes/
section   page    origin      length       input sections
--------  ----  ----------  ----------   ----------------
.intvecs   0    00000000    0000026c     
                  00000000    0000026c     tm4c123gh6pm_startup_ccs.obj (.intvecs)

.text      0    0000026c    0000402c     
                  0000026c    00000c20     open_interface.obj (.text)
                  00000e8c    00000a4e     rtsv7M4_T_le_v4SPD16_eabi.lib : _printfi.c.obj (.text:__TI_printfi)
                  000018da    00000002                                   : _lock.c.obj (.text:_nop)
                  000018dc    000003b4     main.obj (.text)
                  00001c90    00000328     lcd.obj (.text)
                  00001fb8    00000270     rtsv7M4_T_le_v4SPD16_eabi.lib : _printfi.c.obj (.text:_pconv_a)
                  00002228    00000260     libcybotScan.lib : cyBot_Scan.obj (.text)
                  00002488    00000248     Timer.obj (.text)
                  000026d0    000001ec     libcybotScan.lib : ping.obj (.text)
                  000028bc    000001d0     rtsv7M4_T_le_v4SPD16_eabi.lib : _printfi.c.obj (.text:_pconv_g)
                  00002a8c    000001b6                                   : fd_add_t2.asm.obj (.text)
                  00002c42    00000002                                   : div0.asm.obj (.text)
                  00002c44    0000015c     libcybotUART.lib : uart.obj (.text)
                  00002da0    00000158     libcybotScan.lib : servo.obj (.text)
                  00002ef8    0000013c     rtsv7M4_T_le_v4SPD16_eabi.lib : _printfi.c.obj (.text:_pconv_e)
                  00003034    00000136                                   : fd_div_t2.asm.obj (.text)
                  0000316a    00000002     --HOLE-- [fill = 0]
                  0000316c    00000124                                   : _printfi.c.obj (.text:fcvt)
                  00003290    00000118     libcybotScan.lib : ir.obj (.text)
                  000033a8    00000110     rtsv7M4_T_le_v4SPD16_eabi.lib : s_scalbn.c.obj (.text:scalbn)
                  000034b8    00000100                                   : memory.c.obj (.text:aligned_alloc)
                  000035b8    000000fc                                   : fd_mul_t2.asm.obj (.text)
                  000036b4    000000e4                                   : memory.c.obj (.text:free)
                  00003798    000000b1                                   : _printfi.c.obj (.text:_ltostr)
                  00003849    00000001     --HOLE-- [fill = 0]
                  0000384a    0000009c                                   : memcpy_t2.asm.obj (.text)
                  000038e6    00000096                                   : ull_div_t2.asm.obj (.text)
                  0000397c    00000086                                   : fd_cmp_t2.asm.obj (.text:__aeabi_cdcmple)
                  00003a02    00000086                                   : fd_cmp_t2.asm.obj (.text:__aeabi_cdrcmple)
                  00003a88    0000007a                                   : memset_t2.asm.obj (.text)
                  00003b02    00000002     --HOLE-- [fill = 0]
                  00003b04    00000070                                   : memory.c.obj (.text:split)
                  00003b74    0000006e                                   : _printfi.c.obj (.text:_mcpy)
                  00003be2    0000006e                                   : fd_tos_t2.asm.obj (.text)
                  00003c50    00000068                                   : copy_decompress_lzss.c.obj (.text:decompress:lzss:__TI_decompress_lzss)
                  00003cb8    00000064                                   : s_frexp.c.obj (.text:frexp)
                  00003d1c    00000056                                   : _printfi.c.obj (.text:_pconv_f)
                  00003d72    00000054                                   : _ltoa.c.obj (.text:__TI_ltoa)
                  00003dc6    00000052                                   : _printfi.c.obj (.text:_ecpy)
                  00003e18    0000004c                                   : atoi.c.obj (.text:atoi)
                  00003e64    00000048                                   : fd_toi_t2.asm.obj (.text)
                  00003eac    00000044                                   : autoinit.c.obj (.text:__TI_auto_init_nobinit_nopinit:__TI_auto_init_nobinit_nopinit)
                  00003ef0    00000040                                   : sprintf.c.obj (.text:sprintf)
                  00003f30    00000040                                   : vsnprintf.c.obj (.text:vsnprintf)
                  00003f70    0000003e                                   : _printfi.c.obj (.text:_fcpy)
                  00003fae    00000002     --HOLE-- [fill = 0]
                  00003fb0    00000038                                   : memory.c.obj (.text:calloc)
                  00003fe8    00000038                                   : fs_tod_t2.asm.obj (.text)
                  00004020    00000034     driverlib.lib : interrupt.obj (.text:IntRegister)
                  00004054    00000034     rtsv7M4_T_le_v4SPD16_eabi.lib : boot_cortex_m.c.obj (.text:_c_int00_noargs:_c_int00_noargs)
                  00004088    00000030                                   : vsnprintf.c.obj (.text:_outs)
                  000040b8    0000002e                                   : i_tofd_t2.asm.obj (.text)
                  000040e6    00000002     --HOLE-- [fill = 0]
                  000040e8    00000028                                   : memory.c.obj (.text:free_list_insert)
                  00004110    0000001c                                   : copy_zero_init.c.obj (.text:decompress:ZI:__TI_zero_init_nomemset:__TI_zero_init_nomemset)
                  0000412c    0000001c                                   : memory.c.obj (.text:free_list_remove)
                  00004148    0000001c                                   : memccpy.c.obj (.text:memccpy)
                  00004164    0000001a                                   : s_copysign.c.obj (.text:copysign)
                  0000417e    00000018                                   : vsnprintf.c.obj (.text:_outc)
                  00004196    00000018                                   : sprintf.c.obj (.text:_outs)
                  000041ae    00000018     open_interface.obj (.text:oi_parseInt)
                  000041c6    00000018     rtsv7M4_T_le_v4SPD16_eabi.lib : strcmp.c.obj (.text:strcmp)
                  000041de    00000016                                   : strchr.c.obj (.text:strchr)
                  000041f4    00000014                                   : strcpy.c.obj (.text:strcpy)
                  00004208    00000014                                   : strlen.c.obj (.text:strlen)
                  0000421c    00000012                                   : wcslen.c.obj (.text:wcslen)
                  0000422e    00000010     driverlib.lib : interrupt.obj (.text:IntMasterEnable)
                  0000423e    00000010     lcd.obj (.text:lcd_clear)
                  0000424e    0000000e     rtsv7M4_T_le_v4SPD16_eabi.lib : copy_decompress_none.c.obj (.text:decompress:none:__TI_decompress_none)
                  0000425c    0000000c     driverlib.lib : cpu.obj (.text:CPUcpsie)
                  00004268    0000000c     tm4c123gh6pm_startup_ccs.obj (.text)
                  00004274    0000000a     rtsv7M4_T_le_v4SPD16_eabi.lib : sprintf.c.obj (.text:_outc)
                  0000427e    00000002     --HOLE-- [fill = 0]
                  00004280    00000008                                   : errno.c.obj (.text:__aeabi_errno_addr)
                  00004288    00000008                                   : memory.c.obj (.text:malloc)
                  00004290    00000004                                   : pre_init.c.obj (.text:_system_pre_init)
                  00004294    00000004                                   : exit.c.obj (.text:abort:abort)

.const     0    00004298    00000118     
                  00004298    00000101     rtsv7M4_T_le_v4SPD16_eabi.lib : ctype.c.obj (.const:.string:_ctypes_)
                  00004399    0000000f     open_interface.obj (.const:.string:$P$T0$3)
                  000043a8    00000004     lcd.obj (.const:.string:lineAddress$1)
                  000043ac    00000004     lcd.obj (.const:.string:lineAddresses$2)

.cinit     0    000043b0    00000050     
                  000043b0    00000019     (.cinit..data.load) [load image, compression = lzss]
                  000043c9    00000003     --HOLE-- [fill = 0]
                  000043cc    0000000c     (__TI_handler_table)
                  000043d8    00000008     (.cinit..bss.load) [load image, compression = zero_init]
                  000043e0    00000008     (.cinit..vtable.load) [load image, compression = zero_init]
                  000043e8    00000018     (__TI_cinit_table)

.init_array 
*          0    00000000    00000000     UNINITIALIZED

.vtable    0    20000000    0000026c     UNINITIALIZED
                  20000000    0000026c     driverlib.lib : interrupt.obj (.vtable)

.stack     0    20000270    00001000     UNINITIALIZED
                  20000270    00000004     rtsv7M4_T_le_v4SPD16_eabi.lib : boot_cortex_m.c.obj (.stack)
                  20000274    00000ffc     --HOLE--

.sysmem    0    20001270    00001000     UNINITIALIZED
                  20001270    00000010     rtsv7M4_T_le_v4SPD16_eabi.lib : memory.c.obj (.sysmem)
                  20001280    00000ff0     --HOLE--

.bss       0    20002270    000000bd     UNINITIALIZED
                  20002270    00000054     lcd.obj (.bss:lastbuffer$3)
                  200022c4    00000034     (.common:isr_char_buffer)
                  200022f8    00000018     open_interface.obj (.bss:firmware$2)
                  20002310    00000004     (.common:_timeout_ticks)
                  20002314    00000004     (.common:fallingEdge)
                  20002318    00000004     (.common:isr_int_value)
                  2000231c    00000004     (.common:left_calibration_value)
                  20002320    00000004     (.common:pulseLength)
                  20002324    00000004     (.common:right_calibration_value)
                  20002328    00000004     (.common:risingEdge)
                  2000232c    00000001     (.common:isRisingEdge)

.data      0    20002330    0000003d     UNINITIALIZED
                  20002330    00000020     open_interface.obj (.data)
                  20002350    00000008     rtsv7M4_T_le_v4SPD16_eabi.lib : _lock.c.obj (.data:$O1$$)
                  20002358    00000008                                   : memory.c.obj (.data:$O1$$)
                  20002360    00000004     libcybotScan.lib : cyBot_Scan.obj (.data)
                  20002364    00000004     libcybotUART.lib : uart.obj (.data)
                  20002368    00000004     rtsv7M4_T_le_v4SPD16_eabi.lib : errno.c.obj (.data)
                  2000236c    00000001     Timer.obj (.data)

__llvm_prf_cnts 
*          0    20000000    00000000     UNINITIALIZED

MODULE SUMMARY

       Module                         code    ro data   rw data
       ------                         ----    -------   -------
    .\
       open_interface.obj             3128    15        56     
       main.obj                       948     0         8      
       lcd.obj                        824     8         84     
       tm4c123gh6pm_startup_ccs.obj   12      620       0      
       Timer.obj                      584     0         5      
    +--+------------------------------+-------+---------+---------+
       Total:                         5496    643       153    
                                                               
    ../libcybotScan.lib
       cyBot_Scan.obj                 608     0         4      
       ping.obj                       492     0         13     
       servo.obj                      344     0         0      
       ir.obj                         280     0         4      
    +--+------------------------------+-------+---------+---------+
       Total:                         1724    0         21     
                                                               
    ../libcybotUART.lib
       uart.obj                       348     0         56     
    +--+------------------------------+-------+---------+---------+
       Total:                         348     0         56     
                                                               
    C:/ti/TivaWare_C_Series-2.2.0.295/driverlib/ccs/Debug/driverlib.lib
       interrupt.obj                  68      0         620    
       cpu.obj                        12      0         0      
    +--+------------------------------+-------+---------+---------+
       Total:                         80      0         620    
                                                               
    C:\ti\ccs1200\ccs\tools\compiler\ti-cgt-arm_20.2.6.LTS\lib\rtsv7M4_T_le_v4SPD16_eabi.lib
       _printfi.c.obj                 4851    0         0      
       memory.c.obj                   728     0         8      
       fd_add_t2.asm.obj              438     0         0      
       fd_div_t2.asm.obj              310     0         0      
       s_scalbn.c.obj                 272     0         0      
       fd_cmp_t2.asm.obj              268     0         0      
       ctype.c.obj                    0       257       0      
       fd_mul_t2.asm.obj              252     0         0      
       memcpy_t2.asm.obj              156     0         0      
       ull_div_t2.asm.obj             150     0         0      
       vsnprintf.c.obj                136     0         0      
       memset_t2.asm.obj              122     0         0      
       fd_tos_t2.asm.obj              110     0         0      
       copy_decompress_lzss.c.obj     104     0         0      
       s_frexp.c.obj                  100     0         0      
       sprintf.c.obj                  98      0         0      
       _ltoa.c.obj                    84      0         0      
       atoi.c.obj                     76      0         0      
       fd_toi_t2.asm.obj              72      0         0      
       autoinit.c.obj                 68      0         0      
       fs_tod_t2.asm.obj              56      0         0      
       boot_cortex_m.c.obj            52      0         0      
       i_tofd_t2.asm.obj              46      0         0      
       copy_zero_init.c.obj           28      0         0      
       memccpy.c.obj                  28      0         0      
       s_copysign.c.obj               26      0         0      
       strcmp.c.obj                   24      0         0      
       strchr.c.obj                   22      0         0      
       strcpy.c.obj                   20      0         0      
       strlen.c.obj                   20      0         0      
       wcslen.c.obj                   18      0         0      
       copy_decompress_none.c.obj     14      0         0      
       errno.c.obj                    8       0         4      
       _lock.c.obj                    2       0         8      
       exit.c.obj                     4       0         0      
       pre_init.c.obj                 4       0         0      
       div0.asm.obj                   2       0         0      
    +--+------------------------------+-------+---------+---------+
       Total:                         8769    257       20     
                                                               
       Heap:                          0       0         4096   
       Stack:                         0       0         4096   
       Linker Generated:              0       77        0      
    +--+------------------------------+-------+---------+---------+
       Grand Total:                   16417   977       9062   


LINKER GENERATED COPY TABLES

__TI_cinit_table @ 000043e8 records: 3, size/record: 8, table size: 24
	.data: load addr=000043b0, load size=00000019 bytes, run addr=20002330, run size=0000003d bytes, compression=lzss
	.bss: load addr=000043d8, load size=00000008 bytes, run addr=20002270, run size=000000bd bytes, compression=zero_init
	.vtable: load addr=000043e0, load size=00000008 bytes, run addr=20000000, run size=0000026c bytes, compression=zero_init


LINKER GENERATED HANDLER TABLE

__TI_handler_table @ 000043cc records: 3, size/record: 4, table size: 12
	index: 0, handler: __TI_zero_init
	index: 1, handler: __TI_decompress_lzss
	index: 2, handler: __TI_decompress_none


GLOBAL SYMBOLS: SORTED ALPHABETICALLY BY Name 

address   name                          
-------   ----                          
00003329  ADC0SS0_Handler               
00004295  C$$EXIT                       
0000425d  CPUcpsie                      
00000bc3  GPIOF_Handler                 
0000422f  IntMasterEnable               
00004021  IntRegister                   
00004269  ResetISR                      
000027c1  TIMER3B_Handler               
20001270  __STACK_END                   
00001000  __STACK_SIZE                  
20000470  __STACK_TOP                   
00001000  __SYSMEM_SIZE                 
000043e8  __TI_CINIT_Base               
00004400  __TI_CINIT_Limit              
000043cc  __TI_Handler_Table_Base       
000043d8  __TI_Handler_Table_Limit      
00003ead  __TI_auto_init_nobinit_nopinit
00003c51  __TI_decompress_lzss          
0000424f  __TI_decompress_none          
00003d73  __TI_ltoa                     
ffffffff  __TI_pprof_out_hndl           
00000e8d  __TI_printfi                  
ffffffff  __TI_prof_data_size           
ffffffff  __TI_prof_data_start          
00000000  __TI_static_base__            
00004111  __TI_zero_init_nomemset       
0000397d  __aeabi_cdcmpeq               
0000397d  __aeabi_cdcmple               
00003a03  __aeabi_cdrcmple              
00003be3  __aeabi_d2f                   
00003e65  __aeabi_d2iz                  
00002a97  __aeabi_dadd                  
00003035  __aeabi_ddiv                  
000035b9  __aeabi_dmul                  
00002a8d  __aeabi_dsub                  
00004281  __aeabi_errno_addr            
00003fe9  __aeabi_f2d                   
000040b9  __aeabi_i2d                   
00002c43  __aeabi_idiv0                 
00002c43  __aeabi_ldiv0                 
00003a89  __aeabi_memclr                
00003a89  __aeabi_memclr4               
00003a89  __aeabi_memclr8               
0000384b  __aeabi_memcpy                
0000384b  __aeabi_memcpy4               
0000384b  __aeabi_memcpy8               
00003a8b  __aeabi_memset                
00003a8b  __aeabi_memset4               
00003a8b  __aeabi_memset8               
000038e7  __aeabi_uldivmod              
ffffffff  __binit__                     
ffffffff  __c_args__                    
UNDEFED   __mpu_init                    
20000270  __stack                       
20000000  __start___llvm_prf_cnts       
20000000  __stop___llvm_prf_cnts        
00004055  _c_int00_noargs               
00004298  _ctypes_                      
20002350  _lock                         
000018db  _nop                          
2000236c  _running                      
20001270  _sys_memory                   
UNDEFED   _system_post_cinit            
00004291  _system_pre_init              
20002310  _timeout_ticks                
20002354  _unlock                       
00004295  abort                         
000034b9  aligned_alloc                 
00003e19  atoi                          
ffffffff  binit                         
00003fb1  calloc                        
00004165  copysign                      
00004165  copysignl                     
00002301  cyBOT_SERVO_cal               
0000228f  cyBOT_Scan                    
00002237  cyBOT_init_Scan               
20002360  cyBOT_scan_features           
00002229  cyBOT_scan_version            
00002d4d  cyBot_UART1_Handler           
00002d33  cyBot_getByte                 
00002c45  cyBot_sendByte                
00002d15  cyBot_uart_flush              
00002c83  cyBot_uart_init               
00002c6b  cyBot_uart_sendBuffer         
00002c51  cyBot_uart_sendStr            
20002368  errno                         
20002314  fallingEdge                   
000036b5  free                          
00003cb9  frexp                         
00003cb9  frexpl                        
20000000  g_pfnRAMVectors               
00000000  g_pfnVectors                  
0000097f  go_charge                     
0000333f  ir_enableInterrupt            
00003321  ir_getDistance                
000032f9  ir_getValue                   
00003291  ir_init                       
2000232c  isRisingEdge                  
200022c4  isr_char_buffer               
20002364  isr_counter                   
20002318  isr_int_value                 
0000423f  lcd_clear                     
00001e65  lcd_gotoLine                  
00001ccd  lcd_init                      
00001ecb  lcd_printf                    
00001d8d  lcd_putc                      
00001dc5  lcd_puts                      
00001c91  lcd_reverseNibble             
00001de3  lcd_sendCommand               
00001e21  lcd_sendNibble                
00001e8d  lcd_setCursorPos              
000033a9  ldexp                         
000033a9  ldexpl                        
2000231c  left_calibration_value        
000018dd  main                          
00004289  malloc                        
000034b9  memalign                      
00004149  memccpy                       
0000384b  memcpy                        
00003a91  memset                        
20002330  motor_cal_factor_L            
20002334  motor_cal_factor_R            
0000026d  oi_alloc                      
00000aa9  oi_checkFirmware              
000002c7  oi_close                      
00000279  oi_free                       
00000ded  oi_getMotorCalibrationLeft    
00000e01  oi_getMotorCalibrationRight   
000002b1  oi_init                       
00000289  oi_init_noupdate              
00000915  oi_loadSong                   
000041af  oi_parseInt                   
0000032b  oi_parsePacket                
0000096b  oi_play_song                  
0000084b  oi_setLeds                    
00000db1  oi_setMotorCalibration        
0000088f  oi_setWheels                  
00000b51  oi_shutoff_init               
0000098d  oi_uartInit                   
00000a31  oi_uartReceive                
00000a77  oi_uartSendBuff               
00000a15  oi_uartSendChar               
00000a59  oi_uartSendStr                
000002d9  oi_update                     
00002813  ping_getDistance              
000026d1  ping_init                     
00002757  ping_trigger                  
20002320  pulseLength                   
20002324  right_calibration_value       
20002328  risingEdge                    
000033a9  scalbn                        
000033a9  scalbnl                       
00001b71  scanRange                     
00002da1  servo_init                    
00002e31  servo_move                    
00002e91  servo_setPWM                  
00002e25  servo_stop                    
00003ef1  sprintf                       
000041df  strchr                        
000041c7  strcmp                        
000041f5  strcpy                        
00001bf9  stringReturn                  
00004209  strlen                        
000025a7  timer_getMicros               
0000254f  timer_getMillis               
00002489  timer_init                    
0000252b  timer_pause                   
0000253d  timer_resume                  
00002501  timer_stop                    
00002601  timer_waitMicros              
00002633  timer_waitMillis              
00003f31  vsnprintf                     
0000421d  wcslen                        


GLOBAL SYMBOLS: SORTED BY Symbol Address 

address   name                          
-------   ----                          
00000000  __TI_static_base__            
00000000  g_pfnVectors                  
0000026d  oi_alloc                      
00000279  oi_free                       
00000289  oi_init_noupdate              
000002b1  oi_init                       
000002c7  oi_close                      
000002d9  oi_update                     
0000032b  oi_parsePacket                
0000084b  oi_setLeds                    
0000088f  oi_setWheels                  
00000915  oi_loadSong                   
0000096b  oi_play_song                  
0000097f  go_charge                     
0000098d  oi_uartInit                   
00000a15  oi_uartSendChar               
00000a31  oi_uartReceive                
00000a59  oi_uartSendStr                
00000a77  oi_uartSendBuff               
00000aa9  oi_checkFirmware              
00000b51  oi_shutoff_init               
00000bc3  GPIOF_Handler                 
00000db1  oi_setMotorCalibration        
00000ded  oi_getMotorCalibrationLeft    
00000e01  oi_getMotorCalibrationRight   
00000e8d  __TI_printfi                  
00001000  __STACK_SIZE                  
00001000  __SYSMEM_SIZE                 
000018db  _nop                          
000018dd  main                          
00001b71  scanRange                     
00001bf9  stringReturn                  
00001c91  lcd_reverseNibble             
00001ccd  lcd_init                      
00001d8d  lcd_putc                      
00001dc5  lcd_puts                      
00001de3  lcd_sendCommand               
00001e21  lcd_sendNibble                
00001e65  lcd_gotoLine                  
00001e8d  lcd_setCursorPos              
00001ecb  lcd_printf                    
00002229  cyBOT_scan_version            
00002237  cyBOT_init_Scan               
0000228f  cyBOT_Scan                    
00002301  cyBOT_SERVO_cal               
00002489  timer_init                    
00002501  timer_stop                    
0000252b  timer_pause                   
0000253d  timer_resume                  
0000254f  timer_getMillis               
000025a7  timer_getMicros               
00002601  timer_waitMicros              
00002633  timer_waitMillis              
000026d1  ping_init                     
00002757  ping_trigger                  
000027c1  TIMER3B_Handler               
00002813  ping_getDistance              
00002a8d  __aeabi_dsub                  
00002a97  __aeabi_dadd                  
00002c43  __aeabi_idiv0                 
00002c43  __aeabi_ldiv0                 
00002c45  cyBot_sendByte                
00002c51  cyBot_uart_sendStr            
00002c6b  cyBot_uart_sendBuffer         
00002c83  cyBot_uart_init               
00002d15  cyBot_uart_flush              
00002d33  cyBot_getByte                 
00002d4d  cyBot_UART1_Handler           
00002da1  servo_init                    
00002e25  servo_stop                    
00002e31  servo_move                    
00002e91  servo_setPWM                  
00003035  __aeabi_ddiv                  
00003291  ir_init                       
000032f9  ir_getValue                   
00003321  ir_getDistance                
00003329  ADC0SS0_Handler               
0000333f  ir_enableInterrupt            
000033a9  ldexp                         
000033a9  ldexpl                        
000033a9  scalbn                        
000033a9  scalbnl                       
000034b9  aligned_alloc                 
000034b9  memalign                      
000035b9  __aeabi_dmul                  
000036b5  free                          
0000384b  __aeabi_memcpy                
0000384b  __aeabi_memcpy4               
0000384b  __aeabi_memcpy8               
0000384b  memcpy                        
000038e7  __aeabi_uldivmod              
0000397d  __aeabi_cdcmpeq               
0000397d  __aeabi_cdcmple               
00003a03  __aeabi_cdrcmple              
00003a89  __aeabi_memclr                
00003a89  __aeabi_memclr4               
00003a89  __aeabi_memclr8               
00003a8b  __aeabi_memset                
00003a8b  __aeabi_memset4               
00003a8b  __aeabi_memset8               
00003a91  memset                        
00003be3  __aeabi_d2f                   
00003c51  __TI_decompress_lzss          
00003cb9  frexp                         
00003cb9  frexpl                        
00003d73  __TI_ltoa                     
00003e19  atoi                          
00003e65  __aeabi_d2iz                  
00003ead  __TI_auto_init_nobinit_nopinit
00003ef1  sprintf                       
00003f31  vsnprintf                     
00003fb1  calloc                        
00003fe9  __aeabi_f2d                   
00004021  IntRegister                   
00004055  _c_int00_noargs               
000040b9  __aeabi_i2d                   
00004111  __TI_zero_init_nomemset       
00004149  memccpy                       
00004165  copysign                      
00004165  copysignl                     
000041af  oi_parseInt                   
000041c7  strcmp                        
000041df  strchr                        
000041f5  strcpy                        
00004209  strlen                        
0000421d  wcslen                        
0000422f  IntMasterEnable               
0000423f  lcd_clear                     
0000424f  __TI_decompress_none          
0000425d  CPUcpsie                      
00004269  ResetISR                      
00004281  __aeabi_errno_addr            
00004289  malloc                        
00004291  _system_pre_init              
00004295  C$$EXIT                       
00004295  abort                         
00004298  _ctypes_                      
000043cc  __TI_Handler_Table_Base       
000043d8  __TI_Handler_Table_Limit      
000043e8  __TI_CINIT_Base               
00004400  __TI_CINIT_Limit              
20000000  __start___llvm_prf_cnts       
20000000  __stop___llvm_prf_cnts        
20000000  g_pfnRAMVectors               
20000270  __stack                       
20000470  __STACK_TOP                   
20001270  __STACK_END                   
20001270  _sys_memory                   
200022c4  isr_char_buffer               
20002310  _timeout_ticks                
20002314  fallingEdge                   
20002318  isr_int_value                 
2000231c  left_calibration_value        
20002320  pulseLength                   
20002324  right_calibration_value       
20002328  risingEdge                    
2000232c  isRisingEdge                  
20002330  motor_cal_factor_L            
20002334  motor_cal_factor_R            
20002350  _lock                         
20002354  _unlock                       
20002360  cyBOT_scan_features           
20002364  isr_counter                   
20002368  errno                         
2000236c  _running                      
ffffffff  __TI_pprof_out_hndl           
ffffffff  __TI_prof_data_size           
ffffffff  __TI_prof_data_start          
ffffffff  __binit__                     
ffffffff  __c_args__                    
ffffffff  binit                         
UNDEFED   __mpu_init                    
UNDEFED   _system_post_cinit            

[173 symbols]
