******************************************************************************
                  TI ARM Linker PC v20.2.6                     
******************************************************************************
>> Linked Thu Apr 27 11:55:23 2023

OUTPUT FILE NAME:   <movementDemo.out>
ENTRY POINT SYMBOL: "_c_int00_noargs"  address: 00004069


MEMORY CONFIGURATION

         name            origin    length      used     unused   attr    fill
----------------------  --------  ---------  --------  --------  ----  --------
  FLASH                 00000000   00040000  000043f0  0003bc10  R  X
  SRAM                  20000000   00008000  0000232e  00005cd2  RW X


SEGMENT ALLOCATION MAP

run origin  load origin   length   init length attrs members
----------  ----------- ---------- ----------- ----- -------
00000000    00000000    000043f0   000043f0    r-x
  00000000    00000000    0000026c   0000026c    r-- .intvecs
  0000026c    0000026c    0000401c   0000401c    r-x .text
  00004288    00004288    00000118   00000118    r-- .const
  000043a0    000043a0    00000050   00000050    r-- .cinit
20000000    20000000    00002335   00000000    rw-
  20000000    20000000    0000026c   00000000    rw- .vtable
  20000270    20000270    00001000   00000000    rw- .stack
  20001270    20001270    00001000   00000000    rw- .sysmem
  20002270    20002270    00000089   00000000    rw- .bss
  200022fc    200022fc    00000039   00000000    rw- .data


SECTION ALLOCATION MAP

 output                                  attributes/
section   page    origin      length       input sections
--------  ----  ----------  ----------   ----------------
.intvecs   0    00000000    0000026c     
                  00000000    0000026c     tm4c123gh6pm_startup_ccs.obj (.intvecs)

.text      0    0000026c    0000401c     
                  0000026c    00000c20     open_interface.obj (.text)
                  00000e8c    00000a4e     rtsv7M4_T_le_v4SPD16_eabi.lib : _printfi.c.obj (.text:__TI_printfi)
                  000018da    00000002                                   : _lock.c.obj (.text:_nop)
                  000018dc    0000035c     movement.obj (.text)
                  00001c38    00000328     lcd.obj (.text)
                  00001f60    00000270     rtsv7M4_T_le_v4SPD16_eabi.lib : _printfi.c.obj (.text:_pconv_a)
                  000021d0    00000260     libcybotScan.lib : cyBot_Scan.obj (.text)
                  00002430    00000248     Timer.obj (.text)
                  00002678    000001ec     libcybotScan.lib : ping.obj (.text)
                  00002864    000001d0     rtsv7M4_T_le_v4SPD16_eabi.lib : _printfi.c.obj (.text:_pconv_g)
                  00002a34    000001b6                                   : fd_add_t2.asm.obj (.text)
                  00002bea    00000002                                   : div0.asm.obj (.text)
                  00002bec    00000160     uart.obj (.text)
                  00002d4c    00000158     libcybotScan.lib : servo.obj (.text)
                  00002ea4    0000013c     rtsv7M4_T_le_v4SPD16_eabi.lib : _printfi.c.obj (.text:_pconv_e)
                  00002fe0    00000136                                   : fd_div_t2.asm.obj (.text)
                  00003116    00000002     --HOLE-- [fill = 0]
                  00003118    00000124                                   : _printfi.c.obj (.text:fcvt)
                  0000323c    00000118     libcybotScan.lib : ir.obj (.text)
                  00003354    00000110     rtsv7M4_T_le_v4SPD16_eabi.lib : s_scalbn.c.obj (.text:scalbn)
                  00003464    00000100                                   : memory.c.obj (.text:aligned_alloc)
                  00003564    000000fc                                   : fd_mul_t2.asm.obj (.text)
                  00003660    000000e4                                   : memory.c.obj (.text:free)
                  00003744    000000b1                                   : _printfi.c.obj (.text:_ltostr)
                  000037f5    00000003     --HOLE-- [fill = 0]
                  000037f8    000000a8     lab7.obj (.text)
                  000038a0    0000009c     rtsv7M4_T_le_v4SPD16_eabi.lib : memcpy_t2.asm.obj (.text)
                  0000393c    00000096                                   : ull_div_t2.asm.obj (.text)
                  000039d2    00000086                                   : fd_cmp_t2.asm.obj (.text:__aeabi_cdcmple)
                  00003a58    00000086                                   : fd_cmp_t2.asm.obj (.text:__aeabi_cdrcmple)
                  00003ade    0000007a                                   : memset_t2.asm.obj (.text)
                  00003b58    00000070                                   : memory.c.obj (.text:split)
                  00003bc8    0000006e                                   : _printfi.c.obj (.text:_mcpy)
                  00003c36    0000006e                                   : fd_tos_t2.asm.obj (.text)
                  00003ca4    00000068                                   : copy_decompress_lzss.c.obj (.text:decompress:lzss:__TI_decompress_lzss)
                  00003d0c    00000064                                   : s_frexp.c.obj (.text:frexp)
                  00003d70    00000056                                   : _printfi.c.obj (.text:_pconv_f)
                  00003dc6    00000054                                   : _ltoa.c.obj (.text:__TI_ltoa)
                  00003e1a    00000052                                   : _printfi.c.obj (.text:_ecpy)
                  00003e6c    0000004c                                   : atoi.c.obj (.text:atoi)
                  00003eb8    00000048                                   : fd_toi_t2.asm.obj (.text)
                  00003f00    00000044                                   : autoinit.c.obj (.text:__TI_auto_init_nobinit_nopinit:__TI_auto_init_nobinit_nopinit)
                  00003f44    00000040                                   : vsnprintf.c.obj (.text:vsnprintf)
                  00003f84    0000003e                                   : _printfi.c.obj (.text:_fcpy)
                  00003fc2    00000002     --HOLE-- [fill = 0]
                  00003fc4    00000038                                   : memory.c.obj (.text:calloc)
                  00003ffc    00000038                                   : fs_tod_t2.asm.obj (.text)
                  00004034    00000034     driverlib.lib : interrupt.obj (.text:IntRegister)
                  00004068    00000034     rtsv7M4_T_le_v4SPD16_eabi.lib : boot_cortex_m.c.obj (.text:_c_int00_noargs:_c_int00_noargs)
                  0000409c    00000030                                   : vsnprintf.c.obj (.text:_outs)
                  000040cc    0000002e                                   : i_tofd_t2.asm.obj (.text)
                  000040fa    00000002     --HOLE-- [fill = 0]
                  000040fc    00000028                                   : memory.c.obj (.text:free_list_insert)
                  00004124    0000001c                                   : copy_zero_init.c.obj (.text:decompress:ZI:__TI_zero_init_nomemset:__TI_zero_init_nomemset)
                  00004140    0000001c                                   : memory.c.obj (.text:free_list_remove)
                  0000415c    0000001c                                   : memccpy.c.obj (.text:memccpy)
                  00004178    0000001a                                   : s_copysign.c.obj (.text:copysign)
                  00004192    00000018                                   : vsnprintf.c.obj (.text:_outc)
                  000041aa    00000018     open_interface.obj (.text:oi_parseInt)
                  000041c2    00000018     rtsv7M4_T_le_v4SPD16_eabi.lib : strcmp.c.obj (.text:strcmp)
                  000041da    00000016                                   : strchr.c.obj (.text:strchr)
                  000041f0    00000014                                   : strcpy.c.obj (.text:strcpy)
                  00004204    00000014                                   : strlen.c.obj (.text:strlen)
                  00004218    00000012                                   : wcslen.c.obj (.text:wcslen)
                  0000422a    00000010     driverlib.lib : interrupt.obj (.text:IntMasterEnable)
                  0000423a    00000010     lcd.obj (.text:lcd_clear)
                  0000424a    0000000e     rtsv7M4_T_le_v4SPD16_eabi.lib : copy_decompress_none.c.obj (.text:decompress:none:__TI_decompress_none)
                  00004258    0000000c     driverlib.lib : cpu.obj (.text:CPUcpsie)
                  00004264    0000000c     tm4c123gh6pm_startup_ccs.obj (.text)
                  00004270    00000008     rtsv7M4_T_le_v4SPD16_eabi.lib : errno.c.obj (.text:__aeabi_errno_addr)
                  00004278    00000008                                   : memory.c.obj (.text:malloc)
                  00004280    00000004                                   : pre_init.c.obj (.text:_system_pre_init)
                  00004284    00000004                                   : exit.c.obj (.text:abort:abort)

.const     0    00004288    00000118     
                  00004288    00000101     rtsv7M4_T_le_v4SPD16_eabi.lib : ctype.c.obj (.const:.string:_ctypes_)
                  00004389    0000000f     open_interface.obj (.const:.string:$P$T0$3)
                  00004398    00000004     lcd.obj (.const:.string:lineAddress$1)
                  0000439c    00000004     lcd.obj (.const:.string:lineAddresses$2)

.cinit     0    000043a0    00000050     
                  000043a0    00000018     (.cinit..data.load) [load image, compression = lzss]
                  000043b8    0000000c     (__TI_handler_table)
                  000043c4    00000004     --HOLE-- [fill = 0]
                  000043c8    00000008     (.cinit..bss.load) [load image, compression = zero_init]
                  000043d0    00000008     (.cinit..vtable.load) [load image, compression = zero_init]
                  000043d8    00000018     (__TI_cinit_table)

.init_array 
*          0    00000000    00000000     UNINITIALIZED

.vtable    0    20000000    0000026c     UNINITIALIZED
                  20000000    0000026c     driverlib.lib : interrupt.obj (.vtable)

.stack     0    20000270    00001000     UNINITIALIZED
                  20000270    00000004     rtsv7M4_T_le_v4SPD16_eabi.lib : boot_cortex_m.c.obj (.stack)
                  20000274    00000ffc     --HOLE--

.sysmem    0    20001270    00001000     UNINITIALIZED
                  20001270    00000010     rtsv7M4_T_le_v4SPD16_eabi.lib : memory.c.obj (.sysmem)
                  20001280    00000ff0     --HOLE--

.bss       0    20002270    00000089     UNINITIALIZED
                  20002270    00000054     lcd.obj (.bss:lastbuffer$3)
                  200022c4    00000018     open_interface.obj (.bss:firmware$2)
                  200022dc    00000004     (.common:_timeout_ticks)
                  200022e0    00000004     (.common:fallingEdge)
                  200022e4    00000004     (.common:isr_int_value)
                  200022e8    00000004     (.common:left_calibration_value)
                  200022ec    00000004     (.common:pulseLength)
                  200022f0    00000004     (.common:right_calibration_value)
                  200022f4    00000004     (.common:risingEdge)
                  200022f8    00000001     (.common:isRisingEdge)

.data      0    200022fc    00000039     UNINITIALIZED
                  200022fc    00000020     open_interface.obj (.data)
                  2000231c    00000008     rtsv7M4_T_le_v4SPD16_eabi.lib : _lock.c.obj (.data:$O1$$)
                  20002324    00000008                                   : memory.c.obj (.data:$O1$$)
                  2000232c    00000004     libcybotScan.lib : cyBot_Scan.obj (.data)
                  20002330    00000004     rtsv7M4_T_le_v4SPD16_eabi.lib : errno.c.obj (.data)
                  20002334    00000001     Timer.obj (.data)

__llvm_prf_cnts 
*          0    20000000    00000000     UNINITIALIZED

MODULE SUMMARY

       Module                         code    ro data   rw data
       ------                         ----    -------   -------
    .\
       open_interface.obj             3128    15        56     
       lcd.obj                        824     8         84     
       movement.obj                   860     0         0      
       tm4c123gh6pm_startup_ccs.obj   12      620       0      
       Timer.obj                      584     0         5      
       uart.obj                       352     0         0      
       lab7.obj                       168     0         8      
    +--+------------------------------+-------+---------+---------+
       Total:                         5928    643       153    
                                                               
    ../libcybotScan.lib
       cyBot_Scan.obj                 608     0         4      
       ping.obj                       492     0         13     
       servo.obj                      344     0         0      
       ir.obj                         280     0         4      
    +--+------------------------------+-------+---------+---------+
       Total:                         1724    0         21     
                                                               
    C:/ti/TivaWare_C_Series-2.2.0.295/driverlib/ccs/Debug/driverlib.lib
       interrupt.obj                  68      0         620    
       cpu.obj                        12      0         0      
    +--+------------------------------+-------+---------+---------+
       Total:                         80      0         620    
                                                               
    C:\ti\ccs1200\ccs\tools\compiler\ti-cgt-arm_20.2.6.LTS\lib\rtsv7M4_T_le_v4SPD16_eabi.lib
       _printfi.c.obj                 4851    0         0      
       memory.c.obj                   728     0         8      
       fd_add_t2.asm.obj              438     0         0      
       fd_div_t2.asm.obj              310     0         0      
       s_scalbn.c.obj                 272     0         0      
       fd_cmp_t2.asm.obj              268     0         0      
       ctype.c.obj                    0       257       0      
       fd_mul_t2.asm.obj              252     0         0      
       memcpy_t2.asm.obj              156     0         0      
       ull_div_t2.asm.obj             150     0         0      
       vsnprintf.c.obj                136     0         0      
       memset_t2.asm.obj              122     0         0      
       fd_tos_t2.asm.obj              110     0         0      
       copy_decompress_lzss.c.obj     104     0         0      
       s_frexp.c.obj                  100     0         0      
       _ltoa.c.obj                    84      0         0      
       atoi.c.obj                     76      0         0      
       fd_toi_t2.asm.obj              72      0         0      
       autoinit.c.obj                 68      0         0      
       fs_tod_t2.asm.obj              56      0         0      
       boot_cortex_m.c.obj            52      0         0      
       i_tofd_t2.asm.obj              46      0         0      
       copy_zero_init.c.obj           28      0         0      
       memccpy.c.obj                  28      0         0      
       s_copysign.c.obj               26      0         0      
       strcmp.c.obj                   24      0         0      
       strchr.c.obj                   22      0         0      
       strcpy.c.obj                   20      0         0      
       strlen.c.obj                   20      0         0      
       wcslen.c.obj                   18      0         0      
       copy_decompress_none.c.obj     14      0         0      
       errno.c.obj                    8       0         4      
       _lock.c.obj                    2       0         8      
       exit.c.obj                     4       0         0      
       pre_init.c.obj                 4       0         0      
       div0.asm.obj                   2       0         0      
    +--+------------------------------+-------+---------+---------+
       Total:                         8671    257       20     
                                                               
       Heap:                          0       0         4096   
       Stack:                         0       0         4096   
       Linker Generated:              0       76        0      
    +--+------------------------------+-------+---------+---------+
       Grand Total:                   16403   976       9006   


LINKER GENERATED COPY TABLES

__TI_cinit_table @ 000043d8 records: 3, size/record: 8, table size: 24
	.data: load addr=000043a0, load size=00000018 bytes, run addr=200022fc, run size=00000039 bytes, compression=lzss
	.bss: load addr=000043c8, load size=00000008 bytes, run addr=20002270, run size=00000089 bytes, compression=zero_init
	.vtable: load addr=000043d0, load size=00000008 bytes, run addr=20000000, run size=0000026c bytes, compression=zero_init


LINKER GENERATED HANDLER TABLE

__TI_handler_table @ 000043b8 records: 3, size/record: 4, table size: 12
	index: 0, handler: __TI_zero_init
	index: 1, handler: __TI_decompress_lzss
	index: 2, handler: __TI_decompress_none


GLOBAL SYMBOLS: SORTED ALPHABETICALLY BY Name 

address   name                          
-------   ----                          
000032d5  ADC0SS0_Handler               
00004285  C$$EXIT                       
00004259  CPUcpsie                      
00000bc3  GPIOF_Handler                 
0000422b  IntMasterEnable               
00004035  IntRegister                   
00004265  ResetISR                      
00002769  TIMER3B_Handler               
20001270  __STACK_END                   
00001000  __STACK_SIZE                  
20000470  __STACK_TOP                   
00001000  __SYSMEM_SIZE                 
000043d8  __TI_CINIT_Base               
000043f0  __TI_CINIT_Limit              
000043b8  __TI_Handler_Table_Base       
000043c4  __TI_Handler_Table_Limit      
00003f01  __TI_auto_init_nobinit_nopinit
00003ca5  __TI_decompress_lzss          
0000424b  __TI_decompress_none          
00003dc7  __TI_ltoa                     
ffffffff  __TI_pprof_out_hndl           
00000e8d  __TI_printfi                  
ffffffff  __TI_prof_data_size           
ffffffff  __TI_prof_data_start          
00000000  __TI_static_base__            
00004125  __TI_zero_init_nomemset       
000039d3  __aeabi_cdcmpeq               
000039d3  __aeabi_cdcmple               
00003a59  __aeabi_cdrcmple              
00003c37  __aeabi_d2f                   
00003eb9  __aeabi_d2iz                  
00002a3f  __aeabi_dadd                  
00002fe1  __aeabi_ddiv                  
00003565  __aeabi_dmul                  
00002a35  __aeabi_dsub                  
00004271  __aeabi_errno_addr            
00003ffd  __aeabi_f2d                   
000040cd  __aeabi_i2d                   
00002beb  __aeabi_idiv0                 
00002beb  __aeabi_ldiv0                 
00003adf  __aeabi_memclr                
00003adf  __aeabi_memclr4               
00003adf  __aeabi_memclr8               
000038a1  __aeabi_memcpy                
000038a1  __aeabi_memcpy4               
000038a1  __aeabi_memcpy8               
00003ae1  __aeabi_memset                
00003ae1  __aeabi_memset4               
00003ae1  __aeabi_memset8               
0000393d  __aeabi_uldivmod              
ffffffff  __binit__                     
ffffffff  __c_args__                    
UNDEFED   __mpu_init                    
20000270  __stack                       
20000000  __start___llvm_prf_cnts       
20000000  __stop___llvm_prf_cnts        
00004069  _c_int00_noargs               
00004288  _ctypes_                      
2000231c  _lock                         
000018db  _nop                          
20002334  _running                      
20001270  _sys_memory                   
UNDEFED   _system_post_cinit            
00004281  _system_pre_init              
200022dc  _timeout_ticks                
20002320  _unlock                       
00004285  abort                         
00003465  aligned_alloc                 
00003e6d  atoi                          
ffffffff  binit                         
00003fc5  calloc                        
00004179  copysign                      
00004179  copysignl                     
000022a9  cyBOT_SERVO_cal               
00002237  cyBOT_Scan                    
000021df  cyBOT_init_Scan               
2000232c  cyBOT_scan_features           
000021d1  cyBOT_scan_version            
20002330  errno                         
200022e0  fallingEdge                   
00003661  free                          
00003d0d  frexp                         
00003d0d  frexpl                        
20000000  g_pfnRAMVectors               
00000000  g_pfnVectors                  
0000097f  go_charge                     
000032eb  ir_enableInterrupt            
000032cd  ir_getDistance                
000032a5  ir_getValue                   
0000323d  ir_init                       
200022f8  isRisingEdge                  
200022e4  isr_int_value                 
0000423b  lcd_clear                     
00001e0d  lcd_gotoLine                  
00001c75  lcd_init                      
00001e73  lcd_printf                    
00001d35  lcd_putc                      
00001d6d  lcd_puts                      
00001c39  lcd_reverseNibble             
00001d8b  lcd_sendCommand               
00001dc9  lcd_sendNibble                
00001e35  lcd_setCursorPos              
00003355  ldexp                         
00003355  ldexpl                        
200022e8  left_calibration_value        
000037f9  main                          
00004279  malloc                        
00003465  memalign                      
0000415d  memccpy                       
000038a1  memcpy                        
00003ae7  memset                        
200022fc  motor_cal_factor_L            
20002300  motor_cal_factor_R            
00001a5d  move_backward                 
000018dd  move_forward                  
0000026d  oi_alloc                      
00000aa9  oi_checkFirmware              
000002c7  oi_close                      
00000279  oi_free                       
00000ded  oi_getMotorCalibrationLeft    
00000e01  oi_getMotorCalibrationRight   
000002b1  oi_init                       
00000289  oi_init_noupdate              
00000915  oi_loadSong                   
000041ab  oi_parseInt                   
0000032b  oi_parsePacket                
0000096b  oi_play_song                  
0000084b  oi_setLeds                    
00000db1  oi_setMotorCalibration        
0000088f  oi_setWheels                  
00000b51  oi_shutoff_init               
0000098d  oi_uartInit                   
00000a31  oi_uartReceive                
00000a77  oi_uartSendBuff               
00000a15  oi_uartSendChar               
00000a59  oi_uartSendStr                
000002d9  oi_update                     
000027bb  ping_getDistance              
00002679  ping_init                     
000026ff  ping_trigger                  
200022ec  pulseLength                   
200022f0  right_calibration_value       
200022f4  risingEdge                    
00003355  scalbn                        
00003355  scalbnl                       
00002d4d  servo_init                    
00002ddd  servo_move                    
00002e3d  servo_setPWM                  
00002dd1  servo_stop                    
000041db  strchr                        
000041c3  strcmp                        
000041f1  strcpy                        
00004205  strlen                        
0000254f  timer_getMicros               
000024f7  timer_getMillis               
00002431  timer_init                    
000024d3  timer_pause                   
000024e5  timer_resume                  
000024a9  timer_stop                    
000025a9  timer_waitMicros              
000025db  timer_waitMillis              
00001af1  turn_degrees_left             
00001b81  turn_degrees_right            
00001995  turn_left                     
000019f9  turn_right                    
00002bed  uart_init                     
00002c9b  uart_receive                  
00002ce9  uart_receive_nonblocking      
00002c7f  uart_sendChar                 
00002cc1  uart_sendStr                  
00003f45  vsnprintf                     
00004219  wcslen                        


GLOBAL SYMBOLS: SORTED BY Symbol Address 

address   name                          
-------   ----                          
00000000  __TI_static_base__            
00000000  g_pfnVectors                  
0000026d  oi_alloc                      
00000279  oi_free                       
00000289  oi_init_noupdate              
000002b1  oi_init                       
000002c7  oi_close                      
000002d9  oi_update                     
0000032b  oi_parsePacket                
0000084b  oi_setLeds                    
0000088f  oi_setWheels                  
00000915  oi_loadSong                   
0000096b  oi_play_song                  
0000097f  go_charge                     
0000098d  oi_uartInit                   
00000a15  oi_uartSendChar               
00000a31  oi_uartReceive                
00000a59  oi_uartSendStr                
00000a77  oi_uartSendBuff               
00000aa9  oi_checkFirmware              
00000b51  oi_shutoff_init               
00000bc3  GPIOF_Handler                 
00000db1  oi_setMotorCalibration        
00000ded  oi_getMotorCalibrationLeft    
00000e01  oi_getMotorCalibrationRight   
00000e8d  __TI_printfi                  
00001000  __STACK_SIZE                  
00001000  __SYSMEM_SIZE                 
000018db  _nop                          
000018dd  move_forward                  
00001995  turn_left                     
000019f9  turn_right                    
00001a5d  move_backward                 
00001af1  turn_degrees_left             
00001b81  turn_degrees_right            
00001c39  lcd_reverseNibble             
00001c75  lcd_init                      
00001d35  lcd_putc                      
00001d6d  lcd_puts                      
00001d8b  lcd_sendCommand               
00001dc9  lcd_sendNibble                
00001e0d  lcd_gotoLine                  
00001e35  lcd_setCursorPos              
00001e73  lcd_printf                    
000021d1  cyBOT_scan_version            
000021df  cyBOT_init_Scan               
00002237  cyBOT_Scan                    
000022a9  cyBOT_SERVO_cal               
00002431  timer_init                    
000024a9  timer_stop                    
000024d3  timer_pause                   
000024e5  timer_resume                  
000024f7  timer_getMillis               
0000254f  timer_getMicros               
000025a9  timer_waitMicros              
000025db  timer_waitMillis              
00002679  ping_init                     
000026ff  ping_trigger                  
00002769  TIMER3B_Handler               
000027bb  ping_getDistance              
00002a35  __aeabi_dsub                  
00002a3f  __aeabi_dadd                  
00002beb  __aeabi_idiv0                 
00002beb  __aeabi_ldiv0                 
00002bed  uart_init                     
00002c7f  uart_sendChar                 
00002c9b  uart_receive                  
00002cc1  uart_sendStr                  
00002ce9  uart_receive_nonblocking      
00002d4d  servo_init                    
00002dd1  servo_stop                    
00002ddd  servo_move                    
00002e3d  servo_setPWM                  
00002fe1  __aeabi_ddiv                  
0000323d  ir_init                       
000032a5  ir_getValue                   
000032cd  ir_getDistance                
000032d5  ADC0SS0_Handler               
000032eb  ir_enableInterrupt            
00003355  ldexp                         
00003355  ldexpl                        
00003355  scalbn                        
00003355  scalbnl                       
00003465  aligned_alloc                 
00003465  memalign                      
00003565  __aeabi_dmul                  
00003661  free                          
000037f9  main                          
000038a1  __aeabi_memcpy                
000038a1  __aeabi_memcpy4               
000038a1  __aeabi_memcpy8               
000038a1  memcpy                        
0000393d  __aeabi_uldivmod              
000039d3  __aeabi_cdcmpeq               
000039d3  __aeabi_cdcmple               
00003a59  __aeabi_cdrcmple              
00003adf  __aeabi_memclr                
00003adf  __aeabi_memclr4               
00003adf  __aeabi_memclr8               
00003ae1  __aeabi_memset                
00003ae1  __aeabi_memset4               
00003ae1  __aeabi_memset8               
00003ae7  memset                        
00003c37  __aeabi_d2f                   
00003ca5  __TI_decompress_lzss          
00003d0d  frexp                         
00003d0d  frexpl                        
00003dc7  __TI_ltoa                     
00003e6d  atoi                          
00003eb9  __aeabi_d2iz                  
00003f01  __TI_auto_init_nobinit_nopinit
00003f45  vsnprintf                     
00003fc5  calloc                        
00003ffd  __aeabi_f2d                   
00004035  IntRegister                   
00004069  _c_int00_noargs               
000040cd  __aeabi_i2d                   
00004125  __TI_zero_init_nomemset       
0000415d  memccpy                       
00004179  copysign                      
00004179  copysignl                     
000041ab  oi_parseInt                   
000041c3  strcmp                        
000041db  strchr                        
000041f1  strcpy                        
00004205  strlen                        
00004219  wcslen                        
0000422b  IntMasterEnable               
0000423b  lcd_clear                     
0000424b  __TI_decompress_none          
00004259  CPUcpsie                      
00004265  ResetISR                      
00004271  __aeabi_errno_addr            
00004279  malloc                        
00004281  _system_pre_init              
00004285  C$$EXIT                       
00004285  abort                         
00004288  _ctypes_                      
000043b8  __TI_Handler_Table_Base       
000043c4  __TI_Handler_Table_Limit      
000043d8  __TI_CINIT_Base               
000043f0  __TI_CINIT_Limit              
20000000  __start___llvm_prf_cnts       
20000000  __stop___llvm_prf_cnts        
20000000  g_pfnRAMVectors               
20000270  __stack                       
20000470  __STACK_TOP                   
20001270  __STACK_END                   
20001270  _sys_memory                   
200022dc  _timeout_ticks                
200022e0  fallingEdge                   
200022e4  isr_int_value                 
200022e8  left_calibration_value        
200022ec  pulseLength                   
200022f0  right_calibration_value       
200022f4  risingEdge                    
200022f8  isRisingEdge                  
200022fc  motor_cal_factor_L            
20002300  motor_cal_factor_R            
2000231c  _lock                         
20002320  _unlock                       
2000232c  cyBOT_scan_features           
20002330  errno                         
20002334  _running                      
ffffffff  __TI_pprof_out_hndl           
ffffffff  __TI_prof_data_size           
ffffffff  __TI_prof_data_start          
ffffffff  __binit__                     
ffffffff  __c_args__                    
ffffffff  binit                         
UNDEFED   __mpu_init                    
UNDEFED   _system_post_cinit            

[172 symbols]
