******************************************************************************
                  TI ARM Linker PC v20.2.6                     
******************************************************************************
>> Linked Tue Apr 25 17:29:20 2023

OUTPUT FILE NAME:   <Lab10.out>
ENTRY POINT SYMBOL: "_c_int00_noargs"  address: 00002795


MEMORY CONFIGURATION

         name            origin    length      used     unused   attr    fill
----------------------  --------  ---------  --------  --------  ----  --------
  FLASH                 00000000   00040000  00002a9d  0003d563  R  X
  SRAM                  20000000   00008000  000022ca  00005d36  RW X


SEGMENT ALLOCATION MAP

run origin  load origin   length   init length attrs members
----------  ----------- ---------- ----------- ----- -------
00000000    00000000    00002aa0   00002aa0    r-x
  00000000    00000000    0000026c   0000026c    r-- .intvecs
  0000026c    0000026c    000026e8   000026e8    r-x .text
  00002954    00002954    00000109   00000109    r-- .const
  00002a60    00002a60    00000040   00000040    r-- .cinit
20000000    20000000    000022ce   00000000    rw-
  20000000    20000000    0000026c   00000000    rw- .vtable
  20000270    20000270    00001000   00000000    rw- .stack
  20001270    20001270    00001000   00000000    rw- .sysmem
  20002270    20002270    00000058   00000000    rw- .bss
  200022c8    200022c8    00000006   00000000    rw- .data


SECTION ALLOCATION MAP

 output                                  attributes/
section   page    origin      length       input sections
--------  ----  ----------  ----------   ----------------
.intvecs   0    00000000    0000026c     
                  00000000    0000026c     tm4c123gh6pm_startup_ccs.obj (.intvecs)

.text      0    0000026c    000026e8     
                  0000026c    00000a4e     rtsv7M4_T_le_v4SPD16_eabi.lib : _printfi.c.obj (.text:__TI_printfi)
                  00000cba    00000002                                   : div0.asm.obj (.text)
                  00000cbc    00000328     lcd.obj (.text)
                  00000fe4    00000270     rtsv7M4_T_le_v4SPD16_eabi.lib : _printfi.c.obj (.text:_pconv_a)
                  00001254    00000248     Timer.obj (.text)
                  0000149c    000001d0     rtsv7M4_T_le_v4SPD16_eabi.lib : _printfi.c.obj (.text:_pconv_g)
                  0000166c    000001b6                                   : fd_add_t2.asm.obj (.text)
                  00001822    00000002     --HOLE-- [fill = 0]
                  00001824    0000013c                                   : _printfi.c.obj (.text:_pconv_e)
                  00001960    00000136                                   : fd_div_t2.asm.obj (.text)
                  00001a96    00000002     --HOLE-- [fill = 0]
                  00001a98    00000134     servo.obj (.text)
                  00001bcc    00000124     rtsv7M4_T_le_v4SPD16_eabi.lib : _printfi.c.obj (.text:fcvt)
                  00001cf0    00000110                                   : s_scalbn.c.obj (.text:scalbn)
                  00001e00    000000fc                                   : fd_mul_t2.asm.obj (.text)
                  00001efc    000000b1                                   : _printfi.c.obj (.text:_ltostr)
                  00001fad    00000001     --HOLE-- [fill = 0]
                  00001fae    0000009c                                   : memcpy_t2.asm.obj (.text)
                  0000204a    00000096                                   : ull_div_t2.asm.obj (.text)
                  000020e0    00000088     button.obj (.text)
                  00002168    00000086     rtsv7M4_T_le_v4SPD16_eabi.lib : fd_cmp_t2.asm.obj (.text:__aeabi_cdcmple)
                  000021ee    00000086                                   : fd_cmp_t2.asm.obj (.text:__aeabi_cdrcmple)
                  00002274    0000007a                                   : memset_t2.asm.obj (.text)
                  000022ee    00000074     lab10.obj (.text)
                  00002362    0000006e     rtsv7M4_T_le_v4SPD16_eabi.lib : _printfi.c.obj (.text:_mcpy)
                  000023d0    0000006e                                   : fd_tos_t2.asm.obj (.text)
                  0000243e    00000068                                   : copy_decompress_lzss.c.obj (.text:decompress:lzss:__TI_decompress_lzss)
                  000024a6    00000002     --HOLE-- [fill = 0]
                  000024a8    00000064                                   : s_frexp.c.obj (.text:frexp)
                  0000250c    00000056                                   : _printfi.c.obj (.text:_pconv_f)
                  00002562    00000054                                   : _ltoa.c.obj (.text:__TI_ltoa)
                  000025b6    00000052                                   : _printfi.c.obj (.text:_ecpy)
                  00002608    0000004c                                   : atoi.c.obj (.text:atoi)
                  00002654    00000048                                   : fd_toi_t2.asm.obj (.text)
                  0000269c    00000044                                   : autoinit.c.obj (.text:__TI_auto_init_nobinit_nopinit:__TI_auto_init_nobinit_nopinit)
                  000026e0    00000040                                   : vsnprintf.c.obj (.text:vsnprintf)
                  00002720    0000003e                                   : _printfi.c.obj (.text:_fcpy)
                  0000275e    00000002     --HOLE-- [fill = 0]
                  00002760    00000034     driverlib.lib : interrupt.obj (.text:IntRegister)
                  00002794    00000034     rtsv7M4_T_le_v4SPD16_eabi.lib : boot_cortex_m.c.obj (.text:_c_int00_noargs:_c_int00_noargs)
                  000027c8    00000030                                   : vsnprintf.c.obj (.text:_outs)
                  000027f8    0000002e                                   : i_tofd_t2.asm.obj (.text)
                  00002826    00000020                                   : u_tofd_t2.asm.obj (.text)
                  00002846    0000001c                                   : copy_zero_init.c.obj (.text:decompress:ZI:__TI_zero_init_nomemset:__TI_zero_init_nomemset)
                  00002862    0000001c                                   : memccpy.c.obj (.text:memccpy)
                  0000287e    0000001a                                   : s_copysign.c.obj (.text:copysign)
                  00002898    00000018                                   : vsnprintf.c.obj (.text:_outc)
                  000028b0    00000018                                   : strcmp.c.obj (.text:strcmp)
                  000028c8    00000016                                   : strchr.c.obj (.text:strchr)
                  000028de    00000014                                   : strcpy.c.obj (.text:strcpy)
                  000028f2    00000014                                   : strlen.c.obj (.text:strlen)
                  00002906    00000012                                   : wcslen.c.obj (.text:wcslen)
                  00002918    00000010     lcd.obj (.text:lcd_clear)
                  00002928    0000000e     rtsv7M4_T_le_v4SPD16_eabi.lib : copy_decompress_none.c.obj (.text:decompress:none:__TI_decompress_none)
                  00002936    0000000c     tm4c123gh6pm_startup_ccs.obj (.text)
                  00002942    00000002     --HOLE-- [fill = 0]
                  00002944    00000008     rtsv7M4_T_le_v4SPD16_eabi.lib : errno.c.obj (.text:__aeabi_errno_addr)
                  0000294c    00000004                                   : pre_init.c.obj (.text:_system_pre_init)
                  00002950    00000004                                   : exit.c.obj (.text:abort:abort)

.const     0    00002954    00000109     
                  00002954    00000101     rtsv7M4_T_le_v4SPD16_eabi.lib : ctype.c.obj (.const:.string:_ctypes_)
                  00002a55    00000004     lcd.obj (.const:.string:lineAddress$1)
                  00002a59    00000004     lcd.obj (.const:.string:lineAddresses$2)

.cinit     0    00002a60    00000040     
                  00002a60    0000000c     (__TI_handler_table)
                  00002a6c    00000004     --HOLE-- [fill = 0]
                  00002a70    00000008     (.cinit..bss.load) [load image, compression = zero_init]
                  00002a78    00000008     (.cinit..vtable.load) [load image, compression = zero_init]
                  00002a80    00000007     (.cinit..data.load) [load image, compression = lzss]
                  00002a87    00000001     --HOLE-- [fill = 0]
                  00002a88    00000018     (__TI_cinit_table)

.init_array 
*          0    00000000    00000000     UNINITIALIZED

.vtable    0    20000000    0000026c     UNINITIALIZED
                  20000000    0000026c     driverlib.lib : interrupt.obj (.vtable)

.stack     0    20000270    00001000     UNINITIALIZED
                  20000270    00000004     rtsv7M4_T_le_v4SPD16_eabi.lib : boot_cortex_m.c.obj (.stack)
                  20000274    00000ffc     --HOLE--

.sysmem    0    20001270    00001000     UNINITIALIZED
                  20001270    00000010     rtsv7M4_T_le_v4SPD16_eabi.lib : memory.c.obj (.sysmem)
                  20001280    00000ff0     --HOLE--

.bss       0    20002270    00000058     UNINITIALIZED
                  20002270    00000054     lcd.obj (.bss:lastbuffer$3)
                  200022c4    00000004     (.common:_timeout_ticks)

.data      0    200022c8    00000006     UNINITIALIZED
                  200022c8    00000004     rtsv7M4_T_le_v4SPD16_eabi.lib : errno.c.obj (.data)
                  200022cc    00000001     Timer.obj (.data)
                  200022cd    00000001     button.obj (.data)

__llvm_prf_cnts 
*          0    20000000    00000000     UNINITIALIZED

MODULE SUMMARY

       Module                         code   ro data   rw data
       ------                         ----   -------   -------
    .\
       lcd.obj                        824    8         84     
       tm4c123gh6pm_startup_ccs.obj   12     620       0      
       Timer.obj                      584    0         5      
       servo.obj                      308    0         0      
       button.obj                     136    0         1      
       lab10.obj                      116    0         0      
    +--+------------------------------+------+---------+---------+
       Total:                         1980   628       90     
                                                              
    C:/ti/TivaWare_C_Series-2.2.0.295/driverlib/ccs/Debug/driverlib.lib
       interrupt.obj                  52     0         620    
    +--+------------------------------+------+---------+---------+
       Total:                         52     0         620    
                                                              
    C:\ti\ccs1200\ccs\tools\compiler\ti-cgt-arm_20.2.6.LTS\lib\rtsv7M4_T_le_v4SPD16_eabi.lib
       _printfi.c.obj                 4851   0         0      
       fd_add_t2.asm.obj              438    0         0      
       fd_div_t2.asm.obj              310    0         0      
       s_scalbn.c.obj                 272    0         0      
       fd_cmp_t2.asm.obj              268    0         0      
       ctype.c.obj                    0      257       0      
       fd_mul_t2.asm.obj              252    0         0      
       memcpy_t2.asm.obj              156    0         0      
       ull_div_t2.asm.obj             150    0         0      
       vsnprintf.c.obj                136    0         0      
       memset_t2.asm.obj              122    0         0      
       fd_tos_t2.asm.obj              110    0         0      
       copy_decompress_lzss.c.obj     104    0         0      
       s_frexp.c.obj                  100    0         0      
       _ltoa.c.obj                    84     0         0      
       atoi.c.obj                     76     0         0      
       fd_toi_t2.asm.obj              72     0         0      
       autoinit.c.obj                 68     0         0      
       boot_cortex_m.c.obj            52     0         0      
       i_tofd_t2.asm.obj              46     0         0      
       u_tofd_t2.asm.obj              32     0         0      
       copy_zero_init.c.obj           28     0         0      
       memccpy.c.obj                  28     0         0      
       s_copysign.c.obj               26     0         0      
       strcmp.c.obj                   24     0         0      
       strchr.c.obj                   22     0         0      
       strcpy.c.obj                   20     0         0      
       strlen.c.obj                   20     0         0      
       wcslen.c.obj                   18     0         0      
       copy_decompress_none.c.obj     14     0         0      
       errno.c.obj                    8      0         4      
       exit.c.obj                     4      0         0      
       pre_init.c.obj                 4      0         0      
       div0.asm.obj                   2      0         0      
    +--+------------------------------+------+---------+---------+
       Total:                         7917   257       4      
                                                              
       Heap:                          0      0         4096   
       Stack:                         0      0         4096   
       Linker Generated:              0      59        0      
    +--+------------------------------+------+---------+---------+
       Grand Total:                   9949   944       8906   


LINKER GENERATED COPY TABLES

__TI_cinit_table @ 00002a88 records: 3, size/record: 8, table size: 24
	.bss: load addr=00002a70, load size=00000008 bytes, run addr=20002270, run size=00000058 bytes, compression=zero_init
	.vtable: load addr=00002a78, load size=00000008 bytes, run addr=20000000, run size=0000026c bytes, compression=zero_init
	.data: load addr=00002a80, load size=00000007 bytes, run addr=200022c8, run size=00000006 bytes, compression=lzss


LINKER GENERATED HANDLER TABLE

__TI_handler_table @ 00002a60 records: 3, size/record: 4, table size: 12
	index: 0, handler: __TI_zero_init
	index: 1, handler: __TI_decompress_lzss
	index: 2, handler: __TI_decompress_none


GLOBAL SYMBOLS: SORTED ALPHABETICALLY BY Name 

address   name                          
-------   ----                          
00002951  C$$EXIT                       
00002761  IntRegister                   
00002937  ResetISR                      
20001270  __STACK_END                   
00001000  __STACK_SIZE                  
20000470  __STACK_TOP                   
00001000  __SYSMEM_SIZE                 
00002a88  __TI_CINIT_Base               
00002aa0  __TI_CINIT_Limit              
00002a60  __TI_Handler_Table_Base       
00002a6c  __TI_Handler_Table_Limit      
0000269d  __TI_auto_init_nobinit_nopinit
0000243f  __TI_decompress_lzss          
00002929  __TI_decompress_none          
00002563  __TI_ltoa                     
ffffffff  __TI_pprof_out_hndl           
0000026d  __TI_printfi                  
ffffffff  __TI_prof_data_size           
ffffffff  __TI_prof_data_start          
00000000  __TI_static_base__            
00002847  __TI_zero_init_nomemset       
00002169  __aeabi_cdcmpeq               
00002169  __aeabi_cdcmple               
000021ef  __aeabi_cdrcmple              
000023d1  __aeabi_d2f                   
00002655  __aeabi_d2iz                  
00001677  __aeabi_dadd                  
00001961  __aeabi_ddiv                  
00001e01  __aeabi_dmul                  
0000166d  __aeabi_dsub                  
00002945  __aeabi_errno_addr            
000027f9  __aeabi_i2d                   
00000cbb  __aeabi_idiv0                 
00000cbb  __aeabi_ldiv0                 
00002275  __aeabi_memclr                
00002275  __aeabi_memclr4               
00002275  __aeabi_memclr8               
00001faf  __aeabi_memcpy                
00001faf  __aeabi_memcpy4               
00001faf  __aeabi_memcpy8               
00002277  __aeabi_memset                
00002277  __aeabi_memset4               
00002277  __aeabi_memset8               
00002827  __aeabi_ui2d                  
0000204b  __aeabi_uldivmod              
ffffffff  __binit__                     
ffffffff  __c_args__                    
UNDEFED   __mpu_init                    
20000270  __stack                       
20000000  __start___llvm_prf_cnts       
20000000  __stop___llvm_prf_cnts        
00002795  _c_int00_noargs               
00002954  _ctypes_                      
200022cc  _running                      
20001270  _sys_memory                   
UNDEFED   _system_post_cinit            
0000294d  _system_pre_init              
200022c4  _timeout_ticks                
00002951  abort                         
00002609  atoi                          
ffffffff  binit                         
00002117  button_getButton              
000020e1  button_init                   
0000287f  copysign                      
0000287f  copysignl                     
200022c8  errno                         
000024a9  frexp                         
000024a9  frexpl                        
20000000  g_pfnRAMVectors               
00000000  g_pfnVectors                  
00002919  lcd_clear                     
00000e91  lcd_gotoLine                  
00000cf9  lcd_init                      
00000ef7  lcd_printf                    
00000db9  lcd_putc                      
00000df1  lcd_puts                      
00000cbd  lcd_reverseNibble             
00000e0f  lcd_sendCommand               
00000e4d  lcd_sendNibble                
00000eb9  lcd_setCursorPos              
00001cf1  ldexp                         
00001cf1  ldexpl                        
000022ef  main                          
00002863  memccpy                       
00001faf  memcpy                        
0000227d  memset                        
00001cf1  scalbn                        
00001cf1  scalbnl                       
00001a99  servo_init                    
00001b25  servo_move                    
000028c9  strchr                        
000028b1  strcmp                        
000028df  strcpy                        
000028f3  strlen                        
00001373  timer_getMicros               
0000131b  timer_getMillis               
00001255  timer_init                    
000012f7  timer_pause                   
00001309  timer_resume                  
000012cd  timer_stop                    
000013cd  timer_waitMicros              
000013ff  timer_waitMillis              
000026e1  vsnprintf                     
00002907  wcslen                        


GLOBAL SYMBOLS: SORTED BY Symbol Address 

address   name                          
-------   ----                          
00000000  __TI_static_base__            
00000000  g_pfnVectors                  
0000026d  __TI_printfi                  
00000cbb  __aeabi_idiv0                 
00000cbb  __aeabi_ldiv0                 
00000cbd  lcd_reverseNibble             
00000cf9  lcd_init                      
00000db9  lcd_putc                      
00000df1  lcd_puts                      
00000e0f  lcd_sendCommand               
00000e4d  lcd_sendNibble                
00000e91  lcd_gotoLine                  
00000eb9  lcd_setCursorPos              
00000ef7  lcd_printf                    
00001000  __STACK_SIZE                  
00001000  __SYSMEM_SIZE                 
00001255  timer_init                    
000012cd  timer_stop                    
000012f7  timer_pause                   
00001309  timer_resume                  
0000131b  timer_getMillis               
00001373  timer_getMicros               
000013cd  timer_waitMicros              
000013ff  timer_waitMillis              
0000166d  __aeabi_dsub                  
00001677  __aeabi_dadd                  
00001961  __aeabi_ddiv                  
00001a99  servo_init                    
00001b25  servo_move                    
00001cf1  ldexp                         
00001cf1  ldexpl                        
00001cf1  scalbn                        
00001cf1  scalbnl                       
00001e01  __aeabi_dmul                  
00001faf  __aeabi_memcpy                
00001faf  __aeabi_memcpy4               
00001faf  __aeabi_memcpy8               
00001faf  memcpy                        
0000204b  __aeabi_uldivmod              
000020e1  button_init                   
00002117  button_getButton              
00002169  __aeabi_cdcmpeq               
00002169  __aeabi_cdcmple               
000021ef  __aeabi_cdrcmple              
00002275  __aeabi_memclr                
00002275  __aeabi_memclr4               
00002275  __aeabi_memclr8               
00002277  __aeabi_memset                
00002277  __aeabi_memset4               
00002277  __aeabi_memset8               
0000227d  memset                        
000022ef  main                          
000023d1  __aeabi_d2f                   
0000243f  __TI_decompress_lzss          
000024a9  frexp                         
000024a9  frexpl                        
00002563  __TI_ltoa                     
00002609  atoi                          
00002655  __aeabi_d2iz                  
0000269d  __TI_auto_init_nobinit_nopinit
000026e1  vsnprintf                     
00002761  IntRegister                   
00002795  _c_int00_noargs               
000027f9  __aeabi_i2d                   
00002827  __aeabi_ui2d                  
00002847  __TI_zero_init_nomemset       
00002863  memccpy                       
0000287f  copysign                      
0000287f  copysignl                     
000028b1  strcmp                        
000028c9  strchr                        
000028df  strcpy                        
000028f3  strlen                        
00002907  wcslen                        
00002919  lcd_clear                     
00002929  __TI_decompress_none          
00002937  ResetISR                      
00002945  __aeabi_errno_addr            
0000294d  _system_pre_init              
00002951  C$$EXIT                       
00002951  abort                         
00002954  _ctypes_                      
00002a60  __TI_Handler_Table_Base       
00002a6c  __TI_Handler_Table_Limit      
00002a88  __TI_CINIT_Base               
00002aa0  __TI_CINIT_Limit              
20000000  __start___llvm_prf_cnts       
20000000  __stop___llvm_prf_cnts        
20000000  g_pfnRAMVectors               
20000270  __stack                       
20000470  __STACK_TOP                   
20001270  __STACK_END                   
20001270  _sys_memory                   
200022c4  _timeout_ticks                
200022c8  errno                         
200022cc  _running                      
ffffffff  __TI_pprof_out_hndl           
ffffffff  __TI_prof_data_size           
ffffffff  __TI_prof_data_start          
ffffffff  __binit__                     
ffffffff  __c_args__                    
ffffffff  binit                         
UNDEFED   __mpu_init                    
UNDEFED   _system_post_cinit            

[104 symbols]
