<?xml version="1.0" encoding="ISO-8859-1" ?>
<link_info>
   <banner>TI ARM Linker PC v20.2.6.LTS</banner>
   <copyright>Copyright (c) 1996-2018 Texas Instruments Incorporated</copyright>
   <link_time>0x641a247c</link_time>
   <link_errors>0x0</link_errors>
   <output_file>Lab7.out</output_file>
   <entry_point>
      <name>_c_int00_noargs</name>
      <address>0x5699</address>
   </entry_point>
   <input_file_list>
      <input_file id="fl-2">
         <path>.\</path>
         <kind>object</kind>
         <file>Timer.obj</file>
         <name>Timer.obj</name>
      </input_file>
      <input_file id="fl-3">
         <path>.\</path>
         <kind>object</kind>
         <file>button.obj</file>
         <name>button.obj</name>
      </input_file>
      <input_file id="fl-4">
         <path>.\</path>
         <kind>object</kind>
         <file>lab7.obj</file>
         <name>lab7.obj</name>
      </input_file>
      <input_file id="fl-5">
         <path>.\</path>
         <kind>object</kind>
         <file>lcd.obj</file>
         <name>lcd.obj</name>
      </input_file>
      <input_file id="fl-6">
         <path>.\</path>
         <kind>object</kind>
         <file>movement.obj</file>
         <name>movement.obj</name>
      </input_file>
      <input_file id="fl-7">
         <path>.\</path>
         <kind>object</kind>
         <file>open_interface.obj</file>
         <name>open_interface.obj</name>
      </input_file>
      <input_file id="fl-8">
         <path>.\</path>
         <kind>object</kind>
         <file>tm4c123gh6pm_startup_ccs.obj</file>
         <name>tm4c123gh6pm_startup_ccs.obj</name>
      </input_file>
      <input_file id="fl-9">
         <path>.\</path>
         <kind>object</kind>
         <file>uart-interrupt.obj</file>
         <name>uart-interrupt.obj</name>
      </input_file>
      <input_file id="fl-a">
         <path>.\</path>
         <kind>object</kind>
         <file>uart.obj</file>
         <name>uart.obj</name>
      </input_file>
      <input_file id="fl-10">
         <kind>object</kind>
         <file>&lt;internal&gt;</file>
         <name>&lt;internal&gt;</name>
      </input_file>
      <input_file id="fl-11">
         <path>..\</path>
         <kind>archive</kind>
         <file>libcybotScan.lib</file>
         <name>cyBot_Scan.obj</name>
      </input_file>
      <input_file id="fl-12">
         <path>..\</path>
         <kind>archive</kind>
         <file>libcybotScan.lib</file>
         <name>ir.obj</name>
      </input_file>
      <input_file id="fl-13">
         <path>..\</path>
         <kind>archive</kind>
         <file>libcybotScan.lib</file>
         <name>ping.obj</name>
      </input_file>
      <input_file id="fl-14">
         <path>..\</path>
         <kind>archive</kind>
         <file>libcybotScan.lib</file>
         <name>servo.obj</name>
      </input_file>
      <input_file id="fl-ca">
         <path>C:\ti\ccs1200\ccs\tools\compiler\ti-cgt-arm_20.2.6.LTS\lib\</path>
         <kind>archive</kind>
         <file>rtsv7M4_T_le_v4SPD16_eabi.lib</file>
         <name>s_sin.c.obj</name>
      </input_file>
      <input_file id="fl-cb">
         <path>C:\ti\ccs1200\ccs\tools\compiler\ti-cgt-arm_20.2.6.LTS\lib\</path>
         <kind>archive</kind>
         <file>rtsv7M4_T_le_v4SPD16_eabi.lib</file>
         <name>sprintf.c.obj</name>
      </input_file>
      <input_file id="fl-cc">
         <path>C:\ti\ccs1200\ccs\tools\compiler\ti-cgt-arm_20.2.6.LTS\lib\</path>
         <kind>archive</kind>
         <file>rtsv7M4_T_le_v4SPD16_eabi.lib</file>
         <name>vsnprintf.c.obj</name>
      </input_file>
      <input_file id="fl-cd">
         <path>C:\ti\ccs1200\ccs\tools\compiler\ti-cgt-arm_20.2.6.LTS\lib\</path>
         <kind>archive</kind>
         <file>rtsv7M4_T_le_v4SPD16_eabi.lib</file>
         <name>fd_add_t2.asm.obj</name>
      </input_file>
      <input_file id="fl-ce">
         <path>C:\ti\ccs1200\ccs\tools\compiler\ti-cgt-arm_20.2.6.LTS\lib\</path>
         <kind>archive</kind>
         <file>rtsv7M4_T_le_v4SPD16_eabi.lib</file>
         <name>fd_cmp_t2.asm.obj</name>
      </input_file>
      <input_file id="fl-cf">
         <path>C:\ti\ccs1200\ccs\tools\compiler\ti-cgt-arm_20.2.6.LTS\lib\</path>
         <kind>archive</kind>
         <file>rtsv7M4_T_le_v4SPD16_eabi.lib</file>
         <name>fd_div_t2.asm.obj</name>
      </input_file>
      <input_file id="fl-d0">
         <path>C:\ti\ccs1200\ccs\tools\compiler\ti-cgt-arm_20.2.6.LTS\lib\</path>
         <kind>archive</kind>
         <file>rtsv7M4_T_le_v4SPD16_eabi.lib</file>
         <name>fd_mul_t2.asm.obj</name>
      </input_file>
      <input_file id="fl-d1">
         <path>C:\ti\ccs1200\ccs\tools\compiler\ti-cgt-arm_20.2.6.LTS\lib\</path>
         <kind>archive</kind>
         <file>rtsv7M4_T_le_v4SPD16_eabi.lib</file>
         <name>fd_toi_t2.asm.obj</name>
      </input_file>
      <input_file id="fl-d2">
         <path>C:\ti\ccs1200\ccs\tools\compiler\ti-cgt-arm_20.2.6.LTS\lib\</path>
         <kind>archive</kind>
         <file>rtsv7M4_T_le_v4SPD16_eabi.lib</file>
         <name>fd_tos_t2.asm.obj</name>
      </input_file>
      <input_file id="fl-d3">
         <path>C:\ti\ccs1200\ccs\tools\compiler\ti-cgt-arm_20.2.6.LTS\lib\</path>
         <kind>archive</kind>
         <file>rtsv7M4_T_le_v4SPD16_eabi.lib</file>
         <name>fs_tod_t2.asm.obj</name>
      </input_file>
      <input_file id="fl-d4">
         <path>C:\ti\ccs1200\ccs\tools\compiler\ti-cgt-arm_20.2.6.LTS\lib\</path>
         <kind>archive</kind>
         <file>rtsv7M4_T_le_v4SPD16_eabi.lib</file>
         <name>i_tofd_t2.asm.obj</name>
      </input_file>
      <input_file id="fl-d5">
         <path>C:\ti\ccs1200\ccs\tools\compiler\ti-cgt-arm_20.2.6.LTS\lib\</path>
         <kind>archive</kind>
         <file>rtsv7M4_T_le_v4SPD16_eabi.lib</file>
         <name>memcpy_t2.asm.obj</name>
      </input_file>
      <input_file id="fl-d6">
         <path>C:\ti\ccs1200\ccs\tools\compiler\ti-cgt-arm_20.2.6.LTS\lib\</path>
         <kind>archive</kind>
         <file>rtsv7M4_T_le_v4SPD16_eabi.lib</file>
         <name>copy_zero_init.c.obj</name>
      </input_file>
      <input_file id="fl-d7">
         <path>C:\ti\ccs1200\ccs\tools\compiler\ti-cgt-arm_20.2.6.LTS\lib\</path>
         <kind>archive</kind>
         <file>rtsv7M4_T_le_v4SPD16_eabi.lib</file>
         <name>copy_decompress_none.c.obj</name>
      </input_file>
      <input_file id="fl-d8">
         <path>C:\ti\ccs1200\ccs\tools\compiler\ti-cgt-arm_20.2.6.LTS\lib\</path>
         <kind>archive</kind>
         <file>rtsv7M4_T_le_v4SPD16_eabi.lib</file>
         <name>copy_decompress_lzss.c.obj</name>
      </input_file>
      <input_file id="fl-d9">
         <path>C:\ti\ccs1200\ccs\tools\compiler\ti-cgt-arm_20.2.6.LTS\lib\</path>
         <kind>archive</kind>
         <file>rtsv7M4_T_le_v4SPD16_eabi.lib</file>
         <name>k_rem_pio2.c.obj</name>
      </input_file>
      <input_file id="fl-da">
         <path>C:\ti\ccs1200\ccs\tools\compiler\ti-cgt-arm_20.2.6.LTS\lib\</path>
         <kind>archive</kind>
         <file>rtsv7M4_T_le_v4SPD16_eabi.lib</file>
         <name>exit.c.obj</name>
      </input_file>
      <input_file id="fl-db">
         <path>C:\ti\ccs1200\ccs\tools\compiler\ti-cgt-arm_20.2.6.LTS\lib\</path>
         <kind>archive</kind>
         <file>rtsv7M4_T_le_v4SPD16_eabi.lib</file>
         <name>_lock.c.obj</name>
      </input_file>
      <input_file id="fl-dc">
         <path>C:\ti\ccs1200\ccs\tools\compiler\ti-cgt-arm_20.2.6.LTS\lib\</path>
         <kind>archive</kind>
         <file>rtsv7M4_T_le_v4SPD16_eabi.lib</file>
         <name>memory.c.obj</name>
      </input_file>
      <input_file id="fl-dd">
         <path>C:\ti\ccs1200\ccs\tools\compiler\ti-cgt-arm_20.2.6.LTS\lib\</path>
         <kind>archive</kind>
         <file>rtsv7M4_T_le_v4SPD16_eabi.lib</file>
         <name>strcmp.c.obj</name>
      </input_file>
      <input_file id="fl-de">
         <path>C:\ti\ccs1200\ccs\tools\compiler\ti-cgt-arm_20.2.6.LTS\lib\</path>
         <kind>archive</kind>
         <file>rtsv7M4_T_le_v4SPD16_eabi.lib</file>
         <name>strcpy.c.obj</name>
      </input_file>
      <input_file id="fl-df">
         <path>C:\ti\ccs1200\ccs\tools\compiler\ti-cgt-arm_20.2.6.LTS\lib\</path>
         <kind>archive</kind>
         <file>rtsv7M4_T_le_v4SPD16_eabi.lib</file>
         <name>strlen.c.obj</name>
      </input_file>
      <input_file id="fl-e0">
         <path>C:\ti\ccs1200\ccs\tools\compiler\ti-cgt-arm_20.2.6.LTS\lib\</path>
         <kind>archive</kind>
         <file>rtsv7M4_T_le_v4SPD16_eabi.lib</file>
         <name>boot_cortex_m.c.obj</name>
      </input_file>
      <input_file id="fl-e1">
         <path>C:\ti\ccs1200\ccs\tools\compiler\ti-cgt-arm_20.2.6.LTS\lib\</path>
         <kind>archive</kind>
         <file>rtsv7M4_T_le_v4SPD16_eabi.lib</file>
         <name>k_cos.c.obj</name>
      </input_file>
      <input_file id="fl-e2">
         <path>C:\ti\ccs1200\ccs\tools\compiler\ti-cgt-arm_20.2.6.LTS\lib\</path>
         <kind>archive</kind>
         <file>rtsv7M4_T_le_v4SPD16_eabi.lib</file>
         <name>k_sin.c.obj</name>
      </input_file>
      <input_file id="fl-e3">
         <path>C:\ti\ccs1200\ccs\tools\compiler\ti-cgt-arm_20.2.6.LTS\lib\</path>
         <kind>archive</kind>
         <file>rtsv7M4_T_le_v4SPD16_eabi.lib</file>
         <name>s_floor.c.obj</name>
      </input_file>
      <input_file id="fl-e4">
         <path>C:\ti\ccs1200\ccs\tools\compiler\ti-cgt-arm_20.2.6.LTS\lib\</path>
         <kind>archive</kind>
         <file>rtsv7M4_T_le_v4SPD16_eabi.lib</file>
         <name>s_scalbn.c.obj</name>
      </input_file>
      <input_file id="fl-e5">
         <path>C:\ti\ccs1200\ccs\tools\compiler\ti-cgt-arm_20.2.6.LTS\lib\</path>
         <kind>archive</kind>
         <file>rtsv7M4_T_le_v4SPD16_eabi.lib</file>
         <name>s_copysign.c.obj</name>
      </input_file>
      <input_file id="fl-e6">
         <path>C:\ti\ccs1200\ccs\tools\compiler\ti-cgt-arm_20.2.6.LTS\lib\</path>
         <kind>archive</kind>
         <file>rtsv7M4_T_le_v4SPD16_eabi.lib</file>
         <name>_printfi.c.obj</name>
      </input_file>
      <input_file id="fl-e7">
         <path>C:\ti\ccs1200\ccs\tools\compiler\ti-cgt-arm_20.2.6.LTS\lib\</path>
         <kind>archive</kind>
         <file>rtsv7M4_T_le_v4SPD16_eabi.lib</file>
         <name>memset_t2.asm.obj</name>
      </input_file>
      <input_file id="fl-e8">
         <path>C:\ti\ccs1200\ccs\tools\compiler\ti-cgt-arm_20.2.6.LTS\lib\</path>
         <kind>archive</kind>
         <file>rtsv7M4_T_le_v4SPD16_eabi.lib</file>
         <name>ull_div_t2.asm.obj</name>
      </input_file>
      <input_file id="fl-e9">
         <path>C:\ti\ccs1200\ccs\tools\compiler\ti-cgt-arm_20.2.6.LTS\lib\</path>
         <kind>archive</kind>
         <file>rtsv7M4_T_le_v4SPD16_eabi.lib</file>
         <name>autoinit.c.obj</name>
      </input_file>
      <input_file id="fl-ea">
         <path>C:\ti\ccs1200\ccs\tools\compiler\ti-cgt-arm_20.2.6.LTS\lib\</path>
         <kind>archive</kind>
         <file>rtsv7M4_T_le_v4SPD16_eabi.lib</file>
         <name>pre_init.c.obj</name>
      </input_file>
      <input_file id="fl-eb">
         <path>C:\ti\ccs1200\ccs\tools\compiler\ti-cgt-arm_20.2.6.LTS\lib\</path>
         <kind>archive</kind>
         <file>rtsv7M4_T_le_v4SPD16_eabi.lib</file>
         <name>cpy_tbl.c.obj</name>
      </input_file>
      <input_file id="fl-ec">
         <path>C:\ti\ccs1200\ccs\tools\compiler\ti-cgt-arm_20.2.6.LTS\lib\</path>
         <kind>archive</kind>
         <file>rtsv7M4_T_le_v4SPD16_eabi.lib</file>
         <name>_ltoa.c.obj</name>
      </input_file>
      <input_file id="fl-ed">
         <path>C:\ti\ccs1200\ccs\tools\compiler\ti-cgt-arm_20.2.6.LTS\lib\</path>
         <kind>archive</kind>
         <file>rtsv7M4_T_le_v4SPD16_eabi.lib</file>
         <name>args_main.c.obj</name>
      </input_file>
      <input_file id="fl-ee">
         <path>C:\ti\ccs1200\ccs\tools\compiler\ti-cgt-arm_20.2.6.LTS\lib\</path>
         <kind>archive</kind>
         <file>rtsv7M4_T_le_v4SPD16_eabi.lib</file>
         <name>atoi.c.obj</name>
      </input_file>
      <input_file id="fl-ef">
         <path>C:\ti\ccs1200\ccs\tools\compiler\ti-cgt-arm_20.2.6.LTS\lib\</path>
         <kind>archive</kind>
         <file>rtsv7M4_T_le_v4SPD16_eabi.lib</file>
         <name>ctype.c.obj</name>
      </input_file>
      <input_file id="fl-f0">
         <path>C:\ti\ccs1200\ccs\tools\compiler\ti-cgt-arm_20.2.6.LTS\lib\</path>
         <kind>archive</kind>
         <file>rtsv7M4_T_le_v4SPD16_eabi.lib</file>
         <name>memccpy.c.obj</name>
      </input_file>
      <input_file id="fl-f1">
         <path>C:\ti\ccs1200\ccs\tools\compiler\ti-cgt-arm_20.2.6.LTS\lib\</path>
         <kind>archive</kind>
         <file>rtsv7M4_T_le_v4SPD16_eabi.lib</file>
         <name>strchr.c.obj</name>
      </input_file>
      <input_file id="fl-f2">
         <path>C:\ti\ccs1200\ccs\tools\compiler\ti-cgt-arm_20.2.6.LTS\lib\</path>
         <kind>archive</kind>
         <file>rtsv7M4_T_le_v4SPD16_eabi.lib</file>
         <name>errno.c.obj</name>
      </input_file>
      <input_file id="fl-f3">
         <path>C:\ti\ccs1200\ccs\tools\compiler\ti-cgt-arm_20.2.6.LTS\lib\</path>
         <kind>archive</kind>
         <file>rtsv7M4_T_le_v4SPD16_eabi.lib</file>
         <name>s_frexp.c.obj</name>
      </input_file>
      <input_file id="fl-f4">
         <path>C:\ti\ccs1200\ccs\tools\compiler\ti-cgt-arm_20.2.6.LTS\lib\</path>
         <kind>archive</kind>
         <file>rtsv7M4_T_le_v4SPD16_eabi.lib</file>
         <name>wcslen.c.obj</name>
      </input_file>
      <input_file id="fl-f5">
         <path>C:\ti\ccs1200\ccs\tools\compiler\ti-cgt-arm_20.2.6.LTS\lib\</path>
         <kind>archive</kind>
         <file>rtsv7M4_T_le_v4SPD16_eabi.lib</file>
         <name>div0.asm.obj</name>
      </input_file>
      <input_file id="fl-f6">
         <path>C:\ti\TivaWare_C_Series-2.2.0.295\driverlib\ccs\Debug\</path>
         <kind>archive</kind>
         <file>driverlib.lib</file>
         <name>interrupt.obj</name>
      </input_file>
      <input_file id="fl-f7">
         <path>C:\ti\TivaWare_C_Series-2.2.0.295\driverlib\ccs\Debug\</path>
         <kind>archive</kind>
         <file>driverlib.lib</file>
         <name>cpu.obj</name>
      </input_file>
   </input_file_list>
   <object_component_list>
      <object_component id="oc-12">
         <name>.intvecs</name>
         <load_address>0x0</load_address>
         <run_address>0x0</run_address>
         <size>0x26c</size>
         <input_file_ref idref="fl-8"/>
      </object_component>
      <object_component id="oc-e9">
         <name>.text</name>
         <load_address>0x26c</load_address>
         <run_address>0x26c</run_address>
         <size>0xc20</size>
         <input_file_ref idref="fl-7"/>
      </object_component>
      <object_component id="oc-1f4">
         <name>.text:__TI_printfi</name>
         <load_address>0xe8c</load_address>
         <run_address>0xe8c</run_address>
         <size>0xa4e</size>
         <input_file_ref idref="fl-e6"/>
      </object_component>
      <object_component id="oc-331">
         <name>.text:_nop</name>
         <load_address>0x18da</load_address>
         <run_address>0x18da</run_address>
         <size>0x2</size>
         <input_file_ref idref="fl-db"/>
      </object_component>
      <object_component id="oc-223">
         <name>.text:__kernel_rem_pio2</name>
         <load_address>0x18dc</load_address>
         <run_address>0x18dc</run_address>
         <size>0x738</size>
         <input_file_ref idref="fl-d9"/>
      </object_component>
      <object_component id="oc-110">
         <name>.text:sin</name>
         <load_address>0x2014</load_address>
         <run_address>0x2014</run_address>
         <size>0x5e0</size>
         <input_file_ref idref="fl-ca"/>
      </object_component>
      <object_component id="oc-a2">
         <name>.text</name>
         <load_address>0x25f4</load_address>
         <run_address>0x25f4</run_address>
         <size>0x5d0</size>
         <input_file_ref idref="fl-4"/>
      </object_component>
      <object_component id="oc-11b">
         <name>.text</name>
         <load_address>0x2bc4</load_address>
         <run_address>0x2bc4</run_address>
         <size>0x330</size>
         <input_file_ref idref="fl-6"/>
      </object_component>
      <object_component id="oc-dd">
         <name>.text</name>
         <load_address>0x2ef4</load_address>
         <run_address>0x2ef4</run_address>
         <size>0x328</size>
         <input_file_ref idref="fl-5"/>
      </object_component>
      <object_component id="oc-2e2">
         <name>.text:_pconv_a</name>
         <load_address>0x321c</load_address>
         <run_address>0x321c</run_address>
         <size>0x270</size>
         <input_file_ref idref="fl-e6"/>
      </object_component>
      <object_component id="oc-e3">
         <name>.text</name>
         <load_address>0x348c</load_address>
         <run_address>0x348c</run_address>
         <size>0x260</size>
         <input_file_ref idref="fl-11"/>
      </object_component>
      <object_component id="oc-d7">
         <name>.text</name>
         <load_address>0x36ec</load_address>
         <run_address>0x36ec</run_address>
         <size>0x248</size>
         <input_file_ref idref="fl-2"/>
      </object_component>
      <object_component id="oc-1a0">
         <name>.text</name>
         <load_address>0x3934</load_address>
         <run_address>0x3934</run_address>
         <size>0x1ec</size>
         <input_file_ref idref="fl-13"/>
      </object_component>
      <object_component id="oc-2d0">
         <name>.text:_pconv_g</name>
         <load_address>0x3b20</load_address>
         <run_address>0x3b20</run_address>
         <size>0x1d0</size>
         <input_file_ref idref="fl-e6"/>
      </object_component>
      <object_component id="oc-1d6">
         <name>.text</name>
         <load_address>0x3cf0</load_address>
         <run_address>0x3cf0</run_address>
         <size>0x1b6</size>
         <input_file_ref idref="fl-cd"/>
      </object_component>
      <object_component id="oc-400">
         <name>.text</name>
         <load_address>0x3ea6</load_address>
         <run_address>0x3ea6</run_address>
         <size>0x2</size>
         <input_file_ref idref="fl-f5"/>
      </object_component>
      <object_component id="oc-21d">
         <name>.text:__kernel_sin</name>
         <load_address>0x3ea8</load_address>
         <run_address>0x3ea8</run_address>
         <size>0x174</size>
         <input_file_ref idref="fl-e2"/>
      </object_component>
      <object_component id="oc-229">
         <name>.text:__kernel_cos</name>
         <load_address>0x401c</load_address>
         <run_address>0x401c</run_address>
         <size>0x170</size>
         <input_file_ref idref="fl-e1"/>
      </object_component>
      <object_component id="oc-ef">
         <name>.text</name>
         <load_address>0x418c</load_address>
         <run_address>0x418c</run_address>
         <size>0x160</size>
         <input_file_ref idref="fl-a"/>
      </object_component>
      <object_component id="oc-19a">
         <name>.text</name>
         <load_address>0x42ec</load_address>
         <run_address>0x42ec</run_address>
         <size>0x158</size>
         <input_file_ref idref="fl-14"/>
      </object_component>
      <object_component id="oc-2dc">
         <name>.text:_pconv_e</name>
         <load_address>0x4444</load_address>
         <run_address>0x4444</run_address>
         <size>0x13c</size>
         <input_file_ref idref="fl-e6"/>
      </object_component>
      <object_component id="oc-1d1">
         <name>.text</name>
         <load_address>0x4580</load_address>
         <run_address>0x4580</run_address>
         <size>0x136</size>
         <input_file_ref idref="fl-cf"/>
      </object_component>
      <object_component id="oc-397">
         <name>.text:fcvt</name>
         <load_address>0x46b8</load_address>
         <run_address>0x46b8</run_address>
         <size>0x124</size>
         <input_file_ref idref="fl-e6"/>
      </object_component>
      <object_component id="oc-1a6">
         <name>.text</name>
         <load_address>0x47dc</load_address>
         <run_address>0x47dc</run_address>
         <size>0x118</size>
         <input_file_ref idref="fl-12"/>
      </object_component>
      <object_component id="oc-30c">
         <name>.text:scalbn</name>
         <load_address>0x48f4</load_address>
         <run_address>0x48f4</run_address>
         <size>0x110</size>
         <input_file_ref idref="fl-e4"/>
      </object_component>
      <object_component id="oc-36a">
         <name>.text:aligned_alloc</name>
         <load_address>0x4a04</load_address>
         <run_address>0x4a04</run_address>
         <size>0x100</size>
         <input_file_ref idref="fl-dc"/>
      </object_component>
      <object_component id="oc-106">
         <name>.text</name>
         <load_address>0x4b04</load_address>
         <run_address>0x4b04</run_address>
         <size>0xfc</size>
         <input_file_ref idref="fl-d0"/>
      </object_component>
      <object_component id="oc-312">
         <name>.text:floor</name>
         <load_address>0x4c00</load_address>
         <run_address>0x4c00</run_address>
         <size>0xf8</size>
         <input_file_ref idref="fl-e3"/>
      </object_component>
      <object_component id="oc-1bb">
         <name>.text:free</name>
         <load_address>0x4cf8</load_address>
         <run_address>0x4cf8</run_address>
         <size>0xe4</size>
         <input_file_ref idref="fl-dc"/>
      </object_component>
      <object_component id="oc-2ca">
         <name>.text:_ltostr</name>
         <load_address>0x4ddc</load_address>
         <run_address>0x4ddc</run_address>
         <size>0xb1</size>
         <input_file_ref idref="fl-e6"/>
      </object_component>
      <object_component id="oc-3e">
         <name>.text</name>
         <load_address>0x4e8e</load_address>
         <run_address>0x4e8e</run_address>
         <size>0x9c</size>
         <input_file_ref idref="fl-d5"/>
      </object_component>
      <object_component id="oc-37e">
         <name>.text</name>
         <load_address>0x4f2a</load_address>
         <run_address>0x4f2a</run_address>
         <size>0x96</size>
         <input_file_ref idref="fl-e8"/>
      </object_component>
      <object_component id="oc-116">
         <name>.text:__aeabi_cdcmple</name>
         <load_address>0x4fc0</load_address>
         <run_address>0x4fc0</run_address>
         <size>0x86</size>
         <input_file_ref idref="fl-ce"/>
      </object_component>
      <object_component id="oc-237">
         <name>.text:__aeabi_cdrcmple</name>
         <load_address>0x5046</load_address>
         <run_address>0x5046</run_address>
         <size>0x86</size>
         <input_file_ref idref="fl-ce"/>
      </object_component>
      <object_component id="oc-96">
         <name>.text</name>
         <load_address>0x50cc</load_address>
         <run_address>0x50cc</run_address>
         <size>0x7a</size>
         <input_file_ref idref="fl-e7"/>
      </object_component>
      <object_component id="oc-3f2">
         <name>.text:split</name>
         <load_address>0x5148</load_address>
         <run_address>0x5148</run_address>
         <size>0x70</size>
         <input_file_ref idref="fl-dc"/>
      </object_component>
      <object_component id="oc-390">
         <name>.text:_mcpy</name>
         <load_address>0x51b8</load_address>
         <run_address>0x51b8</run_address>
         <size>0x6e</size>
         <input_file_ref idref="fl-e6"/>
      </object_component>
      <object_component id="oc-1de">
         <name>.text</name>
         <load_address>0x5226</load_address>
         <run_address>0x5226</run_address>
         <size>0x6e</size>
         <input_file_ref idref="fl-d2"/>
      </object_component>
      <object_component id="oc-15">
         <name>.text:decompress:lzss:__TI_decompress_lzss</name>
         <load_address>0x5294</load_address>
         <run_address>0x5294</run_address>
         <size>0x68</size>
         <input_file_ref idref="fl-d8"/>
      </object_component>
      <object_component id="oc-3a5">
         <name>.text:frexp</name>
         <load_address>0x52fc</load_address>
         <run_address>0x52fc</run_address>
         <size>0x64</size>
         <input_file_ref idref="fl-f3"/>
      </object_component>
      <object_component id="oc-2d6">
         <name>.text:_pconv_f</name>
         <load_address>0x5360</load_address>
         <run_address>0x5360</run_address>
         <size>0x56</size>
         <input_file_ref idref="fl-e6"/>
      </object_component>
      <object_component id="oc-384">
         <name>.text:__TI_ltoa</name>
         <load_address>0x53b6</load_address>
         <run_address>0x53b6</run_address>
         <size>0x54</size>
         <input_file_ref idref="fl-ec"/>
      </object_component>
      <object_component id="oc-38a">
         <name>.text:_ecpy</name>
         <load_address>0x540a</load_address>
         <run_address>0x540a</run_address>
         <size>0x52</size>
         <input_file_ref idref="fl-e6"/>
      </object_component>
      <object_component id="oc-2c4">
         <name>.text:atoi</name>
         <load_address>0x545c</load_address>
         <run_address>0x545c</run_address>
         <size>0x4c</size>
         <input_file_ref idref="fl-ee"/>
      </object_component>
      <object_component id="oc-121">
         <name>.text</name>
         <load_address>0x54a8</load_address>
         <run_address>0x54a8</run_address>
         <size>0x48</size>
         <input_file_ref idref="fl-d1"/>
      </object_component>
      <object_component id="oc-138">
         <name>.text:__TI_auto_init_nobinit_nopinit:__TI_auto_init_nobinit_nopinit</name>
         <load_address>0x54f0</load_address>
         <run_address>0x54f0</run_address>
         <size>0x44</size>
         <input_file_ref idref="fl-e9"/>
      </object_component>
      <object_component id="oc-fa">
         <name>.text:sprintf</name>
         <load_address>0x5534</load_address>
         <run_address>0x5534</run_address>
         <size>0x40</size>
         <input_file_ref idref="fl-cb"/>
      </object_component>
      <object_component id="oc-17e">
         <name>.text:vsnprintf</name>
         <load_address>0x5574</load_address>
         <run_address>0x5574</run_address>
         <size>0x40</size>
         <input_file_ref idref="fl-cc"/>
      </object_component>
      <object_component id="oc-39d">
         <name>.text:_fcpy</name>
         <load_address>0x55b4</load_address>
         <run_address>0x55b4</run_address>
         <size>0x3e</size>
         <input_file_ref idref="fl-e6"/>
      </object_component>
      <object_component id="oc-1b5">
         <name>.text:calloc</name>
         <load_address>0x55f4</load_address>
         <run_address>0x55f4</run_address>
         <size>0x38</size>
         <input_file_ref idref="fl-dc"/>
      </object_component>
      <object_component id="oc-f5">
         <name>.text</name>
         <load_address>0x562c</load_address>
         <run_address>0x562c</run_address>
         <size>0x38</size>
         <input_file_ref idref="fl-d3"/>
      </object_component>
      <object_component id="oc-16c">
         <name>.text:IntRegister</name>
         <load_address>0x5664</load_address>
         <run_address>0x5664</run_address>
         <size>0x34</size>
         <input_file_ref idref="fl-f6"/>
      </object_component>
      <object_component id="oc-5c">
         <name>.text:_c_int00_noargs:_c_int00_noargs</name>
         <load_address>0x5698</load_address>
         <run_address>0x5698</run_address>
         <size>0x34</size>
         <input_file_ref idref="fl-e0"/>
      </object_component>
      <object_component id="oc-26b">
         <name>.text:_outs</name>
         <load_address>0x56cc</load_address>
         <run_address>0x56cc</run_address>
         <size>0x30</size>
         <input_file_ref idref="fl-cc"/>
      </object_component>
      <object_component id="oc-10b">
         <name>.text</name>
         <load_address>0x56fc</load_address>
         <run_address>0x56fc</run_address>
         <size>0x2e</size>
         <input_file_ref idref="fl-d4"/>
      </object_component>
      <object_component id="oc-2a9">
         <name>.text:free_list_insert</name>
         <load_address>0x572c</load_address>
         <run_address>0x572c</run_address>
         <size>0x28</size>
         <input_file_ref idref="fl-dc"/>
      </object_component>
      <object_component id="oc-4a">
         <name>.text:decompress:ZI:__TI_zero_init_nomemset:__TI_zero_init_nomemset</name>
         <load_address>0x5754</load_address>
         <run_address>0x5754</run_address>
         <size>0x1c</size>
         <input_file_ref idref="fl-d6"/>
      </object_component>
      <object_component id="oc-2a3">
         <name>.text:free_list_remove</name>
         <load_address>0x5770</load_address>
         <run_address>0x5770</run_address>
         <size>0x1c</size>
         <input_file_ref idref="fl-dc"/>
      </object_component>
      <object_component id="oc-2e8">
         <name>.text:memccpy</name>
         <load_address>0x578c</load_address>
         <run_address>0x578c</run_address>
         <size>0x1c</size>
         <input_file_ref idref="fl-f0"/>
      </object_component>
      <object_component id="oc-3ce">
         <name>.text:copysign</name>
         <load_address>0x57a8</load_address>
         <run_address>0x57a8</run_address>
         <size>0x1a</size>
         <input_file_ref idref="fl-e5"/>
      </object_component>
      <object_component id="oc-271">
         <name>.text:_outc</name>
         <load_address>0x57c2</load_address>
         <run_address>0x57c2</run_address>
         <size>0x18</size>
         <input_file_ref idref="fl-cc"/>
      </object_component>
      <object_component id="oc-1fa">
         <name>.text:_outs</name>
         <load_address>0x57da</load_address>
         <run_address>0x57da</run_address>
         <size>0x18</size>
         <input_file_ref idref="fl-cb"/>
      </object_component>
      <object_component id="oc-1c1">
         <name>.text:oi_parseInt</name>
         <load_address>0x57f2</load_address>
         <run_address>0x57f2</run_address>
         <size>0x18</size>
         <input_file_ref idref="fl-7"/>
      </object_component>
      <object_component id="oc-184">
         <name>.text:strcmp</name>
         <load_address>0x580a</load_address>
         <run_address>0x580a</run_address>
         <size>0x18</size>
         <input_file_ref idref="fl-dd"/>
      </object_component>
      <object_component id="oc-3ab">
         <name>.text:strchr</name>
         <load_address>0x5822</load_address>
         <run_address>0x5822</run_address>
         <size>0x16</size>
         <input_file_ref idref="fl-f1"/>
      </object_component>
      <object_component id="oc-18a">
         <name>.text:strcpy</name>
         <load_address>0x5838</load_address>
         <run_address>0x5838</run_address>
         <size>0x14</size>
         <input_file_ref idref="fl-de"/>
      </object_component>
      <object_component id="oc-1eb">
         <name>.text:strlen</name>
         <load_address>0x584c</load_address>
         <run_address>0x584c</run_address>
         <size>0x14</size>
         <input_file_ref idref="fl-df"/>
      </object_component>
      <object_component id="oc-2ee">
         <name>.text:wcslen</name>
         <load_address>0x5860</load_address>
         <run_address>0x5860</run_address>
         <size>0x12</size>
         <input_file_ref idref="fl-f4"/>
      </object_component>
      <object_component id="oc-1c8">
         <name>.text:IntMasterEnable</name>
         <load_address>0x5872</load_address>
         <run_address>0x5872</run_address>
         <size>0x10</size>
         <input_file_ref idref="fl-f6"/>
      </object_component>
      <object_component id="oc-177">
         <name>.text:lcd_clear</name>
         <load_address>0x5882</load_address>
         <run_address>0x5882</run_address>
         <size>0x10</size>
         <input_file_ref idref="fl-5"/>
      </object_component>
      <object_component id="oc-1b">
         <name>.text:decompress:none:__TI_decompress_none</name>
         <load_address>0x5892</load_address>
         <run_address>0x5892</run_address>
         <size>0xe</size>
         <input_file_ref idref="fl-d7"/>
      </object_component>
      <object_component id="oc-2b0">
         <name>.text:CPUcpsie</name>
         <load_address>0x58a0</load_address>
         <run_address>0x58a0</run_address>
         <size>0xc</size>
         <input_file_ref idref="fl-f7"/>
      </object_component>
      <object_component id="oc-2a">
         <name>.text</name>
         <load_address>0x58ac</load_address>
         <run_address>0x58ac</run_address>
         <size>0xc</size>
         <input_file_ref idref="fl-8"/>
      </object_component>
      <object_component id="oc-200">
         <name>.text:_outc</name>
         <load_address>0x58b8</load_address>
         <run_address>0x58b8</run_address>
         <size>0xa</size>
         <input_file_ref idref="fl-cb"/>
      </object_component>
      <object_component id="oc-2f4">
         <name>.text:__aeabi_errno_addr</name>
         <load_address>0x58c4</load_address>
         <run_address>0x58c4</run_address>
         <size>0x8</size>
         <input_file_ref idref="fl-f2"/>
      </object_component>
      <object_component id="oc-29c">
         <name>.text:malloc</name>
         <load_address>0x58cc</load_address>
         <run_address>0x58cc</run_address>
         <size>0x8</size>
         <input_file_ref idref="fl-dc"/>
      </object_component>
      <object_component id="oc-9c">
         <name>.text:_system_pre_init</name>
         <load_address>0x58d4</load_address>
         <run_address>0x58d4</run_address>
         <size>0x4</size>
         <input_file_ref idref="fl-ea"/>
      </object_component>
      <object_component id="oc-12c">
         <name>.text:abort:abort</name>
         <load_address>0x58d8</load_address>
         <run_address>0x58d8</run_address>
         <size>0x4</size>
         <input_file_ref idref="fl-da"/>
      </object_component>
      <object_component id="oc-318">
         <name>.const:$O1$$</name>
         <load_address>0x58e0</load_address>
         <run_address>0x58e0</run_address>
         <size>0x158</size>
         <input_file_ref idref="fl-d9"/>
      </object_component>
      <object_component id="oc-379">
         <name>.const:.string:_ctypes_</name>
         <load_address>0x5a38</load_address>
         <run_address>0x5a38</run_address>
         <size>0x101</size>
         <input_file_ref idref="fl-ef"/>
      </object_component>
      <object_component id="oc-1db">
         <name>.const:.string:$P$T0$3</name>
         <load_address>0x5b39</load_address>
         <run_address>0x5b39</run_address>
         <size>0xf</size>
         <input_file_ref idref="fl-7"/>
      </object_component>
      <object_component id="oc-190">
         <name>.const:.string:lineAddress$1</name>
         <load_address>0x5b48</load_address>
         <run_address>0x5b48</run_address>
         <size>0x4</size>
         <input_file_ref idref="fl-5"/>
      </object_component>
      <object_component id="oc-191">
         <name>.const:.string:lineAddresses$2</name>
         <load_address>0x5b4c</load_address>
         <run_address>0x5b4c</run_address>
         <size>0x4</size>
         <input_file_ref idref="fl-5"/>
      </object_component>
      <object_component id="oc-45d">
         <name>.cinit..data.load</name>
         <load_address>0x5b50</load_address>
         <run_address>0x5b50</run_address>
         <size>0x18</size>
      </object_component>
      <object_component id="oc-45a">
         <name>__TI_handler_table</name>
         <load_address>0x5b68</load_address>
         <run_address>0x5b68</run_address>
         <size>0xc</size>
      </object_component>
      <object_component id="oc-45e">
         <name>.cinit..bss.load</name>
         <load_address>0x5b78</load_address>
         <run_address>0x5b78</run_address>
         <size>0x8</size>
      </object_component>
      <object_component id="oc-45c">
         <name>.cinit..vtable.load</name>
         <load_address>0x5b80</load_address>
         <run_address>0x5b80</run_address>
         <size>0x8</size>
      </object_component>
      <object_component id="oc-45b">
         <name>__TI_cinit_table</name>
         <load_address>0x5b88</load_address>
         <run_address>0x5b88</run_address>
         <size>0x18</size>
      </object_component>
      <object_component id="oc-25f">
         <name>.vtable</name>
         <uninitialized>true</uninitialized>
         <run_address>0x20000000</run_address>
         <size>0x26c</size>
         <input_file_ref idref="fl-f6"/>
      </object_component>
      <object_component id="oc-172">
         <name>.data</name>
         <load_address>0x20002334</load_address>
         <run_address>0x20002334</run_address>
         <size>0x1</size>
         <input_file_ref idref="fl-2"/>
      </object_component>
      <object_component id="oc-1ce">
         <name>.data</name>
         <load_address>0x200022fc</load_address>
         <run_address>0x200022fc</run_address>
         <size>0x20</size>
         <input_file_ref idref="fl-7"/>
      </object_component>
      <object_component id="oc-1ac">
         <name>.data</name>
         <load_address>0x2000232c</load_address>
         <run_address>0x2000232c</run_address>
         <size>0x4</size>
         <input_file_ref idref="fl-11"/>
      </object_component>
      <object_component id="oc-243">
         <name>.data:$O1$$</name>
         <load_address>0x2000231c</load_address>
         <run_address>0x2000231c</run_address>
         <size>0x8</size>
         <input_file_ref idref="fl-db"/>
      </object_component>
      <object_component id="oc-371">
         <name>.data:$O1$$</name>
         <load_address>0x20002324</load_address>
         <run_address>0x20002324</run_address>
         <size>0x8</size>
         <input_file_ref idref="fl-dc"/>
      </object_component>
      <object_component id="oc-3bb">
         <name>.data</name>
         <load_address>0x20002330</load_address>
         <run_address>0x20002330</run_address>
         <size>0x4</size>
         <input_file_ref idref="fl-f2"/>
      </object_component>
      <object_component id="oc-192">
         <name>.bss:lastbuffer$3</name>
         <uninitialized>true</uninitialized>
         <run_address>0x20002270</run_address>
         <size>0x54</size>
         <input_file_ref idref="fl-5"/>
      </object_component>
      <object_component id="oc-1e3">
         <name>.bss:firmware$2</name>
         <uninitialized>true</uninitialized>
         <run_address>0x200022c4</run_address>
         <size>0x18</size>
         <input_file_ref idref="fl-7"/>
      </object_component>
      <object_component id="oc-175">
         <name>.common:_timeout_ticks</name>
         <uninitialized>true</uninitialized>
         <run_address>0x200022dc</run_address>
         <size>0x4</size>
      </object_component>
      <object_component id="oc-100">
         <name>.common:right_calibration_value</name>
         <uninitialized>true</uninitialized>
         <run_address>0x200022f0</run_address>
         <size>0x4</size>
      </object_component>
      <object_component id="oc-105">
         <name>.common:left_calibration_value</name>
         <uninitialized>true</uninitialized>
         <run_address>0x200022e8</run_address>
         <size>0x4</size>
      </object_component>
      <object_component id="oc-296">
         <name>.common:isr_int_value</name>
         <uninitialized>true</uninitialized>
         <run_address>0x200022e4</run_address>
         <size>0x4</size>
      </object_component>
      <object_component id="oc-292">
         <name>.common:risingEdge</name>
         <uninitialized>true</uninitialized>
         <run_address>0x200022f4</run_address>
         <size>0x4</size>
      </object_component>
      <object_component id="oc-293">
         <name>.common:fallingEdge</name>
         <uninitialized>true</uninitialized>
         <run_address>0x200022e0</run_address>
         <size>0x4</size>
      </object_component>
      <object_component id="oc-294">
         <name>.common:pulseLength</name>
         <uninitialized>true</uninitialized>
         <run_address>0x200022ec</run_address>
         <size>0x4</size>
      </object_component>
      <object_component id="oc-28f">
         <name>.common:isRisingEdge</name>
         <uninitialized>true</uninitialized>
         <run_address>0x200022f8</run_address>
         <size>0x1</size>
      </object_component>
      <object_component id="oc-24">
         <name>.sysmem</name>
         <uninitialized>true</uninitialized>
         <run_address>0x20001270</run_address>
         <size>0x10</size>
         <input_file_ref idref="fl-dc"/>
      </object_component>
      <object_component id="oc-461">
         <name>.sysmem</name>
         <uninitialized>true</uninitialized>
         <run_address>0x20001270</run_address>
         <size>0x0</size>
      </object_component>
      <object_component id="oc-27">
         <name>.stack</name>
         <uninitialized>true</uninitialized>
         <run_address>0x20000270</run_address>
         <size>0x4</size>
         <input_file_ref idref="fl-e0"/>
      </object_component>
      <object_component id="oc-460">
         <name>.stack</name>
         <uninitialized>true</uninitialized>
         <run_address>0x20000270</run_address>
         <size>0x0</size>
      </object_component>
      <object_component id="oc-c5">
         <name>.debug_info</name>
         <load_address>0x0</load_address>
         <run_address>0x0</run_address>
         <size>0x2b1</size>
         <input_file_ref idref="fl-2"/>
      </object_component>
      <object_component id="oc-173">
         <name>.debug_info</name>
         <load_address>0x2b1</load_address>
         <run_address>0x2b1</run_address>
         <size>0xbf</size>
         <input_file_ref idref="fl-2"/>
      </object_component>
      <object_component id="oc-da">
         <name>.debug_info</name>
         <load_address>0x370</load_address>
         <run_address>0x370</run_address>
         <size>0x507</size>
         <input_file_ref idref="fl-2"/>
      </object_component>
      <object_component id="oc-77">
         <name>.debug_info</name>
         <load_address>0x877</load_address>
         <run_address>0x877</run_address>
         <size>0x26b</size>
         <input_file_ref idref="fl-2"/>
      </object_component>
      <object_component id="oc-39">
         <name>.debug_info</name>
         <load_address>0xae2</load_address>
         <run_address>0xae2</run_address>
         <size>0x84</size>
         <input_file_ref idref="fl-2"/>
      </object_component>
      <object_component id="oc-c0">
         <name>.debug_info</name>
         <load_address>0xb66</load_address>
         <run_address>0xb66</run_address>
         <size>0x2a4</size>
         <input_file_ref idref="fl-2"/>
      </object_component>
      <object_component id="oc-7c">
         <name>.debug_info</name>
         <load_address>0xe0a</load_address>
         <run_address>0xe0a</run_address>
         <size>0xbb</size>
         <input_file_ref idref="fl-2"/>
      </object_component>
      <object_component id="oc-101">
         <name>.debug_info</name>
         <load_address>0xec5</load_address>
         <run_address>0xec5</run_address>
         <size>0x5a7</size>
         <input_file_ref idref="fl-4"/>
      </object_component>
      <object_component id="oc-a3">
         <name>.debug_info</name>
         <load_address>0x146c</load_address>
         <run_address>0x146c</run_address>
         <size>0x57a</size>
         <input_file_ref idref="fl-4"/>
      </object_component>
      <object_component id="oc-127">
         <name>.debug_info</name>
         <load_address>0x19e6</load_address>
         <run_address>0x19e6</run_address>
         <size>0x9d</size>
         <input_file_ref idref="fl-4"/>
      </object_component>
      <object_component id="oc-20a">
         <name>.debug_info</name>
         <load_address>0x1a83</load_address>
         <run_address>0x1a83</run_address>
         <size>0x5aa</size>
         <input_file_ref idref="fl-4"/>
      </object_component>
      <object_component id="oc-20f">
         <name>.debug_info</name>
         <load_address>0x202d</load_address>
         <run_address>0x202d</run_address>
         <size>0xc5</size>
         <input_file_ref idref="fl-4"/>
      </object_component>
      <object_component id="oc-289">
         <name>.debug_info</name>
         <load_address>0x20f2</load_address>
         <run_address>0x20f2</run_address>
         <size>0xcc</size>
         <input_file_ref idref="fl-4"/>
      </object_component>
      <object_component id="oc-195">
         <name>.debug_info</name>
         <load_address>0x21be</load_address>
         <run_address>0x21be</run_address>
         <size>0x2c</size>
         <input_file_ref idref="fl-4"/>
      </object_component>
      <object_component id="oc-214">
         <name>.debug_info</name>
         <load_address>0x21ea</load_address>
         <run_address>0x21ea</run_address>
         <size>0x35</size>
         <input_file_ref idref="fl-4"/>
      </object_component>
      <object_component id="oc-194">
         <name>.debug_info</name>
         <load_address>0x221f</load_address>
         <run_address>0x221f</run_address>
         <size>0x37f</size>
         <input_file_ref idref="fl-5"/>
      </object_component>
      <object_component id="oc-178">
         <name>.debug_info</name>
         <load_address>0x259e</load_address>
         <run_address>0x259e</run_address>
         <size>0x114</size>
         <input_file_ref idref="fl-5"/>
      </object_component>
      <object_component id="oc-df">
         <name>.debug_info</name>
         <load_address>0x26b2</load_address>
         <run_address>0x26b2</run_address>
         <size>0x8a0</size>
         <input_file_ref idref="fl-5"/>
      </object_component>
      <object_component id="oc-23d">
         <name>.debug_info</name>
         <load_address>0x2f52</load_address>
         <run_address>0x2f52</run_address>
         <size>0x364</size>
         <input_file_ref idref="fl-6"/>
      </object_component>
      <object_component id="oc-11c">
         <name>.debug_info</name>
         <load_address>0x32b6</load_address>
         <run_address>0x32b6</run_address>
         <size>0x9b7</size>
         <input_file_ref idref="fl-6"/>
      </object_component>
      <object_component id="oc-1e5">
         <name>.debug_info</name>
         <load_address>0x3c6d</load_address>
         <run_address>0x3c6d</run_address>
         <size>0x3fc</size>
         <input_file_ref idref="fl-7"/>
      </object_component>
      <object_component id="oc-1cf">
         <name>.debug_info</name>
         <load_address>0x4069</load_address>
         <run_address>0x4069</run_address>
         <size>0x111</size>
         <input_file_ref idref="fl-7"/>
      </object_component>
      <object_component id="oc-1dc">
         <name>.debug_info</name>
         <load_address>0x417a</load_address>
         <run_address>0x417a</run_address>
         <size>0xc6</size>
         <input_file_ref idref="fl-7"/>
      </object_component>
      <object_component id="oc-1c2">
         <name>.debug_info</name>
         <load_address>0x4240</load_address>
         <run_address>0x4240</run_address>
         <size>0x13e</size>
         <input_file_ref idref="fl-7"/>
      </object_component>
      <object_component id="oc-ea">
         <name>.debug_info</name>
         <load_address>0x437e</load_address>
         <run_address>0x437e</run_address>
         <size>0x1988</size>
         <input_file_ref idref="fl-7"/>
      </object_component>
      <object_component id="oc-1e6">
         <name>.debug_info</name>
         <load_address>0x5d06</load_address>
         <run_address>0x5d06</run_address>
         <size>0x8b</size>
         <input_file_ref idref="fl-7"/>
      </object_component>
      <object_component id="oc-32">
         <name>.debug_info</name>
         <load_address>0x5d91</load_address>
         <run_address>0x5d91</run_address>
         <size>0x29b</size>
         <input_file_ref idref="fl-8"/>
      </object_component>
      <object_component id="oc-13">
         <name>.debug_info</name>
         <load_address>0x602c</load_address>
         <run_address>0x602c</run_address>
         <size>0xda</size>
         <input_file_ref idref="fl-8"/>
      </object_component>
      <object_component id="oc-2c">
         <name>.debug_info</name>
         <load_address>0x6106</load_address>
         <run_address>0x6106</run_address>
         <size>0x256</size>
         <input_file_ref idref="fl-8"/>
      </object_component>
      <object_component id="oc-1f2">
         <name>.debug_info</name>
         <load_address>0x635c</load_address>
         <run_address>0x635c</run_address>
         <size>0x26c</size>
         <input_file_ref idref="fl-a"/>
      </object_component>
      <object_component id="oc-f1">
         <name>.debug_info</name>
         <load_address>0x65c8</load_address>
         <run_address>0x65c8</run_address>
         <size>0x2f3</size>
         <input_file_ref idref="fl-a"/>
      </object_component>
      <object_component id="oc-103">
         <name>.debug_info</name>
         <load_address>0x68bb</load_address>
         <run_address>0x68bb</run_address>
         <size>0x485</size>
         <input_file_ref idref="fl-11"/>
      </object_component>
      <object_component id="oc-1ad">
         <name>.debug_info</name>
         <load_address>0x6d40</load_address>
         <run_address>0x6d40</run_address>
         <size>0x114</size>
         <input_file_ref idref="fl-11"/>
      </object_component>
      <object_component id="oc-e5">
         <name>.debug_info</name>
         <load_address>0x6e54</load_address>
         <run_address>0x6e54</run_address>
         <size>0x4ce</size>
         <input_file_ref idref="fl-11"/>
      </object_component>
      <object_component id="oc-1b0">
         <name>.debug_info</name>
         <load_address>0x7322</load_address>
         <run_address>0x7322</run_address>
         <size>0x9d</size>
         <input_file_ref idref="fl-11"/>
      </object_component>
      <object_component id="oc-297">
         <name>.debug_info</name>
         <load_address>0x73bf</load_address>
         <run_address>0x73bf</run_address>
         <size>0x2b7</size>
         <input_file_ref idref="fl-12"/>
      </object_component>
      <object_component id="oc-1a8">
         <name>.debug_info</name>
         <load_address>0x7676</load_address>
         <run_address>0x7676</run_address>
         <size>0x266</size>
         <input_file_ref idref="fl-12"/>
      </object_component>
      <object_component id="oc-290">
         <name>.debug_info</name>
         <load_address>0x78dc</load_address>
         <run_address>0x78dc</run_address>
         <size>0x3ba</size>
         <input_file_ref idref="fl-13"/>
      </object_component>
      <object_component id="oc-1a3">
         <name>.debug_info</name>
         <load_address>0x7c96</load_address>
         <run_address>0x7c96</run_address>
         <size>0x270</size>
         <input_file_ref idref="fl-13"/>
      </object_component>
      <object_component id="oc-19e">
         <name>.debug_info</name>
         <load_address>0x7f06</load_address>
         <run_address>0x7f06</run_address>
         <size>0x296</size>
         <input_file_ref idref="fl-14"/>
      </object_component>
      <object_component id="oc-230">
         <name>.debug_info</name>
         <load_address>0x819c</load_address>
         <run_address>0x819c</run_address>
         <size>0x361</size>
         <input_file_ref idref="fl-ca"/>
      </object_component>
      <object_component id="oc-114">
         <name>.debug_info</name>
         <load_address>0x84fd</load_address>
         <run_address>0x84fd</run_address>
         <size>0x7ae</size>
         <input_file_ref idref="fl-ca"/>
      </object_component>
      <object_component id="oc-327">
         <name>.debug_info</name>
         <load_address>0x8cab</load_address>
         <run_address>0x8cab</run_address>
         <size>0x46</size>
         <input_file_ref idref="fl-ca"/>
      </object_component>
      <object_component id="oc-231">
         <name>.debug_info</name>
         <load_address>0x8cf1</load_address>
         <run_address>0x8cf1</run_address>
         <size>0x39</size>
         <input_file_ref idref="fl-ca"/>
      </object_component>
      <object_component id="oc-207">
         <name>.debug_info</name>
         <load_address>0x8d2a</load_address>
         <run_address>0x8d2a</run_address>
         <size>0x333</size>
         <input_file_ref idref="fl-cb"/>
      </object_component>
      <object_component id="oc-fc">
         <name>.debug_info</name>
         <load_address>0x905d</load_address>
         <run_address>0x905d</run_address>
         <size>0x1d1</size>
         <input_file_ref idref="fl-cb"/>
      </object_component>
      <object_component id="oc-1fe">
         <name>.debug_info</name>
         <load_address>0x922e</load_address>
         <run_address>0x922e</run_address>
         <size>0x18d</size>
         <input_file_ref idref="fl-cb"/>
      </object_component>
      <object_component id="oc-203">
         <name>.debug_info</name>
         <load_address>0x93bb</load_address>
         <run_address>0x93bb</run_address>
         <size>0x16d</size>
         <input_file_ref idref="fl-cb"/>
      </object_component>
      <object_component id="oc-279">
         <name>.debug_info</name>
         <load_address>0x9528</load_address>
         <run_address>0x9528</run_address>
         <size>0x2c</size>
         <input_file_ref idref="fl-cb"/>
      </object_component>
      <object_component id="oc-278">
         <name>.debug_info</name>
         <load_address>0x9554</load_address>
         <run_address>0x9554</run_address>
         <size>0x340</size>
         <input_file_ref idref="fl-cc"/>
      </object_component>
      <object_component id="oc-17f">
         <name>.debug_info</name>
         <load_address>0x9894</load_address>
         <run_address>0x9894</run_address>
         <size>0x208</size>
         <input_file_ref idref="fl-cc"/>
      </object_component>
      <object_component id="oc-26e">
         <name>.debug_info</name>
         <load_address>0x9a9c</load_address>
         <run_address>0x9a9c</run_address>
         <size>0x1c6</size>
         <input_file_ref idref="fl-cc"/>
      </object_component>
      <object_component id="oc-274">
         <name>.debug_info</name>
         <load_address>0x9c62</load_address>
         <run_address>0x9c62</run_address>
         <size>0x179</size>
         <input_file_ref idref="fl-cc"/>
      </object_component>
      <object_component id="oc-27e">
         <name>.debug_info</name>
         <load_address>0x9ddb</load_address>
         <run_address>0x9ddb</run_address>
         <size>0x69</size>
         <input_file_ref idref="fl-cc"/>
      </object_component>
      <object_component id="oc-1d7">
         <name>.debug_info</name>
         <load_address>0x9e44</load_address>
         <run_address>0x9e44</run_address>
         <size>0x14c</size>
         <input_file_ref idref="fl-cd"/>
      </object_component>
      <object_component id="oc-119">
         <name>.debug_info</name>
         <load_address>0x9f90</load_address>
         <run_address>0x9f90</run_address>
         <size>0x128</size>
         <input_file_ref idref="fl-ce"/>
      </object_component>
      <object_component id="oc-238">
         <name>.debug_info</name>
         <load_address>0xa0b8</load_address>
         <run_address>0xa0b8</run_address>
         <size>0x12a</size>
         <input_file_ref idref="fl-ce"/>
      </object_component>
      <object_component id="oc-1d4">
         <name>.debug_info</name>
         <load_address>0xa1e2</load_address>
         <run_address>0xa1e2</run_address>
         <size>0x13a</size>
         <input_file_ref idref="fl-cf"/>
      </object_component>
      <object_component id="oc-107">
         <name>.debug_info</name>
         <load_address>0xa31c</load_address>
         <run_address>0xa31c</run_address>
         <size>0x13a</size>
         <input_file_ref idref="fl-d0"/>
      </object_component>
      <object_component id="oc-122">
         <name>.debug_info</name>
         <load_address>0xa456</load_address>
         <run_address>0xa456</run_address>
         <size>0x12e</size>
         <input_file_ref idref="fl-d1"/>
      </object_component>
      <object_component id="oc-1e0">
         <name>.debug_info</name>
         <load_address>0xa584</load_address>
         <run_address>0xa584</run_address>
         <size>0x13e</size>
         <input_file_ref idref="fl-d2"/>
      </object_component>
      <object_component id="oc-f7">
         <name>.debug_info</name>
         <load_address>0xa6c2</load_address>
         <run_address>0xa6c2</run_address>
         <size>0x12c</size>
         <input_file_ref idref="fl-d3"/>
      </object_component>
      <object_component id="oc-10e">
         <name>.debug_info</name>
         <load_address>0xa7ee</load_address>
         <run_address>0xa7ee</run_address>
         <size>0x12c</size>
         <input_file_ref idref="fl-d4"/>
      </object_component>
      <object_component id="oc-41">
         <name>.debug_info</name>
         <load_address>0xa91a</load_address>
         <run_address>0xa91a</run_address>
         <size>0x119</size>
         <input_file_ref idref="fl-d5"/>
      </object_component>
      <object_component id="oc-95">
         <name>.debug_info</name>
         <load_address>0xaa33</load_address>
         <run_address>0xaa33</run_address>
         <size>0x2d4</size>
         <input_file_ref idref="fl-d6"/>
      </object_component>
      <object_component id="oc-4e">
         <name>.debug_info</name>
         <load_address>0xad07</load_address>
         <run_address>0xad07</run_address>
         <size>0x1d2</size>
         <input_file_ref idref="fl-d6"/>
      </object_component>
      <object_component id="oc-90">
         <name>.debug_info</name>
         <load_address>0xaed9</load_address>
         <run_address>0xaed9</run_address>
         <size>0x46</size>
         <input_file_ref idref="fl-d6"/>
      </object_component>
      <object_component id="oc-ce">
         <name>.debug_info</name>
         <load_address>0xaf1f</load_address>
         <run_address>0xaf1f</run_address>
         <size>0x2c</size>
         <input_file_ref idref="fl-d6"/>
      </object_component>
      <object_component id="oc-49">
         <name>.debug_info</name>
         <load_address>0xaf4b</load_address>
         <run_address>0xaf4b</run_address>
         <size>0x2a8</size>
         <input_file_ref idref="fl-d7"/>
      </object_component>
      <object_component id="oc-1d">
         <name>.debug_info</name>
         <load_address>0xb1f3</load_address>
         <run_address>0xb1f3</run_address>
         <size>0x1ea</size>
         <input_file_ref idref="fl-d7"/>
      </object_component>
      <object_component id="oc-44">
         <name>.debug_info</name>
         <load_address>0xb3dd</load_address>
         <run_address>0xb3dd</run_address>
         <size>0x46</size>
         <input_file_ref idref="fl-d7"/>
      </object_component>
      <object_component id="oc-88">
         <name>.debug_info</name>
         <load_address>0xb423</load_address>
         <run_address>0xb423</run_address>
         <size>0x2c</size>
         <input_file_ref idref="fl-d7"/>
      </object_component>
      <object_component id="oc-86">
         <name>.debug_info</name>
         <load_address>0xb44f</load_address>
         <run_address>0xb44f</run_address>
         <size>0x29e</size>
         <input_file_ref idref="fl-d8"/>
      </object_component>
      <object_component id="oc-19">
         <name>.debug_info</name>
         <load_address>0xb6ed</load_address>
         <run_address>0xb6ed</run_address>
         <size>0x250</size>
         <input_file_ref idref="fl-d8"/>
      </object_component>
      <object_component id="oc-34">
         <name>.debug_info</name>
         <load_address>0xb93d</load_address>
         <run_address>0xb93d</run_address>
         <size>0x60</size>
         <input_file_ref idref="fl-d8"/>
      </object_component>
      <object_component id="oc-c7">
         <name>.debug_info</name>
         <load_address>0xb99d</load_address>
         <run_address>0xb99d</run_address>
         <size>0x46</size>
         <input_file_ref idref="fl-d8"/>
      </object_component>
      <object_component id="oc-81">
         <name>.debug_info</name>
         <load_address>0xb9e3</load_address>
         <run_address>0xb9e3</run_address>
         <size>0x39</size>
         <input_file_ref idref="fl-d8"/>
      </object_component>
      <object_component id="oc-31c">
         <name>.debug_info</name>
         <load_address>0xba1c</load_address>
         <run_address>0xba1c</run_address>
         <size>0x3aa</size>
         <input_file_ref idref="fl-d9"/>
      </object_component>
      <object_component id="oc-319">
         <name>.debug_info</name>
         <load_address>0xbdc6</load_address>
         <run_address>0xbdc6</run_address>
         <size>0x13a</size>
         <input_file_ref idref="fl-d9"/>
      </object_component>
      <object_component id="oc-225">
         <name>.debug_info</name>
         <load_address>0xbf00</load_address>
         <run_address>0xbf00</run_address>
         <size>0x72f</size>
         <input_file_ref idref="fl-d9"/>
      </object_component>
      <object_component id="oc-3dc">
         <name>.debug_info</name>
         <load_address>0xc62f</load_address>
         <run_address>0xc62f</run_address>
         <size>0x39</size>
         <input_file_ref idref="fl-d9"/>
      </object_component>
      <object_component id="oc-31e">
         <name>.debug_info</name>
         <load_address>0xc668</load_address>
         <run_address>0xc668</run_address>
         <size>0x2c</size>
         <input_file_ref idref="fl-d9"/>
      </object_component>
      <object_component id="oc-12f">
         <name>.debug_info</name>
         <load_address>0xc694</load_address>
         <run_address>0xc694</run_address>
         <size>0x122</size>
         <input_file_ref idref="fl-da"/>
      </object_component>
      <object_component id="oc-339">
         <name>.debug_info</name>
         <load_address>0xc7b6</load_address>
         <run_address>0xc7b6</run_address>
         <size>0x2c9</size>
         <input_file_ref idref="fl-db"/>
      </object_component>
      <object_component id="oc-244">
         <name>.debug_info</name>
         <load_address>0xca7f</load_address>
         <run_address>0xca7f</run_address>
         <size>0x11e</size>
         <input_file_ref idref="fl-db"/>
      </object_component>
      <object_component id="oc-335">
         <name>.debug_info</name>
         <load_address>0xcb9d</load_address>
         <run_address>0xcb9d</run_address>
         <size>0x12e</size>
         <input_file_ref idref="fl-db"/>
      </object_component>
      <object_component id="oc-70">
         <name>.debug_info</name>
         <load_address>0xcccb</load_address>
         <run_address>0xcccb</run_address>
         <size>0x3b2</size>
         <input_file_ref idref="fl-dc"/>
      </object_component>
      <object_component id="oc-25">
         <name>.debug_info</name>
         <load_address>0xd07d</load_address>
         <run_address>0xd07d</run_address>
         <size>0x10c</size>
         <input_file_ref idref="fl-dc"/>
      </object_component>
      <object_component id="oc-372">
         <name>.debug_info</name>
         <load_address>0xd189</load_address>
         <run_address>0xd189</run_address>
         <size>0x13f</size>
         <input_file_ref idref="fl-dc"/>
      </object_component>
      <object_component id="oc-29d">
         <name>.debug_info</name>
         <load_address>0xd2c8</load_address>
         <run_address>0xd2c8</run_address>
         <size>0x168</size>
         <input_file_ref idref="fl-dc"/>
      </object_component>
      <object_component id="oc-2a5">
         <name>.debug_info</name>
         <load_address>0xd430</load_address>
         <run_address>0xd430</run_address>
         <size>0x18e</size>
         <input_file_ref idref="fl-dc"/>
      </object_component>
      <object_component id="oc-2ab">
         <name>.debug_info</name>
         <load_address>0xd5be</load_address>
         <run_address>0xd5be</run_address>
         <size>0x19f</size>
         <input_file_ref idref="fl-dc"/>
      </object_component>
      <object_component id="oc-1bd">
         <name>.debug_info</name>
         <load_address>0xd75d</load_address>
         <run_address>0xd75d</run_address>
         <size>0x203</size>
         <input_file_ref idref="fl-dc"/>
      </object_component>
      <object_component id="oc-3f3">
         <name>.debug_info</name>
         <load_address>0xd960</load_address>
         <run_address>0xd960</run_address>
         <size>0x1db</size>
         <input_file_ref idref="fl-dc"/>
      </object_component>
      <object_component id="oc-1b6">
         <name>.debug_info</name>
         <load_address>0xdb3b</load_address>
         <run_address>0xdb3b</run_address>
         <size>0x1a5</size>
         <input_file_ref idref="fl-dc"/>
      </object_component>
      <object_component id="oc-36b">
         <name>.debug_info</name>
         <load_address>0xdce0</load_address>
         <run_address>0xdce0</run_address>
         <size>0x299</size>
         <input_file_ref idref="fl-dc"/>
      </object_component>
      <object_component id="oc-bb">
         <name>.debug_info</name>
         <load_address>0xdf79</load_address>
         <run_address>0xdf79</run_address>
         <size>0xb2</size>
         <input_file_ref idref="fl-dc"/>
      </object_component>
      <object_component id="oc-b6">
         <name>.debug_info</name>
         <load_address>0xe02b</load_address>
         <run_address>0xe02b</run_address>
         <size>0x2c</size>
         <input_file_ref idref="fl-dc"/>
      </object_component>
      <object_component id="oc-284">
         <name>.debug_info</name>
         <load_address>0xe057</load_address>
         <run_address>0xe057</run_address>
         <size>0x28a</size>
         <input_file_ref idref="fl-dd"/>
      </object_component>
      <object_component id="oc-187">
         <name>.debug_info</name>
         <load_address>0xe2e1</load_address>
         <run_address>0xe2e1</run_address>
         <size>0x273</size>
         <input_file_ref idref="fl-dd"/>
      </object_component>
      <object_component id="oc-286">
         <name>.debug_info</name>
         <load_address>0xe554</load_address>
         <run_address>0xe554</run_address>
         <size>0x2a4</size>
         <input_file_ref idref="fl-de"/>
      </object_component>
      <object_component id="oc-18b">
         <name>.debug_info</name>
         <load_address>0xe7f8</load_address>
         <run_address>0xe7f8</run_address>
         <size>0x24d</size>
         <input_file_ref idref="fl-de"/>
      </object_component>
      <object_component id="oc-2c1">
         <name>.debug_info</name>
         <load_address>0xea45</load_address>
         <run_address>0xea45</run_address>
         <size>0x28f</size>
         <input_file_ref idref="fl-df"/>
      </object_component>
      <object_component id="oc-1ec">
         <name>.debug_info</name>
         <load_address>0xecd4</load_address>
         <run_address>0xecd4</run_address>
         <size>0x245</size>
         <input_file_ref idref="fl-df"/>
      </object_component>
      <object_component id="oc-28">
         <name>.debug_info</name>
         <load_address>0xef19</load_address>
         <run_address>0xef19</run_address>
         <size>0x10b</size>
         <input_file_ref idref="fl-e0"/>
      </object_component>
      <object_component id="oc-5e">
         <name>.debug_info</name>
         <load_address>0xf024</load_address>
         <run_address>0xf024</run_address>
         <size>0x1a9</size>
         <input_file_ref idref="fl-e0"/>
      </object_component>
      <object_component id="oc-324">
         <name>.debug_info</name>
         <load_address>0xf1cd</load_address>
         <run_address>0xf1cd</run_address>
         <size>0x288</size>
         <input_file_ref idref="fl-e1"/>
      </object_component>
      <object_component id="oc-22a">
         <name>.debug_info</name>
         <load_address>0xf455</load_address>
         <run_address>0xf455</run_address>
         <size>0x327</size>
         <input_file_ref idref="fl-e1"/>
      </object_component>
      <object_component id="oc-30b">
         <name>.debug_info</name>
         <load_address>0xf77c</load_address>
         <run_address>0xf77c</run_address>
         <size>0x28d</size>
         <input_file_ref idref="fl-e2"/>
      </object_component>
      <object_component id="oc-21e">
         <name>.debug_info</name>
         <load_address>0xfa09</load_address>
         <run_address>0xfa09</run_address>
         <size>0x380</size>
         <input_file_ref idref="fl-e2"/>
      </object_component>
      <object_component id="oc-3d7">
         <name>.debug_info</name>
         <load_address>0xfd89</load_address>
         <run_address>0xfd89</run_address>
         <size>0x28a</size>
         <input_file_ref idref="fl-e3"/>
      </object_component>
      <object_component id="oc-313">
         <name>.debug_info</name>
         <load_address>0x10013</load_address>
         <run_address>0x10013</run_address>
         <size>0x22a</size>
         <input_file_ref idref="fl-e3"/>
      </object_component>
      <object_component id="oc-3d5">
         <name>.debug_info</name>
         <load_address>0x1023d</load_address>
         <run_address>0x1023d</run_address>
         <size>0x2f8</size>
         <input_file_ref idref="fl-e4"/>
      </object_component>
      <object_component id="oc-30f">
         <name>.debug_info</name>
         <load_address>0x10535</load_address>
         <run_address>0x10535</run_address>
         <size>0x225</size>
         <input_file_ref idref="fl-e4"/>
      </object_component>
      <object_component id="oc-3d0">
         <name>.debug_info</name>
         <load_address>0x1075a</load_address>
         <run_address>0x1075a</run_address>
         <size>0x161</size>
         <input_file_ref idref="fl-e5"/>
      </object_component>
      <object_component id="oc-2fb">
         <name>.debug_info</name>
         <load_address>0x108bb</load_address>
         <run_address>0x108bb</run_address>
         <size>0x590</size>
         <input_file_ref idref="fl-e6"/>
      </object_component>
      <object_component id="oc-2cb">
         <name>.debug_info</name>
         <load_address>0x10e4b</load_address>
         <run_address>0x10e4b</run_address>
         <size>0x21e</size>
         <input_file_ref idref="fl-e6"/>
      </object_component>
      <object_component id="oc-38b">
         <name>.debug_info</name>
         <load_address>0x11069</load_address>
         <run_address>0x11069</run_address>
         <size>0x1b3</size>
         <input_file_ref idref="fl-e6"/>
      </object_component>
      <object_component id="oc-391">
         <name>.debug_info</name>
         <load_address>0x1121c</load_address>
         <run_address>0x1121c</run_address>
         <size>0x21b</size>
         <input_file_ref idref="fl-e6"/>
      </object_component>
      <object_component id="oc-2d1">
         <name>.debug_info</name>
         <load_address>0x11437</load_address>
         <run_address>0x11437</run_address>
         <size>0x3c0</size>
         <input_file_ref idref="fl-e6"/>
      </object_component>
      <object_component id="oc-398">
         <name>.debug_info</name>
         <load_address>0x117f7</load_address>
         <run_address>0x117f7</run_address>
         <size>0x30a</size>
         <input_file_ref idref="fl-e6"/>
      </object_component>
      <object_component id="oc-39e">
         <name>.debug_info</name>
         <load_address>0x11b01</load_address>
         <run_address>0x11b01</run_address>
         <size>0x215</size>
         <input_file_ref idref="fl-e6"/>
      </object_component>
      <object_component id="oc-2d7">
         <name>.debug_info</name>
         <load_address>0x11d16</load_address>
         <run_address>0x11d16</run_address>
         <size>0x215</size>
         <input_file_ref idref="fl-e6"/>
      </object_component>
      <object_component id="oc-2de">
         <name>.debug_info</name>
         <load_address>0x11f2b</load_address>
         <run_address>0x11f2b</run_address>
         <size>0x304</size>
         <input_file_ref idref="fl-e6"/>
      </object_component>
      <object_component id="oc-2e3">
         <name>.debug_info</name>
         <load_address>0x1222f</load_address>
         <run_address>0x1222f</run_address>
         <size>0x4b5</size>
         <input_file_ref idref="fl-e6"/>
      </object_component>
      <object_component id="oc-1f5">
         <name>.debug_info</name>
         <load_address>0x126e4</load_address>
         <run_address>0x126e4</run_address>
         <size>0x5f4</size>
         <input_file_ref idref="fl-e6"/>
      </object_component>
      <object_component id="oc-2fc">
         <name>.debug_info</name>
         <load_address>0x12cd8</load_address>
         <run_address>0x12cd8</run_address>
         <size>0x86</size>
         <input_file_ref idref="fl-e6"/>
      </object_component>
      <object_component id="oc-3c2">
         <name>.debug_info</name>
         <load_address>0x12d5e</load_address>
         <run_address>0x12d5e</run_address>
         <size>0x39</size>
         <input_file_ref idref="fl-e6"/>
      </object_component>
      <object_component id="oc-41d">
         <name>.debug_info</name>
         <load_address>0x12d97</load_address>
         <run_address>0x12d97</run_address>
         <size>0xb6</size>
         <input_file_ref idref="fl-e6"/>
      </object_component>
      <object_component id="oc-3c7">
         <name>.debug_info</name>
         <load_address>0x12e4d</load_address>
         <run_address>0x12e4d</run_address>
         <size>0x46</size>
         <input_file_ref idref="fl-e6"/>
      </object_component>
      <object_component id="oc-301">
         <name>.debug_info</name>
         <load_address>0x12e93</load_address>
         <run_address>0x12e93</run_address>
         <size>0x46</size>
         <input_file_ref idref="fl-e6"/>
      </object_component>
      <object_component id="oc-98">
         <name>.debug_info</name>
         <load_address>0x12ed9</load_address>
         <run_address>0x12ed9</run_address>
         <size>0x147</size>
         <input_file_ref idref="fl-e7"/>
      </object_component>
      <object_component id="oc-37f">
         <name>.debug_info</name>
         <load_address>0x13020</load_address>
         <run_address>0x13020</run_address>
         <size>0x134</size>
         <input_file_ref idref="fl-e8"/>
      </object_component>
      <object_component id="oc-24a">
         <name>.debug_info</name>
         <load_address>0x13154</load_address>
         <run_address>0x13154</run_address>
         <size>0x4b3</size>
         <input_file_ref idref="fl-e9"/>
      </object_component>
      <object_component id="oc-13a">
         <name>.debug_info</name>
         <load_address>0x13607</load_address>
         <run_address>0x13607</run_address>
         <size>0x1a6</size>
         <input_file_ref idref="fl-e9"/>
      </object_component>
      <object_component id="oc-33f">
         <name>.debug_info</name>
         <load_address>0x137ad</load_address>
         <run_address>0x137ad</run_address>
         <size>0x39</size>
         <input_file_ref idref="fl-e9"/>
      </object_component>
      <object_component id="oc-3e6">
         <name>.debug_info</name>
         <load_address>0x137e6</load_address>
         <run_address>0x137e6</run_address>
         <size>0x39</size>
         <input_file_ref idref="fl-e9"/>
      </object_component>
      <object_component id="oc-344">
         <name>.debug_info</name>
         <load_address>0x1381f</load_address>
         <run_address>0x1381f</run_address>
         <size>0x39</size>
         <input_file_ref idref="fl-e9"/>
      </object_component>
      <object_component id="oc-349">
         <name>.debug_info</name>
         <load_address>0x13858</load_address>
         <run_address>0x13858</run_address>
         <size>0xcd</size>
         <input_file_ref idref="fl-e9"/>
      </object_component>
      <object_component id="oc-9e">
         <name>.debug_info</name>
         <load_address>0x13925</load_address>
         <run_address>0x13925</run_address>
         <size>0x153</size>
         <input_file_ref idref="fl-ea"/>
      </object_component>
      <object_component id="oc-407">
         <name>.debug_info</name>
         <load_address>0x13a78</load_address>
         <run_address>0x13a78</run_address>
         <size>0x29c</size>
         <input_file_ref idref="fl-ec"/>
      </object_component>
      <object_component id="oc-385">
         <name>.debug_info</name>
         <load_address>0x13d14</load_address>
         <run_address>0x13d14</run_address>
         <size>0x1da</size>
         <input_file_ref idref="fl-ec"/>
      </object_component>
      <object_component id="oc-37d">
         <name>.debug_info</name>
         <load_address>0x13eee</load_address>
         <run_address>0x13eee</run_address>
         <size>0x2b9</size>
         <input_file_ref idref="fl-ee"/>
      </object_component>
      <object_component id="oc-2c5">
         <name>.debug_info</name>
         <load_address>0x141a7</load_address>
         <run_address>0x141a7</run_address>
         <size>0x17c</size>
         <input_file_ref idref="fl-ee"/>
      </object_component>
      <object_component id="oc-3fd">
         <name>.debug_info</name>
         <load_address>0x14323</load_address>
         <run_address>0x14323</run_address>
         <size>0xf9</size>
         <input_file_ref idref="fl-ef"/>
      </object_component>
      <object_component id="oc-37a">
         <name>.debug_info</name>
         <load_address>0x1441c</load_address>
         <run_address>0x1441c</run_address>
         <size>0x105</size>
         <input_file_ref idref="fl-ef"/>
      </object_component>
      <object_component id="oc-3b3">
         <name>.debug_info</name>
         <load_address>0x14521</load_address>
         <run_address>0x14521</run_address>
         <size>0x2a7</size>
         <input_file_ref idref="fl-f0"/>
      </object_component>
      <object_component id="oc-2ea">
         <name>.debug_info</name>
         <load_address>0x147c8</load_address>
         <run_address>0x147c8</run_address>
         <size>0x1b8</size>
         <input_file_ref idref="fl-f0"/>
      </object_component>
      <object_component id="oc-40f">
         <name>.debug_info</name>
         <load_address>0x14980</load_address>
         <run_address>0x14980</run_address>
         <size>0x29a</size>
         <input_file_ref idref="fl-f1"/>
      </object_component>
      <object_component id="oc-3ac">
         <name>.debug_info</name>
         <load_address>0x14c1a</load_address>
         <run_address>0x14c1a</run_address>
         <size>0x262</size>
         <input_file_ref idref="fl-f1"/>
      </object_component>
      <object_component id="oc-3bf">
         <name>.debug_info</name>
[...]
         <name>oi_setWheels</name>
         <value>0x88f</value>
         <object_component_ref idref="oc-e9"/>
      </symbol>
      <symbol id="sm-21e">
         <name>oi_shutoff_init</name>
         <value>0xb51</value>
         <object_component_ref idref="oc-e9"/>
      </symbol>
      <symbol id="sm-21f">
         <name>motor_cal_factor_L</name>
         <value>0x200022fc</value>
         <object_component_ref idref="oc-1ce"/>
      </symbol>
      <symbol id="sm-220">
         <name>motor_cal_factor_R</name>
         <value>0x20002300</value>
         <object_component_ref idref="oc-1ce"/>
      </symbol>
      <symbol id="sm-221">
         <name>oi_parseInt</name>
         <value>0x57f3</value>
         <object_component_ref idref="oc-1c1"/>
      </symbol>
      <symbol id="sm-222">
         <name>oi_setMotorCalibration</name>
         <value>0xdb1</value>
         <object_component_ref idref="oc-e9"/>
      </symbol>
      <symbol id="sm-223">
         <name>oi_uartSendStr</name>
         <value>0xa59</value>
         <object_component_ref idref="oc-e9"/>
      </symbol>
      <symbol id="sm-224">
         <name>oi_close</name>
         <value>0x2c7</value>
         <object_component_ref idref="oc-e9"/>
      </symbol>
      <symbol id="sm-225">
         <name>oi_uartSendBuff</name>
         <value>0xa77</value>
         <object_component_ref idref="oc-e9"/>
      </symbol>
      <symbol id="sm-226">
         <name>oi_checkFirmware</name>
         <value>0xaa9</value>
         <object_component_ref idref="oc-e9"/>
      </symbol>
      <symbol id="sm-227">
         <name>oi_init_noupdate</name>
         <value>0x289</value>
         <object_component_ref idref="oc-e9"/>
      </symbol>
      <symbol id="sm-228">
         <name>oi_uartSendChar</name>
         <value>0xa15</value>
         <object_component_ref idref="oc-e9"/>
      </symbol>
      <symbol id="sm-229">
         <name>oi_alloc</name>
         <value>0x26d</value>
         <object_component_ref idref="oc-e9"/>
      </symbol>
      <symbol id="sm-22a">
         <name>oi_getMotorCalibrationLeft</name>
         <value>0xded</value>
         <object_component_ref idref="oc-e9"/>
      </symbol>
      <symbol id="sm-22b">
         <name>oi_loadSong</name>
         <value>0x915</value>
         <object_component_ref idref="oc-e9"/>
      </symbol>
      <symbol id="sm-22c">
         <name>oi_play_song</name>
         <value>0x96b</value>
         <object_component_ref idref="oc-e9"/>
      </symbol>
      <symbol id="sm-22d">
         <name>oi_parsePacket</name>
         <value>0x32b</value>
         <object_component_ref idref="oc-e9"/>
      </symbol>
      <symbol id="sm-22e">
         <name>oi_setLeds</name>
         <value>0x84b</value>
         <object_component_ref idref="oc-e9"/>
      </symbol>
      <symbol id="sm-22f">
         <name>oi_init</name>
         <value>0x2b1</value>
         <object_component_ref idref="oc-e9"/>
      </symbol>
      <symbol id="sm-230">
         <name>oi_update</name>
         <value>0x2d9</value>
         <object_component_ref idref="oc-e9"/>
      </symbol>
      <symbol id="sm-231">
         <name>oi_uartInit</name>
         <value>0x98d</value>
         <object_component_ref idref="oc-e9"/>
      </symbol>
      <symbol id="sm-24d">
         <name>ResetISR</name>
         <value>0x58ad</value>
         <object_component_ref idref="oc-2a"/>
      </symbol>
      <symbol id="sm-24e">
         <name>g_pfnVectors</name>
         <value>0x0</value>
         <object_component_ref idref="oc-12"/>
      </symbol>
      <symbol id="sm-277">
         <name>uart_sendChar</name>
         <value>0x421f</value>
         <object_component_ref idref="oc-ef"/>
      </symbol>
      <symbol id="sm-278">
         <name>uart_init</name>
         <value>0x418d</value>
         <object_component_ref idref="oc-ef"/>
      </symbol>
      <symbol id="sm-279">
         <name>uart_receive_nonblocking</name>
         <value>0x4289</value>
         <object_component_ref idref="oc-ef"/>
      </symbol>
      <symbol id="sm-27a">
         <name>uart_receive</name>
         <value>0x423b</value>
         <object_component_ref idref="oc-ef"/>
      </symbol>
      <symbol id="sm-27b">
         <name>uart_sendStr</name>
         <value>0x4261</value>
         <object_component_ref idref="oc-ef"/>
      </symbol>
      <symbol id="sm-2b7">
         <name>cyBOT_SERVO_cal</name>
         <value>0x3565</value>
         <object_component_ref idref="oc-e3"/>
      </symbol>
      <symbol id="sm-2b8">
         <name>cyBOT_Scan</name>
         <value>0x34f3</value>
         <object_component_ref idref="oc-e3"/>
      </symbol>
      <symbol id="sm-2b9">
         <name>cyBOT_scan_features</name>
         <value>0x2000232c</value>
         <object_component_ref idref="oc-1ac"/>
      </symbol>
      <symbol id="sm-2ba">
         <name>cyBOT_scan_version</name>
         <value>0x348d</value>
         <object_component_ref idref="oc-e3"/>
      </symbol>
      <symbol id="sm-2bb">
         <name>cyBOT_init_Scan</name>
         <value>0x349b</value>
         <object_component_ref idref="oc-e3"/>
      </symbol>
      <symbol id="sm-2e2">
         <name>isr_int_value</name>
         <value>0x200022e4</value>
      </symbol>
      <symbol id="sm-2e3">
         <name>ir_enableInterrupt</name>
         <value>0x488b</value>
         <object_component_ref idref="oc-1a6"/>
      </symbol>
      <symbol id="sm-2e4">
         <name>ir_getDistance</name>
         <value>0x486d</value>
         <object_component_ref idref="oc-1a6"/>
      </symbol>
      <symbol id="sm-2e5">
         <name>ir_init</name>
         <value>0x47dd</value>
         <object_component_ref idref="oc-1a6"/>
      </symbol>
      <symbol id="sm-2e6">
         <name>ADC0SS0_Handler</name>
         <value>0x4875</value>
         <object_component_ref idref="oc-1a6"/>
      </symbol>
      <symbol id="sm-2e7">
         <name>ir_getValue</name>
         <value>0x4845</value>
         <object_component_ref idref="oc-1a6"/>
      </symbol>
      <symbol id="sm-316">
         <name>risingEdge</name>
         <value>0x200022f4</value>
      </symbol>
      <symbol id="sm-317">
         <name>fallingEdge</name>
         <value>0x200022e0</value>
      </symbol>
      <symbol id="sm-318">
         <name>pulseLength</name>
         <value>0x200022ec</value>
      </symbol>
      <symbol id="sm-319">
         <name>isRisingEdge</name>
         <value>0x200022f8</value>
      </symbol>
      <symbol id="sm-31a">
         <name>TIMER3B_Handler</name>
         <value>0x3a25</value>
         <object_component_ref idref="oc-1a0"/>
      </symbol>
      <symbol id="sm-31b">
         <name>ping_init</name>
         <value>0x3935</value>
         <object_component_ref idref="oc-1a0"/>
      </symbol>
      <symbol id="sm-31c">
         <name>ping_getDistance</name>
         <value>0x3a77</value>
         <object_component_ref idref="oc-1a0"/>
      </symbol>
      <symbol id="sm-31d">
         <name>ping_trigger</name>
         <value>0x39bb</value>
         <object_component_ref idref="oc-1a0"/>
      </symbol>
      <symbol id="sm-33f">
         <name>servo_move</name>
         <value>0x437d</value>
         <object_component_ref idref="oc-19a"/>
      </symbol>
      <symbol id="sm-340">
         <name>servo_init</name>
         <value>0x42ed</value>
         <object_component_ref idref="oc-19a"/>
      </symbol>
      <symbol id="sm-341">
         <name>servo_stop</name>
         <value>0x4371</value>
         <object_component_ref idref="oc-19a"/>
      </symbol>
      <symbol id="sm-342">
         <name>servo_setPWM</name>
         <value>0x43dd</value>
         <object_component_ref idref="oc-19a"/>
      </symbol>
      <symbol id="sm-39c">
         <name>sin</name>
         <value>0x2015</value>
         <object_component_ref idref="oc-110"/>
      </symbol>
      <symbol id="sm-39d">
         <name>sinl</name>
         <value>0x2015</value>
         <object_component_ref idref="oc-110"/>
      </symbol>
      <symbol id="sm-3c4">
         <name>sprintf</name>
         <value>0x5535</value>
         <object_component_ref idref="oc-fa"/>
      </symbol>
      <symbol id="sm-3ee">
         <name>vsnprintf</name>
         <value>0x5575</value>
         <object_component_ref idref="oc-17e"/>
      </symbol>
      <symbol id="sm-405">
         <name>__aeabi_dsub</name>
         <value>0x3cf1</value>
         <object_component_ref idref="oc-1d6"/>
      </symbol>
      <symbol id="sm-406">
         <name>__aeabi_dadd</name>
         <value>0x3cfb</value>
         <object_component_ref idref="oc-1d6"/>
      </symbol>
      <symbol id="sm-428">
         <name>__aeabi_cdcmpeq</name>
         <value>0x4fc1</value>
         <object_component_ref idref="oc-116"/>
      </symbol>
      <symbol id="sm-429">
         <name>__aeabi_cdcmple</name>
         <value>0x4fc1</value>
         <object_component_ref idref="oc-116"/>
      </symbol>
      <symbol id="sm-42a">
         <name>__aeabi_cdrcmple</name>
         <value>0x5047</value>
         <object_component_ref idref="oc-237"/>
      </symbol>
      <symbol id="sm-43e">
         <name>__aeabi_ddiv</name>
         <value>0x4581</value>
         <object_component_ref idref="oc-1d1"/>
      </symbol>
      <symbol id="sm-449">
         <name>__aeabi_dmul</name>
         <value>0x4b05</value>
         <object_component_ref idref="oc-106"/>
      </symbol>
      <symbol id="sm-453">
         <name>__aeabi_d2iz</name>
         <value>0x54a9</value>
         <object_component_ref idref="oc-121"/>
      </symbol>
      <symbol id="sm-45f">
         <name>__aeabi_d2f</name>
         <value>0x5227</value>
         <object_component_ref idref="oc-1de"/>
      </symbol>
      <symbol id="sm-46a">
         <name>__aeabi_f2d</name>
         <value>0x562d</value>
         <object_component_ref idref="oc-f5"/>
      </symbol>
      <symbol id="sm-474">
         <name>__aeabi_i2d</name>
         <value>0x56fd</value>
         <object_component_ref idref="oc-10b"/>
      </symbol>
      <symbol id="sm-48f">
         <name>memcpy</name>
         <value>0x4e8f</value>
         <object_component_ref idref="oc-3e"/>
      </symbol>
      <symbol id="sm-490">
         <name>__aeabi_memcpy</name>
         <value>0x4e8f</value>
         <object_component_ref idref="oc-3e"/>
      </symbol>
      <symbol id="sm-491">
         <name>__aeabi_memcpy8</name>
         <value>0x4e8f</value>
         <object_component_ref idref="oc-3e"/>
      </symbol>
      <symbol id="sm-492">
         <name>__aeabi_memcpy4</name>
         <value>0x4e8f</value>
         <object_component_ref idref="oc-3e"/>
      </symbol>
      <symbol id="sm-4ab">
         <name>__TI_zero_init_nomemset</name>
         <value>0x5755</value>
         <object_component_ref idref="oc-4a"/>
      </symbol>
      <symbol id="sm-4c2">
         <name>__TI_decompress_none</name>
         <value>0x5893</value>
         <object_component_ref idref="oc-1b"/>
      </symbol>
      <symbol id="sm-4e5">
         <name>__TI_decompress_lzss</name>
         <value>0x5295</value>
         <object_component_ref idref="oc-15"/>
      </symbol>
      <symbol id="sm-555">
         <name>__kernel_rem_pio2</name>
         <value>0x18dd</value>
         <object_component_ref idref="oc-223"/>
      </symbol>
      <symbol id="sm-560">
         <name>C$$EXIT</name>
         <value>0x58d9</value>
         <object_component_ref idref="oc-12c"/>
      </symbol>
      <symbol id="sm-561">
         <name>abort</name>
         <value>0x58d9</value>
         <object_component_ref idref="oc-12c"/>
      </symbol>
      <symbol id="sm-576">
         <name>_nop</name>
         <value>0x18db</value>
         <object_component_ref idref="oc-331"/>
      </symbol>
      <symbol id="sm-577">
         <name>_lock</name>
         <value>0x2000231c</value>
         <object_component_ref idref="oc-243"/>
      </symbol>
      <symbol id="sm-578">
         <name>_unlock</name>
         <value>0x20002320</value>
         <object_component_ref idref="oc-243"/>
      </symbol>
      <symbol id="sm-60d">
         <name>_sys_memory</name>
         <value>0x20001270</value>
         <object_component_ref idref="oc-24"/>
      </symbol>
      <symbol id="sm-60e">
         <name>free</name>
         <value>0x4cf9</value>
         <object_component_ref idref="oc-1bb"/>
      </symbol>
      <symbol id="sm-60f">
         <name>memalign</name>
         <value>0x4a05</value>
         <object_component_ref idref="oc-36a"/>
      </symbol>
      <symbol id="sm-610">
         <name>calloc</name>
         <value>0x55f5</value>
         <object_component_ref idref="oc-1b5"/>
      </symbol>
      <symbol id="sm-611">
         <name>malloc</name>
         <value>0x58cd</value>
         <object_component_ref idref="oc-29c"/>
      </symbol>
      <symbol id="sm-612">
         <name>aligned_alloc</name>
         <value>0x4a05</value>
         <object_component_ref idref="oc-36a"/>
      </symbol>
      <symbol id="sm-621">
         <name>strcmp</name>
         <value>0x580b</value>
         <object_component_ref idref="oc-184"/>
      </symbol>
      <symbol id="sm-62f">
         <name>strcpy</name>
         <value>0x5839</value>
         <object_component_ref idref="oc-18a"/>
      </symbol>
      <symbol id="sm-63d">
         <name>strlen</name>
         <value>0x584d</value>
         <object_component_ref idref="oc-1eb"/>
      </symbol>
      <symbol id="sm-650">
         <name>__stack</name>
         <value>0x20000270</value>
         <object_component_ref idref="oc-27"/>
      </symbol>
      <symbol id="sm-651">
         <name>_c_int00_noargs</name>
         <value>0x5699</value>
         <object_component_ref idref="oc-5c"/>
      </symbol>
      <symbol id="sm-667">
         <name>__kernel_cos</name>
         <value>0x401d</value>
         <object_component_ref idref="oc-229"/>
      </symbol>
      <symbol id="sm-67e">
         <name>__kernel_sin</name>
         <value>0x3ea9</value>
         <object_component_ref idref="oc-21d"/>
      </symbol>
      <symbol id="sm-69b">
         <name>floorl</name>
         <value>0x4c01</value>
         <object_component_ref idref="oc-312"/>
      </symbol>
      <symbol id="sm-69c">
         <name>floor</name>
         <value>0x4c01</value>
         <object_component_ref idref="oc-312"/>
      </symbol>
      <symbol id="sm-6b9">
         <name>scalbn</name>
         <value>0x48f5</value>
         <object_component_ref idref="oc-30c"/>
      </symbol>
      <symbol id="sm-6ba">
         <name>scalbnl</name>
         <value>0x48f5</value>
         <object_component_ref idref="oc-30c"/>
      </symbol>
      <symbol id="sm-6bb">
         <name>ldexpl</name>
         <value>0x48f5</value>
         <object_component_ref idref="oc-30c"/>
      </symbol>
      <symbol id="sm-6bc">
         <name>ldexp</name>
         <value>0x48f5</value>
         <object_component_ref idref="oc-30c"/>
      </symbol>
      <symbol id="sm-6c6">
         <name>copysign</name>
         <value>0x57a9</value>
         <object_component_ref idref="oc-3ce"/>
      </symbol>
      <symbol id="sm-6c7">
         <name>copysignl</name>
         <value>0x57a9</value>
         <object_component_ref idref="oc-3ce"/>
      </symbol>
      <symbol id="sm-82c">
         <name>__TI_printfi</name>
         <value>0xe8d</value>
         <object_component_ref idref="oc-1f4"/>
      </symbol>
      <symbol id="sm-83b">
         <name>__aeabi_memset</name>
         <value>0x50cf</value>
         <object_component_ref idref="oc-96"/>
      </symbol>
      <symbol id="sm-83c">
         <name>memset</name>
         <value>0x50d5</value>
         <object_component_ref idref="oc-96"/>
      </symbol>
      <symbol id="sm-83d">
         <name>__aeabi_memset8</name>
         <value>0x50cf</value>
         <object_component_ref idref="oc-96"/>
      </symbol>
      <symbol id="sm-83e">
         <name>__aeabi_memset4</name>
         <value>0x50cf</value>
         <object_component_ref idref="oc-96"/>
      </symbol>
      <symbol id="sm-83f">
         <name>__aeabi_memclr8</name>
         <value>0x50cd</value>
         <object_component_ref idref="oc-96"/>
      </symbol>
      <symbol id="sm-840">
         <name>__aeabi_memclr4</name>
         <value>0x50cd</value>
         <object_component_ref idref="oc-96"/>
      </symbol>
      <symbol id="sm-841">
         <name>__aeabi_memclr</name>
         <value>0x50cd</value>
         <object_component_ref idref="oc-96"/>
      </symbol>
      <symbol id="sm-84e">
         <name>__aeabi_uldivmod</name>
         <value>0x4f2b</value>
         <object_component_ref idref="oc-37e"/>
      </symbol>
      <symbol id="sm-876">
         <name>__TI_auto_init_nobinit_nopinit</name>
         <value>0x54f1</value>
         <object_component_ref idref="oc-138"/>
      </symbol>
      <symbol id="sm-880">
         <name>_system_pre_init</name>
         <value>0x58d5</value>
         <object_component_ref idref="oc-9c"/>
      </symbol>
      <symbol id="sm-890">
         <name>__TI_ltoa</name>
         <value>0x53b7</value>
         <object_component_ref idref="oc-384"/>
      </symbol>
      <symbol id="sm-8a7">
         <name>atoi</name>
         <value>0x545d</value>
         <object_component_ref idref="oc-2c4"/>
      </symbol>
      <symbol id="sm-8b2">
         <name>_ctypes_</name>
         <value>0x5a38</value>
         <object_component_ref idref="oc-379"/>
      </symbol>
      <symbol id="sm-8c2">
         <name>memccpy</name>
         <value>0x578d</value>
         <object_component_ref idref="oc-2e8"/>
      </symbol>
      <symbol id="sm-8d2">
         <name>strchr</name>
         <value>0x5823</value>
         <object_component_ref idref="oc-3ab"/>
      </symbol>
      <symbol id="sm-8e8">
         <name>__aeabi_errno_addr</name>
         <value>0x58c5</value>
         <object_component_ref idref="oc-2f4"/>
      </symbol>
      <symbol id="sm-8e9">
         <name>errno</name>
         <value>0x20002330</value>
         <object_component_ref idref="oc-3bb"/>
      </symbol>
      <symbol id="sm-8ff">
         <name>frexpl</name>
         <value>0x52fd</value>
         <object_component_ref idref="oc-3a5"/>
      </symbol>
      <symbol id="sm-900">
         <name>frexp</name>
         <value>0x52fd</value>
         <object_component_ref idref="oc-3a5"/>
      </symbol>
      <symbol id="sm-919">
         <name>wcslen</name>
         <value>0x5861</value>
         <object_component_ref idref="oc-2ee"/>
      </symbol>
      <symbol id="sm-923">
         <name>__aeabi_idiv0</name>
         <value>0x3ea7</value>
         <object_component_ref idref="oc-400"/>
      </symbol>
      <symbol id="sm-924">
         <name>__aeabi_ldiv0</name>
         <value>0x3ea7</value>
         <object_component_ref idref="oc-400"/>
      </symbol>
      <symbol id="sm-953">
         <name>IntRegister</name>
         <value>0x5665</value>
         <object_component_ref idref="oc-16c"/>
      </symbol>
      <symbol id="sm-954">
         <name>g_pfnRAMVectors</name>
         <value>0x20000000</value>
         <object_component_ref idref="oc-25f"/>
      </symbol>
      <symbol id="sm-955">
         <name>IntMasterEnable</name>
         <value>0x5873</value>
         <object_component_ref idref="oc-1c8"/>
      </symbol>
      <symbol id="sm-95f">
         <name>CPUcpsie</name>
         <value>0x58a1</value>
         <object_component_ref idref="oc-2b0"/>
      </symbol>
      <symbol id="sm-960">
         <name>__TI_static_base__</name>
         <value>0x0</value>
      </symbol>
      <symbol id="sm-963">
         <name>__mpu_init</name>
         <value>0x0</value>
      </symbol>
      <symbol id="sm-964">
         <name>_system_post_cinit</name>
         <value>0x0</value>
      </symbol>
   </symbol_table>
   <title>Link successful</title>
</link_info>
