******************************************************************************
                  TI ARM Linker PC v20.2.6                     
******************************************************************************
>> Linked Tue Mar 28 16:28:50 2023

OUTPUT FILE NAME:   <Lab8.out>
ENTRY POINT SYMBOL: "_c_int00_noargs"  address: 000049a1


MEMORY CONFIGURATION

         name            origin    length      used     unused   attr    fill
----------------------  --------  ---------  --------  --------  ----  --------
  FLASH                 00000000   00040000  00004d7b  0003b285  R  X
  SRAM                  20000000   00008000  0000232e  00005cd2  RW X


SEGMENT ALLOCATION MAP

run origin  load origin   length   init length attrs members
----------  ----------- ---------- ----------- ----- -------
00000000    00000000    00004d80   00004d80    r-x
  00000000    00000000    0000026c   0000026c    r-- .intvecs
  0000026c    0000026c    00004974   00004974    r-x .text
  00004be0    00004be0    0000014b   0000014b    r-- .const
  00004d30    00004d30    00000050   00000050    r-- .cinit
20000000    20000000    00002335   00000000    rw-
  20000000    20000000    0000026c   00000000    rw- .vtable
  20000270    20000270    00001000   00000000    rw- .stack
  20001270    20001270    00001000   00000000    rw- .sysmem
  20002270    20002270    00000089   00000000    rw- .bss
  200022fc    200022fc    00000039   00000000    rw- .data


SECTION ALLOCATION MAP

 output                                  attributes/
section   page    origin      length       input sections
--------  ----  ----------  ----------   ----------------
.intvecs   0    00000000    0000026c     
                  00000000    0000026c     tm4c123gh6pm_startup_ccs.obj (.intvecs)

.text      0    0000026c    00004974     
                  0000026c    00000c20     open_interface.obj (.text)
                  00000e8c    00000a4e     rtsv7M4_T_le_v4SPD16_eabi.lib : _printfi.c.obj (.text:__TI_printfi)
                  000018da    00000002                                   : _lock.c.obj (.text:_nop)
                  000018dc    000009d0                                   : e_pow.c.obj (.text:pow)
                  000022ac    00000328     lcd.obj (.text)
                  000025d4    00000270     rtsv7M4_T_le_v4SPD16_eabi.lib : _printfi.c.obj (.text:_pconv_a)
                  00002844    00000260     libcybotScan.lib : cyBot_Scan.obj (.text)
                  00002aa4    00000248     Timer.obj (.text)
                  00002cec    00000214     adc.obj (.text)
                  00002f00    000001ec     libcybotScan.lib : ping.obj (.text)
                  000030ec    000001d0     rtsv7M4_T_le_v4SPD16_eabi.lib : _printfi.c.obj (.text:_pconv_g)
                  000032bc    000001b6                                   : fd_add_t2.asm.obj (.text)
                  00003472    00000002                                   : div0.asm.obj (.text)
                  00003474    00000160     uart.obj (.text)
                  000035d4    00000158     libcybotScan.lib : servo.obj (.text)
                  0000372c    00000158     rtsv7M4_T_le_v4SPD16_eabi.lib : e_sqrt.c.obj (.text:sqrt)
                  00003884    0000013c                                   : _printfi.c.obj (.text:_pconv_e)
                  000039c0    00000136                                   : fd_div_t2.asm.obj (.text)
                  00003af6    00000002     --HOLE-- [fill = 0]
                  00003af8    00000124                                   : _printfi.c.obj (.text:fcvt)
                  00003c1c    00000118     libcybotScan.lib : ir.obj (.text)
                  00003d34    00000110     rtsv7M4_T_le_v4SPD16_eabi.lib : s_scalbn.c.obj (.text:scalbn)
                  00003e44    00000100                                   : memory.c.obj (.text:aligned_alloc)
                  00003f44    000000fc                                   : fd_mul_t2.asm.obj (.text)
                  00004040    000000e4                                   : memory.c.obj (.text:free)
                  00004124    000000b1                                   : _printfi.c.obj (.text:_ltostr)
                  000041d5    00000001     --HOLE-- [fill = 0]
                  000041d6    0000009c                                   : memcpy_t2.asm.obj (.text)
                  00004272    00000096                                   : ull_div_t2.asm.obj (.text)
                  00004308    00000086                                   : fd_cmp_t2.asm.obj (.text:__aeabi_cdcmple)
                  0000438e    00000086                                   : fd_cmp_t2.asm.obj (.text:__aeabi_cdrcmple)
                  00004414    0000007a                                   : memset_t2.asm.obj (.text)
                  0000448e    00000002     --HOLE-- [fill = 0]
                  00004490    00000070                                   : memory.c.obj (.text:split)
                  00004500    0000006e                                   : _printfi.c.obj (.text:_mcpy)
                  0000456e    0000006e                                   : fd_tos_t2.asm.obj (.text)
                  000045dc    00000068                                   : copy_decompress_lzss.c.obj (.text:decompress:lzss:__TI_decompress_lzss)
                  00004644    00000064                                   : s_frexp.c.obj (.text:frexp)
                  000046a8    00000056                                   : _printfi.c.obj (.text:_pconv_f)
                  000046fe    00000054                                   : _ltoa.c.obj (.text:__TI_ltoa)
                  00004752    00000052                                   : _printfi.c.obj (.text:_ecpy)
                  000047a4    0000004c                                   : atoi.c.obj (.text:atoi)
                  000047f0    00000048                                   : fd_toi_t2.asm.obj (.text)
                  00004838    00000044                                   : autoinit.c.obj (.text:__TI_auto_init_nobinit_nopinit:__TI_auto_init_nobinit_nopinit)
                  0000487c    00000040                                   : vsnprintf.c.obj (.text:vsnprintf)
                  000048bc    0000003e                                   : _printfi.c.obj (.text:_fcpy)
                  000048fa    00000002     --HOLE-- [fill = 0]
                  000048fc    00000038                                   : memory.c.obj (.text:calloc)
                  00004934    00000038                                   : fs_tod_t2.asm.obj (.text)
                  0000496c    00000034     driverlib.lib : interrupt.obj (.text:IntRegister)
                  000049a0    00000034     rtsv7M4_T_le_v4SPD16_eabi.lib : boot_cortex_m.c.obj (.text:_c_int00_noargs:_c_int00_noargs)
                  000049d4    00000030                                   : vsnprintf.c.obj (.text:_outs)
                  00004a04    0000002e                                   : i_tofd_t2.asm.obj (.text)
                  00004a32    00000002     --HOLE-- [fill = 0]
                  00004a34    00000028                                   : memory.c.obj (.text:free_list_insert)
                  00004a5c    00000020                                   : u_tofd_t2.asm.obj (.text)
                  00004a7c    0000001c                                   : copy_zero_init.c.obj (.text:decompress:ZI:__TI_zero_init_nomemset:__TI_zero_init_nomemset)
                  00004a98    0000001c                                   : memory.c.obj (.text:free_list_remove)
                  00004ab4    0000001c                                   : memccpy.c.obj (.text:memccpy)
                  00004ad0    0000001a                                   : s_copysign.c.obj (.text:copysign)
                  00004aea    00000018                                   : vsnprintf.c.obj (.text:_outc)
                  00004b02    00000018     open_interface.obj (.text:oi_parseInt)
                  00004b1a    00000018     rtsv7M4_T_le_v4SPD16_eabi.lib : strcmp.c.obj (.text:strcmp)
                  00004b32    00000016                                   : strchr.c.obj (.text:strchr)
                  00004b48    00000014                                   : strcpy.c.obj (.text:strcpy)
                  00004b5c    00000014                                   : strlen.c.obj (.text:strlen)
                  00004b70    00000012                                   : wcslen.c.obj (.text:wcslen)
                  00004b82    00000010     driverlib.lib : interrupt.obj (.text:IntMasterEnable)
                  00004b92    00000010     lcd.obj (.text:lcd_clear)
                  00004ba2    0000000e     rtsv7M4_T_le_v4SPD16_eabi.lib : copy_decompress_none.c.obj (.text:decompress:none:__TI_decompress_none)
                  00004bb0    0000000c     driverlib.lib : cpu.obj (.text:CPUcpsie)
                  00004bbc    0000000c     tm4c123gh6pm_startup_ccs.obj (.text)
                  00004bc8    00000008     rtsv7M4_T_le_v4SPD16_eabi.lib : errno.c.obj (.text:__aeabi_errno_addr)
                  00004bd0    00000008                                   : memory.c.obj (.text:malloc)
                  00004bd8    00000004                                   : pre_init.c.obj (.text:_system_pre_init)
                  00004bdc    00000004                                   : exit.c.obj (.text:abort:abort)

.const     0    00004be0    0000014b     
                  00004be0    00000101     rtsv7M4_T_le_v4SPD16_eabi.lib : ctype.c.obj (.const:.string:_ctypes_)
                  00004ce1    00000004     lcd.obj (.const:.string:lineAddress$1)
                  00004ce5    00000003     --HOLE-- [fill = 0]
                  00004ce8    00000030     rtsv7M4_T_le_v4SPD16_eabi.lib : e_pow.c.obj (.const:$O1$$)
                  00004d18    0000000f     open_interface.obj (.const:.string:$P$T0$3)
                  00004d27    00000004     lcd.obj (.const:.string:lineAddresses$2)

.cinit     0    00004d30    00000050     
                  00004d30    00000018     (.cinit..data.load) [load image, compression = lzss]
                  00004d48    0000000c     (__TI_handler_table)
                  00004d54    00000004     --HOLE-- [fill = 0]
                  00004d58    00000008     (.cinit..bss.load) [load image, compression = zero_init]
                  00004d60    00000008     (.cinit..vtable.load) [load image, compression = zero_init]
                  00004d68    00000018     (__TI_cinit_table)

.init_array 
*          0    00000000    00000000     UNINITIALIZED

.vtable    0    20000000    0000026c     UNINITIALIZED
                  20000000    0000026c     driverlib.lib : interrupt.obj (.vtable)

.stack     0    20000270    00001000     UNINITIALIZED
                  20000270    00000004     rtsv7M4_T_le_v4SPD16_eabi.lib : boot_cortex_m.c.obj (.stack)
                  20000274    00000ffc     --HOLE--

.sysmem    0    20001270    00001000     UNINITIALIZED
                  20001270    00000010     rtsv7M4_T_le_v4SPD16_eabi.lib : memory.c.obj (.sysmem)
                  20001280    00000ff0     --HOLE--

.bss       0    20002270    00000089     UNINITIALIZED
                  20002270    00000054     lcd.obj (.bss:lastbuffer$3)
                  200022c4    00000018     open_interface.obj (.bss:firmware$2)
                  200022dc    00000004     (.common:_timeout_ticks)
                  200022e0    00000004     (.common:fallingEdge)
                  200022e4    00000004     (.common:isr_int_value)
                  200022e8    00000004     (.common:left_calibration_value)
                  200022ec    00000004     (.common:pulseLength)
                  200022f0    00000004     (.common:right_calibration_value)
                  200022f4    00000004     (.common:risingEdge)
                  200022f8    00000001     (.common:isRisingEdge)

.data      0    200022fc    00000039     UNINITIALIZED
                  200022fc    00000020     open_interface.obj (.data)
                  2000231c    00000008     rtsv7M4_T_le_v4SPD16_eabi.lib : _lock.c.obj (.data:$O1$$)
                  20002324    00000008                                   : memory.c.obj (.data:$O1$$)
                  2000232c    00000004     libcybotScan.lib : cyBot_Scan.obj (.data)
                  20002330    00000004     rtsv7M4_T_le_v4SPD16_eabi.lib : errno.c.obj (.data)
                  20002334    00000001     Timer.obj (.data)

__llvm_prf_cnts 
*          0    20000000    00000000     UNINITIALIZED

MODULE SUMMARY

       Module                         code    ro data   rw data
       ------                         ----    -------   -------
    .\
       open_interface.obj             3128    15        56     
       lcd.obj                        824     8         84     
       tm4c123gh6pm_startup_ccs.obj   12      620       0      
       Timer.obj                      584     0         5      
       adc.obj                        532     0         8      
       uart.obj                       352     0         0      
    +--+------------------------------+-------+---------+---------+
       Total:                         5432    643       153    
                                                               
    ../libcybotScan.lib
       cyBot_Scan.obj                 608     0         4      
       ping.obj                       492     0         13     
       servo.obj                      344     0         0      
       ir.obj                         280     0         4      
    +--+------------------------------+-------+---------+---------+
       Total:                         1724    0         21     
                                                               
    C:/ti/TivaWare_C_Series-2.2.0.295/driverlib/ccs/Debug/driverlib.lib
       interrupt.obj                  68      0         620    
       cpu.obj                        12      0         0      
    +--+------------------------------+-------+---------+---------+
       Total:                         80      0         620    
                                                               
    C:\ti\ccs1200\ccs\tools\compiler\ti-cgt-arm_20.2.6.LTS\lib\rtsv7M4_T_le_v4SPD16_eabi.lib
       _printfi.c.obj                 4851    0         0      
       e_pow.c.obj                    2512    48        0      
       memory.c.obj                   728     0         8      
       fd_add_t2.asm.obj              438     0         0      
       e_sqrt.c.obj                   344     0         0      
       fd_div_t2.asm.obj              310     0         0      
       s_scalbn.c.obj                 272     0         0      
       fd_cmp_t2.asm.obj              268     0         0      
       ctype.c.obj                    0       257       0      
       fd_mul_t2.asm.obj              252     0         0      
       memcpy_t2.asm.obj              156     0         0      
       ull_div_t2.asm.obj             150     0         0      
       vsnprintf.c.obj                136     0         0      
       memset_t2.asm.obj              122     0         0      
       fd_tos_t2.asm.obj              110     0         0      
       copy_decompress_lzss.c.obj     104     0         0      
       s_frexp.c.obj                  100     0         0      
       _ltoa.c.obj                    84      0         0      
       atoi.c.obj                     76      0         0      
       fd_toi_t2.asm.obj              72      0         0      
       autoinit.c.obj                 68      0         0      
       fs_tod_t2.asm.obj              56      0         0      
       boot_cortex_m.c.obj            52      0         0      
       i_tofd_t2.asm.obj              46      0         0      
       u_tofd_t2.asm.obj              32      0         0      
       copy_zero_init.c.obj           28      0         0      
       memccpy.c.obj                  28      0         0      
       s_copysign.c.obj               26      0         0      
       strcmp.c.obj                   24      0         0      
       strchr.c.obj                   22      0         0      
       strcpy.c.obj                   20      0         0      
       strlen.c.obj                   20      0         0      
       wcslen.c.obj                   18      0         0      
       copy_decompress_none.c.obj     14      0         0      
       errno.c.obj                    8       0         4      
       _lock.c.obj                    2       0         8      
       exit.c.obj                     4       0         0      
       pre_init.c.obj                 4       0         0      
       div0.asm.obj                   2       0         0      
    +--+------------------------------+-------+---------+---------+
       Total:                         11559   305       20     
                                                               
       Heap:                          0       0         4096   
       Stack:                         0       0         4096   
       Linker Generated:              0       76        0      
    +--+------------------------------+-------+---------+---------+
       Grand Total:                   18795   1024      9006   


LINKER GENERATED COPY TABLES

__TI_cinit_table @ 00004d68 records: 3, size/record: 8, table size: 24
	.data: load addr=00004d30, load size=00000018 bytes, run addr=200022fc, run size=00000039 bytes, compression=lzss
	.bss: load addr=00004d58, load size=00000008 bytes, run addr=20002270, run size=00000089 bytes, compression=zero_init
	.vtable: load addr=00004d60, load size=00000008 bytes, run addr=20000000, run size=0000026c bytes, compression=zero_init


LINKER GENERATED HANDLER TABLE

__TI_handler_table @ 00004d48 records: 3, size/record: 4, table size: 12
	index: 0, handler: __TI_zero_init
	index: 1, handler: __TI_decompress_lzss
	index: 2, handler: __TI_decompress_none


GLOBAL SYMBOLS: SORTED ALPHABETICALLY BY Name 

address   name                          
-------   ----                          
00003cb5  ADC0SS0_Handler               
00004bdd  C$$EXIT                       
00004bb1  CPUcpsie                      
00000bc3  GPIOF_Handler                 
00004b83  IntMasterEnable               
0000496d  IntRegister                   
00004bbd  ResetISR                      
00002ff1  TIMER3B_Handler               
20001270  __STACK_END                   
00001000  __STACK_SIZE                  
20000470  __STACK_TOP                   
00001000  __SYSMEM_SIZE                 
00004d68  __TI_CINIT_Base               
00004d80  __TI_CINIT_Limit              
00004d48  __TI_Handler_Table_Base       
00004d54  __TI_Handler_Table_Limit      
00004839  __TI_auto_init_nobinit_nopinit
000045dd  __TI_decompress_lzss          
00004ba3  __TI_decompress_none          
000046ff  __TI_ltoa                     
ffffffff  __TI_pprof_out_hndl           
00000e8d  __TI_printfi                  
ffffffff  __TI_prof_data_size           
ffffffff  __TI_prof_data_start          
00000000  __TI_static_base__            
00004a7d  __TI_zero_init_nomemset       
00004309  __aeabi_cdcmpeq               
00004309  __aeabi_cdcmple               
0000438f  __aeabi_cdrcmple              
0000456f  __aeabi_d2f                   
000047f1  __aeabi_d2iz                  
000032c7  __aeabi_dadd                  
000039c1  __aeabi_ddiv                  
00003f45  __aeabi_dmul                  
000032bd  __aeabi_dsub                  
00004bc9  __aeabi_errno_addr            
00004935  __aeabi_f2d                   
00004a05  __aeabi_i2d                   
00003473  __aeabi_idiv0                 
00003473  __aeabi_ldiv0                 
00004415  __aeabi_memclr                
00004415  __aeabi_memclr4               
00004415  __aeabi_memclr8               
000041d7  __aeabi_memcpy                
000041d7  __aeabi_memcpy4               
000041d7  __aeabi_memcpy8               
00004417  __aeabi_memset                
00004417  __aeabi_memset4               
00004417  __aeabi_memset8               
00004a5d  __aeabi_ui2d                  
00004273  __aeabi_uldivmod              
ffffffff  __binit__                     
ffffffff  __c_args__                    
UNDEFED   __mpu_init                    
20000270  __stack                       
20000000  __start___llvm_prf_cnts       
20000000  __stop___llvm_prf_cnts        
000049a1  _c_int00_noargs               
00004be0  _ctypes_                      
2000231c  _lock                         
000018db  _nop                          
20002334  _running                      
20001270  _sys_memory                   
UNDEFED   _system_post_cinit            
00004bd9  _system_pre_init              
200022dc  _timeout_ticks                
20002320  _unlock                       
00004bdd  abort                         
00002dd9  adc_init                      
00002db1  adc_read                      
00003e45  aligned_alloc                 
000047a5  atoi                          
ffffffff  binit                         
000048fd  calloc                        
00004ad1  copysign                      
00004ad1  copysignl                     
0000291d  cyBOT_SERVO_cal               
000028ab  cyBOT_Scan                    
00002853  cyBOT_init_Scan               
2000232c  cyBOT_scan_features           
00002845  cyBOT_scan_version            
20002330  errno                         
200022e0  fallingEdge                   
00004041  free                          
00004645  frexp                         
00004645  frexpl                        
20000000  g_pfnRAMVectors               
00000000  g_pfnVectors                  
0000097f  go_charge                     
00003ccb  ir_enableInterrupt            
00003cad  ir_getDistance                
00003c85  ir_getValue                   
00003c1d  ir_init                       
200022f8  isRisingEdge                  
200022e4  isr_int_value                 
00004b93  lcd_clear                     
00002481  lcd_gotoLine                  
000022e9  lcd_init                      
000024e7  lcd_printf                    
000023a9  lcd_putc                      
000023e1  lcd_puts                      
000022ad  lcd_reverseNibble             
000023ff  lcd_sendCommand               
0000243d  lcd_sendNibble                
000024a9  lcd_setCursorPos              
00003d35  ldexp                         
00003d35  ldexpl                        
200022e8  left_calibration_value        
00002ced  main                          
00004bd1  malloc                        
00003e45  memalign                      
00004ab5  memccpy                       
000041d7  memcpy                        
0000441d  memset                        
200022fc  motor_cal_factor_L            
20002300  motor_cal_factor_R            
0000026d  oi_alloc                      
00000aa9  oi_checkFirmware              
000002c7  oi_close                      
00000279  oi_free                       
00000ded  oi_getMotorCalibrationLeft    
00000e01  oi_getMotorCalibrationRight   
000002b1  oi_init                       
00000289  oi_init_noupdate              
00000915  oi_loadSong                   
00004b03  oi_parseInt                   
0000032b  oi_parsePacket                
0000096b  oi_play_song                  
0000084b  oi_setLeds                    
00000db1  oi_setMotorCalibration        
0000088f  oi_setWheels                  
00000b51  oi_shutoff_init               
0000098d  oi_uartInit                   
00000a31  oi_uartReceive                
00000a77  oi_uartSendBuff               
00000a15  oi_uartSendChar               
00000a59  oi_uartSendStr                
000002d9  oi_update                     
00003043  ping_getDistance              
00002f01  ping_init                     
00002f87  ping_trigger                  
000018dd  pow                           
000018dd  powl                          
200022ec  pulseLength                   
200022f0  right_calibration_value       
200022f4  risingEdge                    
00003d35  scalbn                        
00003d35  scalbnl                       
000035d5  servo_init                    
00003665  servo_move                    
000036c5  servo_setPWM                  
00003659  servo_stop                    
0000372d  sqrt                          
0000372d  sqrtl                         
00004b33  strchr                        
00004b1b  strcmp                        
00004b49  strcpy                        
00004b5d  strlen                        
00002bc3  timer_getMicros               
00002b6b  timer_getMillis               
00002aa5  timer_init                    
00002b47  timer_pause                   
00002b59  timer_resume                  
00002b1d  timer_stop                    
00002c1d  timer_waitMicros              
00002c4f  timer_waitMillis              
00003475  uart_init                     
00003523  uart_receive                  
00003571  uart_receive_nonblocking      
00003507  uart_sendChar                 
00003549  uart_sendStr                  
0000487d  vsnprintf                     
00004b71  wcslen                        


GLOBAL SYMBOLS: SORTED BY Symbol Address 

address   name                          
-------   ----                          
00000000  __TI_static_base__            
00000000  g_pfnVectors                  
0000026d  oi_alloc                      
00000279  oi_free                       
00000289  oi_init_noupdate              
000002b1  oi_init                       
000002c7  oi_close                      
000002d9  oi_update                     
0000032b  oi_parsePacket                
0000084b  oi_setLeds                    
0000088f  oi_setWheels                  
00000915  oi_loadSong                   
0000096b  oi_play_song                  
0000097f  go_charge                     
0000098d  oi_uartInit                   
00000a15  oi_uartSendChar               
00000a31  oi_uartReceive                
00000a59  oi_uartSendStr                
00000a77  oi_uartSendBuff               
00000aa9  oi_checkFirmware              
00000b51  oi_shutoff_init               
00000bc3  GPIOF_Handler                 
00000db1  oi_setMotorCalibration        
00000ded  oi_getMotorCalibrationLeft    
00000e01  oi_getMotorCalibrationRight   
00000e8d  __TI_printfi                  
00001000  __STACK_SIZE                  
00001000  __SYSMEM_SIZE                 
000018db  _nop                          
000018dd  pow                           
000018dd  powl                          
000022ad  lcd_reverseNibble             
000022e9  lcd_init                      
000023a9  lcd_putc                      
000023e1  lcd_puts                      
000023ff  lcd_sendCommand               
0000243d  lcd_sendNibble                
00002481  lcd_gotoLine                  
000024a9  lcd_setCursorPos              
000024e7  lcd_printf                    
00002845  cyBOT_scan_version            
00002853  cyBOT_init_Scan               
000028ab  cyBOT_Scan                    
0000291d  cyBOT_SERVO_cal               
00002aa5  timer_init                    
00002b1d  timer_stop                    
00002b47  timer_pause                   
00002b59  timer_resume                  
00002b6b  timer_getMillis               
00002bc3  timer_getMicros               
00002c1d  timer_waitMicros              
00002c4f  timer_waitMillis              
00002ced  main                          
00002db1  adc_read                      
00002dd9  adc_init                      
00002f01  ping_init                     
00002f87  ping_trigger                  
00002ff1  TIMER3B_Handler               
00003043  ping_getDistance              
000032bd  __aeabi_dsub                  
000032c7  __aeabi_dadd                  
00003473  __aeabi_idiv0                 
00003473  __aeabi_ldiv0                 
00003475  uart_init                     
00003507  uart_sendChar                 
00003523  uart_receive                  
00003549  uart_sendStr                  
00003571  uart_receive_nonblocking      
000035d5  servo_init                    
00003659  servo_stop                    
00003665  servo_move                    
000036c5  servo_setPWM                  
0000372d  sqrt                          
0000372d  sqrtl                         
000039c1  __aeabi_ddiv                  
00003c1d  ir_init                       
00003c85  ir_getValue                   
00003cad  ir_getDistance                
00003cb5  ADC0SS0_Handler               
00003ccb  ir_enableInterrupt            
00003d35  ldexp                         
00003d35  ldexpl                        
00003d35  scalbn                        
00003d35  scalbnl                       
00003e45  aligned_alloc                 
00003e45  memalign                      
00003f45  __aeabi_dmul                  
00004041  free                          
000041d7  __aeabi_memcpy                
000041d7  __aeabi_memcpy4               
000041d7  __aeabi_memcpy8               
000041d7  memcpy                        
00004273  __aeabi_uldivmod              
00004309  __aeabi_cdcmpeq               
00004309  __aeabi_cdcmple               
0000438f  __aeabi_cdrcmple              
00004415  __aeabi_memclr                
00004415  __aeabi_memclr4               
00004415  __aeabi_memclr8               
00004417  __aeabi_memset                
00004417  __aeabi_memset4               
00004417  __aeabi_memset8               
0000441d  memset                        
0000456f  __aeabi_d2f                   
000045dd  __TI_decompress_lzss          
00004645  frexp                         
00004645  frexpl                        
000046ff  __TI_ltoa                     
000047a5  atoi                          
000047f1  __aeabi_d2iz                  
00004839  __TI_auto_init_nobinit_nopinit
0000487d  vsnprintf                     
000048fd  calloc                        
00004935  __aeabi_f2d                   
0000496d  IntRegister                   
000049a1  _c_int00_noargs               
00004a05  __aeabi_i2d                   
00004a5d  __aeabi_ui2d                  
00004a7d  __TI_zero_init_nomemset       
00004ab5  memccpy                       
00004ad1  copysign                      
00004ad1  copysignl                     
00004b03  oi_parseInt                   
00004b1b  strcmp                        
00004b33  strchr                        
00004b49  strcpy                        
00004b5d  strlen                        
00004b71  wcslen                        
00004b83  IntMasterEnable               
00004b93  lcd_clear                     
00004ba3  __TI_decompress_none          
00004bb1  CPUcpsie                      
00004bbd  ResetISR                      
00004bc9  __aeabi_errno_addr            
00004bd1  malloc                        
00004bd9  _system_pre_init              
00004bdd  C$$EXIT                       
00004bdd  abort                         
00004be0  _ctypes_                      
00004d48  __TI_Handler_Table_Base       
00004d54  __TI_Handler_Table_Limit      
00004d68  __TI_CINIT_Base               
00004d80  __TI_CINIT_Limit              
20000000  __start___llvm_prf_cnts       
20000000  __stop___llvm_prf_cnts        
20000000  g_pfnRAMVectors               
20000270  __stack                       
20000470  __STACK_TOP                   
20001270  __STACK_END                   
20001270  _sys_memory                   
200022dc  _timeout_ticks                
200022e0  fallingEdge                   
200022e4  isr_int_value                 
200022e8  left_calibration_value        
200022ec  pulseLength                   
200022f0  right_calibration_value       
200022f4  risingEdge                    
200022f8  isRisingEdge                  
200022fc  motor_cal_factor_L            
20002300  motor_cal_factor_R            
2000231c  _lock                         
20002320  _unlock                       
2000232c  cyBOT_scan_features           
20002330  errno                         
20002334  _running                      
ffffffff  __TI_pprof_out_hndl           
ffffffff  __TI_prof_data_size           
ffffffff  __TI_prof_data_start          
ffffffff  __binit__                     
ffffffff  __c_args__                    
ffffffff  binit                         
UNDEFED   __mpu_init                    
UNDEFED   _system_post_cinit            

[173 symbols]
