******************************************************************************
                  TI ARM Linker PC v20.2.6                     
******************************************************************************
>> Linked Tue Mar 21 16:41:16 2023

OUTPUT FILE NAME:   <Lab7.out>
ENTRY POINT SYMBOL: "_c_int00_noargs"  address: 00005699


MEMORY CONFIGURATION

         name            origin    length      used     unused   attr    fill
----------------------  --------  ---------  --------  --------  ----  --------
  FLASH                 00000000   00040000  00005b9c  0003a464  R  X
  SRAM                  20000000   00008000  0000232e  00005cd2  RW X


SEGMENT ALLOCATION MAP

run origin  load origin   length   init length attrs members
----------  ----------- ---------- ----------- ----- -------
00000000    00000000    00005ba0   00005ba0    r-x
  00000000    00000000    0000026c   0000026c    r-- .intvecs
  0000026c    0000026c    00005670   00005670    r-x .text
  000058e0    000058e0    00000270   00000270    r-- .const
  00005b50    00005b50    00000050   00000050    r-- .cinit
20000000    20000000    00002335   00000000    rw-
  20000000    20000000    0000026c   00000000    rw- .vtable
  20000270    20000270    00001000   00000000    rw- .stack
  20001270    20001270    00001000   00000000    rw- .sysmem
  20002270    20002270    00000089   00000000    rw- .bss
  200022fc    200022fc    00000039   00000000    rw- .data


SECTION ALLOCATION MAP

 output                                  attributes/
section   page    origin      length       input sections
--------  ----  ----------  ----------   ----------------
.intvecs   0    00000000    0000026c     
                  00000000    0000026c     tm4c123gh6pm_startup_ccs.obj (.intvecs)

.text      0    0000026c    00005670     
                  0000026c    00000c20     open_interface.obj (.text)
                  00000e8c    00000a4e     rtsv7M4_T_le_v4SPD16_eabi.lib : _printfi.c.obj (.text:__TI_printfi)
                  000018da    00000002                                   : _lock.c.obj (.text:_nop)
                  000018dc    00000738                                   : k_rem_pio2.c.obj (.text:__kernel_rem_pio2)
                  00002014    000005e0                                   : s_sin.c.obj (.text:sin)
                  000025f4    000005d0     lab7.obj (.text)
                  00002bc4    00000330     movement.obj (.text)
                  00002ef4    00000328     lcd.obj (.text)
                  0000321c    00000270     rtsv7M4_T_le_v4SPD16_eabi.lib : _printfi.c.obj (.text:_pconv_a)
                  0000348c    00000260     libcybotScan.lib : cyBot_Scan.obj (.text)
                  000036ec    00000248     Timer.obj (.text)
                  00003934    000001ec     libcybotScan.lib : ping.obj (.text)
                  00003b20    000001d0     rtsv7M4_T_le_v4SPD16_eabi.lib : _printfi.c.obj (.text:_pconv_g)
                  00003cf0    000001b6                                   : fd_add_t2.asm.obj (.text)
                  00003ea6    00000002                                   : div0.asm.obj (.text)
                  00003ea8    00000174                                   : k_sin.c.obj (.text:__kernel_sin)
                  0000401c    00000170                                   : k_cos.c.obj (.text:__kernel_cos)
                  0000418c    00000160     uart.obj (.text)
                  000042ec    00000158     libcybotScan.lib : servo.obj (.text)
                  00004444    0000013c     rtsv7M4_T_le_v4SPD16_eabi.lib : _printfi.c.obj (.text:_pconv_e)
                  00004580    00000136                                   : fd_div_t2.asm.obj (.text)
                  000046b6    00000002     --HOLE-- [fill = 0]
                  000046b8    00000124                                   : _printfi.c.obj (.text:fcvt)
                  000047dc    00000118     libcybotScan.lib : ir.obj (.text)
                  000048f4    00000110     rtsv7M4_T_le_v4SPD16_eabi.lib : s_scalbn.c.obj (.text:scalbn)
                  00004a04    00000100                                   : memory.c.obj (.text:aligned_alloc)
                  00004b04    000000fc                                   : fd_mul_t2.asm.obj (.text)
                  00004c00    000000f8                                   : s_floor.c.obj (.text:floor)
                  00004cf8    000000e4                                   : memory.c.obj (.text:free)
                  00004ddc    000000b1                                   : _printfi.c.obj (.text:_ltostr)
                  00004e8d    00000001     --HOLE-- [fill = 0]
                  00004e8e    0000009c                                   : memcpy_t2.asm.obj (.text)
                  00004f2a    00000096                                   : ull_div_t2.asm.obj (.text)
                  00004fc0    00000086                                   : fd_cmp_t2.asm.obj (.text:__aeabi_cdcmple)
                  00005046    00000086                                   : fd_cmp_t2.asm.obj (.text:__aeabi_cdrcmple)
                  000050cc    0000007a                                   : memset_t2.asm.obj (.text)
                  00005146    00000002     --HOLE-- [fill = 0]
                  00005148    00000070                                   : memory.c.obj (.text:split)
                  000051b8    0000006e                                   : _printfi.c.obj (.text:_mcpy)
                  00005226    0000006e                                   : fd_tos_t2.asm.obj (.text)
                  00005294    00000068                                   : copy_decompress_lzss.c.obj (.text:decompress:lzss:__TI_decompress_lzss)
                  000052fc    00000064                                   : s_frexp.c.obj (.text:frexp)
                  00005360    00000056                                   : _printfi.c.obj (.text:_pconv_f)
                  000053b6    00000054                                   : _ltoa.c.obj (.text:__TI_ltoa)
                  0000540a    00000052                                   : _printfi.c.obj (.text:_ecpy)
                  0000545c    0000004c                                   : atoi.c.obj (.text:atoi)
                  000054a8    00000048                                   : fd_toi_t2.asm.obj (.text)
                  000054f0    00000044                                   : autoinit.c.obj (.text:__TI_auto_init_nobinit_nopinit:__TI_auto_init_nobinit_nopinit)
                  00005534    00000040                                   : sprintf.c.obj (.text:sprintf)
                  00005574    00000040                                   : vsnprintf.c.obj (.text:vsnprintf)
                  000055b4    0000003e                                   : _printfi.c.obj (.text:_fcpy)
                  000055f2    00000002     --HOLE-- [fill = 0]
                  000055f4    00000038                                   : memory.c.obj (.text:calloc)
                  0000562c    00000038                                   : fs_tod_t2.asm.obj (.text)
                  00005664    00000034     driverlib.lib : interrupt.obj (.text:IntRegister)
                  00005698    00000034     rtsv7M4_T_le_v4SPD16_eabi.lib : boot_cortex_m.c.obj (.text:_c_int00_noargs:_c_int00_noargs)
                  000056cc    00000030                                   : vsnprintf.c.obj (.text:_outs)
                  000056fc    0000002e                                   : i_tofd_t2.asm.obj (.text)
                  0000572a    00000002     --HOLE-- [fill = 0]
                  0000572c    00000028                                   : memory.c.obj (.text:free_list_insert)
                  00005754    0000001c                                   : copy_zero_init.c.obj (.text:decompress:ZI:__TI_zero_init_nomemset:__TI_zero_init_nomemset)
                  00005770    0000001c                                   : memory.c.obj (.text:free_list_remove)
                  0000578c    0000001c                                   : memccpy.c.obj (.text:memccpy)
                  000057a8    0000001a                                   : s_copysign.c.obj (.text:copysign)
                  000057c2    00000018                                   : vsnprintf.c.obj (.text:_outc)
                  000057da    00000018                                   : sprintf.c.obj (.text:_outs)
                  000057f2    00000018     open_interface.obj (.text:oi_parseInt)
                  0000580a    00000018     rtsv7M4_T_le_v4SPD16_eabi.lib : strcmp.c.obj (.text:strcmp)
                  00005822    00000016                                   : strchr.c.obj (.text:strchr)
                  00005838    00000014                                   : strcpy.c.obj (.text:strcpy)
                  0000584c    00000014                                   : strlen.c.obj (.text:strlen)
                  00005860    00000012                                   : wcslen.c.obj (.text:wcslen)
                  00005872    00000010     driverlib.lib : interrupt.obj (.text:IntMasterEnable)
                  00005882    00000010     lcd.obj (.text:lcd_clear)
                  00005892    0000000e     rtsv7M4_T_le_v4SPD16_eabi.lib : copy_decompress_none.c.obj (.text:decompress:none:__TI_decompress_none)
                  000058a0    0000000c     driverlib.lib : cpu.obj (.text:CPUcpsie)
                  000058ac    0000000c     tm4c123gh6pm_startup_ccs.obj (.text)
                  000058b8    0000000a     rtsv7M4_T_le_v4SPD16_eabi.lib : sprintf.c.obj (.text:_outc)
                  000058c2    00000002     --HOLE-- [fill = 0]
                  000058c4    00000008                                   : errno.c.obj (.text:__aeabi_errno_addr)
                  000058cc    00000008                                   : memory.c.obj (.text:malloc)
                  000058d4    00000004                                   : pre_init.c.obj (.text:_system_pre_init)
                  000058d8    00000004                                   : exit.c.obj (.text:abort:abort)

.const     0    000058e0    00000270     
                  000058e0    00000158     rtsv7M4_T_le_v4SPD16_eabi.lib : k_rem_pio2.c.obj (.const:$O1$$)
                  00005a38    00000101                                   : ctype.c.obj (.const:.string:_ctypes_)
                  00005b39    0000000f     open_interface.obj (.const:.string:$P$T0$3)
                  00005b48    00000004     lcd.obj (.const:.string:lineAddress$1)
                  00005b4c    00000004     lcd.obj (.const:.string:lineAddresses$2)

.cinit     0    00005b50    00000050     
                  00005b50    00000018     (.cinit..data.load) [load image, compression = lzss]
                  00005b68    0000000c     (__TI_handler_table)
                  00005b74    00000004     --HOLE-- [fill = 0]
                  00005b78    00000008     (.cinit..bss.load) [load image, compression = zero_init]
                  00005b80    00000008     (.cinit..vtable.load) [load image, compression = zero_init]
                  00005b88    00000018     (__TI_cinit_table)

.init_array 
*          0    00000000    00000000     UNINITIALIZED

.vtable    0    20000000    0000026c     UNINITIALIZED
                  20000000    0000026c     driverlib.lib : interrupt.obj (.vtable)

.stack     0    20000270    00001000     UNINITIALIZED
                  20000270    00000004     rtsv7M4_T_le_v4SPD16_eabi.lib : boot_cortex_m.c.obj (.stack)
                  20000274    00000ffc     --HOLE--

.sysmem    0    20001270    00001000     UNINITIALIZED
                  20001270    00000010     rtsv7M4_T_le_v4SPD16_eabi.lib : memory.c.obj (.sysmem)
                  20001280    00000ff0     --HOLE--

.bss       0    20002270    00000089     UNINITIALIZED
                  20002270    00000054     lcd.obj (.bss:lastbuffer$3)
                  200022c4    00000018     open_interface.obj (.bss:firmware$2)
                  200022dc    00000004     (.common:_timeout_ticks)
                  200022e0    00000004     (.common:fallingEdge)
                  200022e4    00000004     (.common:isr_int_value)
                  200022e8    00000004     (.common:left_calibration_value)
                  200022ec    00000004     (.common:pulseLength)
                  200022f0    00000004     (.common:right_calibration_value)
                  200022f4    00000004     (.common:risingEdge)
                  200022f8    00000001     (.common:isRisingEdge)

.data      0    200022fc    00000039     UNINITIALIZED
                  200022fc    00000020     open_interface.obj (.data)
                  2000231c    00000008     rtsv7M4_T_le_v4SPD16_eabi.lib : _lock.c.obj (.data:$O1$$)
                  20002324    00000008                                   : memory.c.obj (.data:$O1$$)
                  2000232c    00000004     libcybotScan.lib : cyBot_Scan.obj (.data)
                  20002330    00000004     rtsv7M4_T_le_v4SPD16_eabi.lib : errno.c.obj (.data)
                  20002334    00000001     Timer.obj (.data)

__llvm_prf_cnts 
*          0    20000000    00000000     UNINITIALIZED

MODULE SUMMARY

       Module                         code    ro data   rw data
       ------                         ----    -------   -------
    .\
       open_interface.obj             3128    15        56     
       lab7.obj                       1488    0         8      
       lcd.obj                        824     8         84     
       movement.obj                   816     0         0      
       tm4c123gh6pm_startup_ccs.obj   12      620       0      
       Timer.obj                      584     0         5      
       uart.obj                       352     0         0      
    +--+------------------------------+-------+---------+---------+
       Total:                         7204    643       153    
                                                               
    ../libcybotScan.lib
       cyBot_Scan.obj                 608     0         4      
       ping.obj                       492     0         13     
       servo.obj                      344     0         0      
       ir.obj                         280     0         4      
    +--+------------------------------+-------+---------+---------+
       Total:                         1724    0         21     
                                                               
    C:/ti/TivaWare_C_Series-2.2.0.295/driverlib/ccs/Debug/driverlib.lib
       interrupt.obj                  68      0         620    
       cpu.obj                        12      0         0      
    +--+------------------------------+-------+---------+---------+
       Total:                         80      0         620    
                                                               
    C:\ti\ccs1200\ccs\tools\compiler\ti-cgt-arm_20.2.6.LTS\lib\rtsv7M4_T_le_v4SPD16_eabi.lib
       _printfi.c.obj                 4851    0         0      
       k_rem_pio2.c.obj               1848    344       0      
       s_sin.c.obj                    1504    0         0      
       memory.c.obj                   728     0         8      
       fd_add_t2.asm.obj              438     0         0      
       k_sin.c.obj                    372     0         0      
       k_cos.c.obj                    368     0         0      
       fd_div_t2.asm.obj              310     0         0      
       s_scalbn.c.obj                 272     0         0      
       fd_cmp_t2.asm.obj              268     0         0      
       ctype.c.obj                    0       257       0      
       fd_mul_t2.asm.obj              252     0         0      
       s_floor.c.obj                  248     0         0      
       memcpy_t2.asm.obj              156     0         0      
       ull_div_t2.asm.obj             150     0         0      
       vsnprintf.c.obj                136     0         0      
       memset_t2.asm.obj              122     0         0      
       fd_tos_t2.asm.obj              110     0         0      
       copy_decompress_lzss.c.obj     104     0         0      
       s_frexp.c.obj                  100     0         0      
       sprintf.c.obj                  98      0         0      
       _ltoa.c.obj                    84      0         0      
       atoi.c.obj                     76      0         0      
       fd_toi_t2.asm.obj              72      0         0      
       autoinit.c.obj                 68      0         0      
       fs_tod_t2.asm.obj              56      0         0      
       boot_cortex_m.c.obj            52      0         0      
       i_tofd_t2.asm.obj              46      0         0      
       copy_zero_init.c.obj           28      0         0      
       memccpy.c.obj                  28      0         0      
       s_copysign.c.obj               26      0         0      
       strcmp.c.obj                   24      0         0      
       strchr.c.obj                   22      0         0      
       strcpy.c.obj                   20      0         0      
       strlen.c.obj                   20      0         0      
       wcslen.c.obj                   18      0         0      
       copy_decompress_none.c.obj     14      0         0      
       errno.c.obj                    8       0         4      
       _lock.c.obj                    2       0         8      
       exit.c.obj                     4       0         0      
       pre_init.c.obj                 4       0         0      
       div0.asm.obj                   2       0         0      
    +--+------------------------------+-------+---------+---------+
       Total:                         13109   601       20     
                                                               
       Heap:                          0       0         4096   
       Stack:                         0       0         4096   
       Linker Generated:              0       76        0      
    +--+------------------------------+-------+---------+---------+
       Grand Total:                   22117   1320      9006   


LINKER GENERATED COPY TABLES

__TI_cinit_table @ 00005b88 records: 3, size/record: 8, table size: 24
	.data: load addr=00005b50, load size=00000018 bytes, run addr=200022fc, run size=00000039 bytes, compression=lzss
	.bss: load addr=00005b78, load size=00000008 bytes, run addr=20002270, run size=00000089 bytes, compression=zero_init
	.vtable: load addr=00005b80, load size=00000008 bytes, run addr=20000000, run size=0000026c bytes, compression=zero_init


LINKER GENERATED HANDLER TABLE

__TI_handler_table @ 00005b68 records: 3, size/record: 4, table size: 12
	index: 0, handler: __TI_zero_init
	index: 1, handler: __TI_decompress_lzss
	index: 2, handler: __TI_decompress_none


GLOBAL SYMBOLS: SORTED ALPHABETICALLY BY Name 

address   name                          
-------   ----                          
00004875  ADC0SS0_Handler               
000058d9  C$$EXIT                       
000058a1  CPUcpsie                      
00000bc3  GPIOF_Handler                 
00005873  IntMasterEnable               
00005665  IntRegister                   
000058ad  ResetISR                      
00003a25  TIMER3B_Handler               
20001270  __STACK_END                   
00001000  __STACK_SIZE                  
20000470  __STACK_TOP                   
00001000  __SYSMEM_SIZE                 
00005b88  __TI_CINIT_Base               
00005ba0  __TI_CINIT_Limit              
00005b68  __TI_Handler_Table_Base       
00005b74  __TI_Handler_Table_Limit      
000054f1  __TI_auto_init_nobinit_nopinit
00005295  __TI_decompress_lzss          
00005893  __TI_decompress_none          
000053b7  __TI_ltoa                     
ffffffff  __TI_pprof_out_hndl           
00000e8d  __TI_printfi                  
ffffffff  __TI_prof_data_size           
ffffffff  __TI_prof_data_start          
00000000  __TI_static_base__            
00005755  __TI_zero_init_nomemset       
00004fc1  __aeabi_cdcmpeq               
00004fc1  __aeabi_cdcmple               
00005047  __aeabi_cdrcmple              
00005227  __aeabi_d2f                   
000054a9  __aeabi_d2iz                  
00003cfb  __aeabi_dadd                  
00004581  __aeabi_ddiv                  
00004b05  __aeabi_dmul                  
00003cf1  __aeabi_dsub                  
000058c5  __aeabi_errno_addr            
0000562d  __aeabi_f2d                   
000056fd  __aeabi_i2d                   
00003ea7  __aeabi_idiv0                 
00003ea7  __aeabi_ldiv0                 
000050cd  __aeabi_memclr                
000050cd  __aeabi_memclr4               
000050cd  __aeabi_memclr8               
00004e8f  __aeabi_memcpy                
00004e8f  __aeabi_memcpy4               
00004e8f  __aeabi_memcpy8               
000050cf  __aeabi_memset                
000050cf  __aeabi_memset4               
000050cf  __aeabi_memset8               
00004f2b  __aeabi_uldivmod              
ffffffff  __binit__                     
ffffffff  __c_args__                    
0000401d  __kernel_cos                  
000018dd  __kernel_rem_pio2             
00003ea9  __kernel_sin                  
UNDEFED   __mpu_init                    
20000270  __stack                       
20000000  __start___llvm_prf_cnts       
20000000  __stop___llvm_prf_cnts        
00005699  _c_int00_noargs               
00005a38  _ctypes_                      
2000231c  _lock                         
000018db  _nop                          
20002334  _running                      
20001270  _sys_memory                   
UNDEFED   _system_post_cinit            
000058d5  _system_pre_init              
200022dc  _timeout_ticks                
20002320  _unlock                       
000058d9  abort                         
00004a05  aligned_alloc                 
0000545d  atoi                          
ffffffff  binit                         
000055f5  calloc                        
000057a9  copysign                      
000057a9  copysignl                     
00003565  cyBOT_SERVO_cal               
000034f3  cyBOT_Scan                    
0000349b  cyBOT_init_Scan               
2000232c  cyBOT_scan_features           
0000348d  cyBOT_scan_version            
20002330  errno                         
200022e0  fallingEdge                   
00004c01  floor                         
00004c01  floorl                        
00004cf9  free                          
000052fd  frexp                         
000052fd  frexpl                        
20000000  g_pfnRAMVectors               
00000000  g_pfnVectors                  
0000097f  go_charge                     
0000488b  ir_enableInterrupt            
0000486d  ir_getDistance                
00004845  ir_getValue                   
000047dd  ir_init                       
200022f8  isRisingEdge                  
200022e4  isr_int_value                 
00005883  lcd_clear                     
000030c9  lcd_gotoLine                  
00002f31  lcd_init                      
0000312f  lcd_printf                    
00002ff1  lcd_putc                      
00003029  lcd_puts                      
00002ef5  lcd_reverseNibble             
00003047  lcd_sendCommand               
00003085  lcd_sendNibble                
000030f1  lcd_setCursorPos              
000048f5  ldexp                         
000048f5  ldexpl                        
200022e8  left_calibration_value        
000025f5  main                          
000058cd  malloc                        
00004a05  memalign                      
0000578d  memccpy                       
00004e8f  memcpy                        
000050d5  memset                        
200022fc  motor_cal_factor_L            
20002300  motor_cal_factor_R            
00002d8b  move_backward                 
00002bc5  move_forward                  
0000026d  oi_alloc                      
00000aa9  oi_checkFirmware              
000002c7  oi_close                      
00000279  oi_free                       
00000ded  oi_getMotorCalibrationLeft    
00000e01  oi_getMotorCalibrationRight   
000002b1  oi_init                       
00000289  oi_init_noupdate              
00000915  oi_loadSong                   
000057f3  oi_parseInt                   
0000032b  oi_parsePacket                
0000096b  oi_play_song                  
0000084b  oi_setLeds                    
00000db1  oi_setMotorCalibration        
0000088f  oi_setWheels                  
00000b51  oi_shutoff_init               
0000098d  oi_uartInit                   
00000a31  oi_uartReceive                
00000a77  oi_uartSendBuff               
00000a15  oi_uartSendChar               
00000a59  oi_uartSendStr                
000002d9  oi_update                     
00003a77  ping_getDistance              
00003935  ping_init                     
000039bb  ping_trigger                  
200022ec  pulseLength                   
200022f0  right_calibration_value       
200022f4  risingEdge                    
000048f5  scalbn                        
000048f5  scalbnl                       
000042ed  servo_init                    
0000437d  servo_move                    
000043dd  servo_setPWM                  
00004371  servo_stop                    
00002015  sin                           
00002015  sinl                          
00005535  sprintf                       
00005823  strchr                        
0000580b  strcmp                        
00005839  strcpy                        
0000584d  strlen                        
0000380b  timer_getMicros               
000037b3  timer_getMillis               
000036ed  timer_init                    
0000378f  timer_pause                   
000037a1  timer_resume                  
00003765  timer_stop                    
00003865  timer_waitMicros              
00003897  timer_waitMillis              
00002df5  turn_degrees_left             
00002e5d  turn_degrees_right            
00002cc3  turn_left                     
00002d27  turn_right                    
0000418d  uart_init                     
0000423b  uart_receive                  
00004289  uart_receive_nonblocking      
0000421f  uart_sendChar                 
00004261  uart_sendStr                  
00005575  vsnprintf                     
00005861  wcslen                        


GLOBAL SYMBOLS: SORTED BY Symbol Address 

address   name                          
-------   ----                          
00000000  __TI_static_base__            
00000000  g_pfnVectors                  
0000026d  oi_alloc                      
00000279  oi_free                       
00000289  oi_init_noupdate              
000002b1  oi_init                       
000002c7  oi_close                      
000002d9  oi_update                     
0000032b  oi_parsePacket                
0000084b  oi_setLeds                    
0000088f  oi_setWheels                  
00000915  oi_loadSong                   
0000096b  oi_play_song                  
0000097f  go_charge                     
0000098d  oi_uartInit                   
00000a15  oi_uartSendChar               
00000a31  oi_uartReceive                
00000a59  oi_uartSendStr                
00000a77  oi_uartSendBuff               
00000aa9  oi_checkFirmware              
00000b51  oi_shutoff_init               
00000bc3  GPIOF_Handler                 
00000db1  oi_setMotorCalibration        
00000ded  oi_getMotorCalibrationLeft    
00000e01  oi_getMotorCalibrationRight   
00000e8d  __TI_printfi                  
00001000  __STACK_SIZE                  
00001000  __SYSMEM_SIZE                 
000018db  _nop                          
000018dd  __kernel_rem_pio2             
00002015  sin                           
00002015  sinl                          
000025f5  main                          
00002bc5  move_forward                  
00002cc3  turn_left                     
00002d27  turn_right                    
00002d8b  move_backward                 
00002df5  turn_degrees_left             
00002e5d  turn_degrees_right            
00002ef5  lcd_reverseNibble             
00002f31  lcd_init                      
00002ff1  lcd_putc                      
00003029  lcd_puts                      
00003047  lcd_sendCommand               
00003085  lcd_sendNibble                
000030c9  lcd_gotoLine                  
000030f1  lcd_setCursorPos              
0000312f  lcd_printf                    
0000348d  cyBOT_scan_version            
0000349b  cyBOT_init_Scan               
000034f3  cyBOT_Scan                    
00003565  cyBOT_SERVO_cal               
000036ed  timer_init                    
00003765  timer_stop                    
0000378f  timer_pause                   
000037a1  timer_resume                  
000037b3  timer_getMillis               
0000380b  timer_getMicros               
00003865  timer_waitMicros              
00003897  timer_waitMillis              
00003935  ping_init                     
000039bb  ping_trigger                  
00003a25  TIMER3B_Handler               
00003a77  ping_getDistance              
00003cf1  __aeabi_dsub                  
00003cfb  __aeabi_dadd                  
00003ea7  __aeabi_idiv0                 
00003ea7  __aeabi_ldiv0                 
00003ea9  __kernel_sin                  
0000401d  __kernel_cos                  
0000418d  uart_init                     
0000421f  uart_sendChar                 
0000423b  uart_receive                  
00004261  uart_sendStr                  
00004289  uart_receive_nonblocking      
000042ed  servo_init                    
00004371  servo_stop                    
0000437d  servo_move                    
000043dd  servo_setPWM                  
00004581  __aeabi_ddiv                  
000047dd  ir_init                       
00004845  ir_getValue                   
0000486d  ir_getDistance                
00004875  ADC0SS0_Handler               
0000488b  ir_enableInterrupt            
000048f5  ldexp                         
000048f5  ldexpl                        
000048f5  scalbn                        
000048f5  scalbnl                       
00004a05  aligned_alloc                 
00004a05  memalign                      
00004b05  __aeabi_dmul                  
00004c01  floor                         
00004c01  floorl                        
00004cf9  free                          
00004e8f  __aeabi_memcpy                
00004e8f  __aeabi_memcpy4               
00004e8f  __aeabi_memcpy8               
00004e8f  memcpy                        
00004f2b  __aeabi_uldivmod              
00004fc1  __aeabi_cdcmpeq               
00004fc1  __aeabi_cdcmple               
00005047  __aeabi_cdrcmple              
000050cd  __aeabi_memclr                
000050cd  __aeabi_memclr4               
000050cd  __aeabi_memclr8               
000050cf  __aeabi_memset                
000050cf  __aeabi_memset4               
000050cf  __aeabi_memset8               
000050d5  memset                        
00005227  __aeabi_d2f                   
00005295  __TI_decompress_lzss          
000052fd  frexp                         
000052fd  frexpl                        
000053b7  __TI_ltoa                     
0000545d  atoi                          
000054a9  __aeabi_d2iz                  
000054f1  __TI_auto_init_nobinit_nopinit
00005535  sprintf                       
00005575  vsnprintf                     
000055f5  calloc                        
0000562d  __aeabi_f2d                   
00005665  IntRegister                   
00005699  _c_int00_noargs               
000056fd  __aeabi_i2d                   
00005755  __TI_zero_init_nomemset       
0000578d  memccpy                       
000057a9  copysign                      
000057a9  copysignl                     
000057f3  oi_parseInt                   
0000580b  strcmp                        
00005823  strchr                        
00005839  strcpy                        
0000584d  strlen                        
00005861  wcslen                        
00005873  IntMasterEnable               
00005883  lcd_clear                     
00005893  __TI_decompress_none          
000058a1  CPUcpsie                      
000058ad  ResetISR                      
000058c5  __aeabi_errno_addr            
000058cd  malloc                        
000058d5  _system_pre_init              
000058d9  C$$EXIT                       
000058d9  abort                         
00005a38  _ctypes_                      
00005b68  __TI_Handler_Table_Base       
00005b74  __TI_Handler_Table_Limit      
00005b88  __TI_CINIT_Base               
00005ba0  __TI_CINIT_Limit              
20000000  __start___llvm_prf_cnts       
20000000  __stop___llvm_prf_cnts        
20000000  g_pfnRAMVectors               
20000270  __stack                       
20000470  __STACK_TOP                   
20001270  __STACK_END                   
20001270  _sys_memory                   
200022dc  _timeout_ticks                
200022e0  fallingEdge                   
200022e4  isr_int_value                 
200022e8  left_calibration_value        
200022ec  pulseLength                   
200022f0  right_calibration_value       
200022f4  risingEdge                    
200022f8  isRisingEdge                  
200022fc  motor_cal_factor_L            
20002300  motor_cal_factor_R            
2000231c  _lock                         
20002320  _unlock                       
2000232c  cyBOT_scan_features           
20002330  errno                         
20002334  _running                      
ffffffff  __TI_pprof_out_hndl           
ffffffff  __TI_prof_data_size           
ffffffff  __TI_prof_data_start          
ffffffff  __binit__                     
ffffffff  __c_args__                    
ffffffff  binit                         
UNDEFED   __mpu_init                    
UNDEFED   _system_post_cinit            

[180 symbols]
