******************************************************************************
                  TI ARM Linker PC v20.2.6                     
******************************************************************************
>> Linked Thu Apr  6 11:44:50 2023

OUTPUT FILE NAME:   <Lab9.out>
ENTRY POINT SYMBOL: "_c_int00_noargs"  address: 00002ed5


MEMORY CONFIGURATION

         name            origin    length      used     unused   attr    fill
----------------------  --------  ---------  --------  --------  ----  --------
  FLASH                 00000000   00040000  000031f9  0003ce07  R  X
  SRAM                  20000000   00008000  000022e8  00005d18  RW X


SEGMENT ALLOCATION MAP

run origin  load origin   length   init length attrs members
----------  ----------- ---------- ----------- ----- -------
00000000    00000000    00003200   00003200    r-x
  00000000    00000000    0000026c   0000026c    r-- .intvecs
  0000026c    0000026c    00002e44   00002e44    r-x .text
  000030b0    000030b0    00000109   00000109    r-- .const
  000031c0    000031c0    00000040   00000040    r-- .cinit
20000000    20000000    000022ec   00000000    rw-
  20000000    20000000    0000026c   00000000    rw- .vtable
  20000270    20000270    00001000   00000000    rw- .stack
  20001270    20001270    00001000   00000000    rw- .sysmem
  20002270    20002270    00000064   00000000    rw- .bss
  200022d4    200022d4    00000018   00000000    rw- .data


SECTION ALLOCATION MAP

 output                                  attributes/
section   page    origin      length       input sections
--------  ----  ----------  ----------   ----------------
.intvecs   0    00000000    0000026c     
                  00000000    0000026c     tm4c123gh6pm_startup_ccs.obj (.intvecs)

.text      0    0000026c    00002e44     
                  0000026c    00000a4e     rtsv7M4_T_le_v4SPD16_eabi.lib : _printfi.c.obj (.text:__TI_printfi)
                  00000cba    00000002                                   : div0.asm.obj (.text)
                  00000cbc    00000328     lcd.obj (.text)
                  00000fe4    0000027c     ping.obj (.text)
                  00001260    00000270     rtsv7M4_T_le_v4SPD16_eabi.lib : _printfi.c.obj (.text:_pconv_a)
                  000014d0    00000260     libcybotScan.lib : cyBot_Scan.obj (.text)
                  00001730    00000248     Timer.obj (.text)
                  00001978    000001d0     rtsv7M4_T_le_v4SPD16_eabi.lib : _printfi.c.obj (.text:_pconv_g)
                  00001b48    000001b6                                   : fd_add_t2.asm.obj (.text)
                  00001cfe    00000002     --HOLE-- [fill = 0]
                  00001d00    00000160     uart.obj (.text)
                  00001e60    00000158     libcybotScan.lib : servo.obj (.text)
                  00001fb8    0000013c     rtsv7M4_T_le_v4SPD16_eabi.lib : _printfi.c.obj (.text:_pconv_e)
                  000020f4    00000136                                   : fd_div_t2.asm.obj (.text)
                  0000222a    00000002     --HOLE-- [fill = 0]
                  0000222c    00000124                                   : _printfi.c.obj (.text:fcvt)
                  00002350    00000118     libcybotScan.lib : ir.obj (.text)
                  00002468    00000110     rtsv7M4_T_le_v4SPD16_eabi.lib : s_scalbn.c.obj (.text:scalbn)
                  00002578    000000fc                                   : fd_mul_t2.asm.obj (.text)
                  00002674    000000b1                                   : _printfi.c.obj (.text:_ltostr)
                  00002725    00000001     --HOLE-- [fill = 0]
                  00002726    0000009c                                   : memcpy_t2.asm.obj (.text)
                  000027c2    00000096                                   : ull_div_t2.asm.obj (.text)
                  00002858    0000008c     lab9_template.obj (.text)
                  000028e4    00000086     rtsv7M4_T_le_v4SPD16_eabi.lib : fd_cmp_t2.asm.obj (.text:__aeabi_cdcmple)
                  0000296a    00000086                                   : fd_cmp_t2.asm.obj (.text:__aeabi_cdrcmple)
                  000029f0    0000007a                                   : memset_t2.asm.obj (.text)
                  00002a6a    0000006e                                   : _printfi.c.obj (.text:_mcpy)
                  00002ad8    0000006e                                   : fd_tos_t2.asm.obj (.text)
                  00002b46    00000068                                   : copy_decompress_lzss.c.obj (.text:decompress:lzss:__TI_decompress_lzss)
                  00002bae    00000002     --HOLE-- [fill = 0]
                  00002bb0    00000064                                   : s_frexp.c.obj (.text:frexp)
                  00002c14    00000056                                   : _printfi.c.obj (.text:_pconv_f)
                  00002c6a    00000054                                   : _ltoa.c.obj (.text:__TI_ltoa)
                  00002cbe    00000052                                   : _printfi.c.obj (.text:_ecpy)
                  00002d10    0000004c                                   : atoi.c.obj (.text:atoi)
                  00002d5c    00000048                                   : fd_toi_t2.asm.obj (.text)
                  00002da4    00000044                                   : autoinit.c.obj (.text:__TI_auto_init_nobinit_nopinit:__TI_auto_init_nobinit_nopinit)
                  00002de8    00000040                                   : vsnprintf.c.obj (.text:vsnprintf)
                  00002e28    0000003e                                   : _printfi.c.obj (.text:_fcpy)
                  00002e66    00000038                                   : fs_tod_t2.asm.obj (.text)
                  00002e9e    00000002     --HOLE-- [fill = 0]
                  00002ea0    00000034     driverlib.lib : interrupt.obj (.text:IntRegister)
                  00002ed4    00000034     rtsv7M4_T_le_v4SPD16_eabi.lib : boot_cortex_m.c.obj (.text:_c_int00_noargs:_c_int00_noargs)
                  00002f08    00000030                                   : vsnprintf.c.obj (.text:_outs)
                  00002f38    0000002e                                   : i_tofd_t2.asm.obj (.text)
                  00002f66    00000020                                   : u_tofd_t2.asm.obj (.text)
                  00002f86    0000001c                                   : copy_zero_init.c.obj (.text:decompress:ZI:__TI_zero_init_nomemset:__TI_zero_init_nomemset)
                  00002fa2    0000001c                                   : memccpy.c.obj (.text:memccpy)
                  00002fbe    0000001a                                   : s_copysign.c.obj (.text:copysign)
                  00002fd8    00000018                                   : vsnprintf.c.obj (.text:_outc)
                  00002ff0    00000018                                   : strcmp.c.obj (.text:strcmp)
                  00003008    00000016                                   : strchr.c.obj (.text:strchr)
                  0000301e    00000014                                   : strcpy.c.obj (.text:strcpy)
                  00003032    00000014                                   : strlen.c.obj (.text:strlen)
                  00003046    00000012                                   : wcslen.c.obj (.text:wcslen)
                  00003058    00000010     driverlib.lib : interrupt.obj (.text:IntMasterEnable)
                  00003068    00000010     lcd.obj (.text:lcd_clear)
                  00003078    0000000e     rtsv7M4_T_le_v4SPD16_eabi.lib : copy_decompress_none.c.obj (.text:decompress:none:__TI_decompress_none)
                  00003086    0000000c     driverlib.lib : cpu.obj (.text:CPUcpsie)
                  00003092    0000000c     tm4c123gh6pm_startup_ccs.obj (.text)
                  0000309e    00000002     --HOLE-- [fill = 0]
                  000030a0    00000008     rtsv7M4_T_le_v4SPD16_eabi.lib : errno.c.obj (.text:__aeabi_errno_addr)
                  000030a8    00000004                                   : pre_init.c.obj (.text:_system_pre_init)
                  000030ac    00000004                                   : exit.c.obj (.text:abort:abort)

.const     0    000030b0    00000109     
                  000030b0    00000101     rtsv7M4_T_le_v4SPD16_eabi.lib : ctype.c.obj (.const:.string:_ctypes_)
                  000031b1    00000004     lcd.obj (.const:.string:lineAddress$1)
                  000031b5    00000004     lcd.obj (.const:.string:lineAddresses$2)

.cinit     0    000031c0    00000040     
                  000031c0    0000000c     (__TI_handler_table)
                  000031cc    00000004     --HOLE-- [fill = 0]
                  000031d0    00000008     (.cinit..bss.load) [load image, compression = zero_init]
                  000031d8    00000008     (.cinit..data.load) [load image, compression = lzss]
                  000031e0    00000008     (.cinit..vtable.load) [load image, compression = zero_init]
                  000031e8    00000018     (__TI_cinit_table)

.init_array 
*          0    00000000    00000000     UNINITIALIZED

.vtable    0    20000000    0000026c     UNINITIALIZED
                  20000000    0000026c     driverlib.lib : interrupt.obj (.vtable)

.stack     0    20000270    00001000     UNINITIALIZED
                  20000270    00000004     rtsv7M4_T_le_v4SPD16_eabi.lib : boot_cortex_m.c.obj (.stack)
                  20000274    00000ffc     --HOLE--

.sysmem    0    20001270    00001000     UNINITIALIZED
                  20001270    00000010     rtsv7M4_T_le_v4SPD16_eabi.lib : memory.c.obj (.sysmem)
                  20001280    00000ff0     --HOLE--

.bss       0    20002270    00000064     UNINITIALIZED
                  20002270    00000054     lcd.obj (.bss:lastbuffer$3)
                  200022c4    00000004     (.common:_timeout_ticks)
                  200022c8    00000004     (.common:isr_int_value)
                  200022cc    00000004     (.common:left_calibration_value)
                  200022d0    00000004     (.common:right_calibration_value)

.data      0    200022d4    00000018     UNINITIALIZED
                  200022d4    0000000e     ping.obj (.data)
                  200022e2    00000001     Timer.obj (.data)
                  200022e3    00000001     --HOLE--
                  200022e4    00000004     libcybotScan.lib : cyBot_Scan.obj (.data)
                  200022e8    00000004     rtsv7M4_T_le_v4SPD16_eabi.lib : errno.c.obj (.data)

__llvm_prf_cnts 
*          0    20000000    00000000     UNINITIALIZED

MODULE SUMMARY

       Module                         code    ro data   rw data
       ------                         ----    -------   -------
    .\
       lcd.obj                        824     8         84     
       ping.obj                       636     0         14     
       tm4c123gh6pm_startup_ccs.obj   12      620       0      
       Timer.obj                      584     0         5      
       uart.obj                       352     0         0      
       lab9_template.obj              140     0         8      
    +--+------------------------------+-------+---------+---------+
       Total:                         2548    628       111    
                                                               
    ../libcybotScan.lib
       cyBot_Scan.obj                 608     0         4      
       servo.obj                      344     0         0      
       ir.obj                         280     0         4      
    +--+------------------------------+-------+---------+---------+
       Total:                         1232    0         8      
                                                               
    C:/ti/TivaWare_C_Series-2.2.0.295/driverlib/ccs/Debug/driverlib.lib
       interrupt.obj                  68      0         620    
       cpu.obj                        12      0         0      
    +--+------------------------------+-------+---------+---------+
       Total:                         80      0         620    
                                                               
    C:\ti\ccs1200\ccs\tools\compiler\ti-cgt-arm_20.2.6.LTS\lib\rtsv7M4_T_le_v4SPD16_eabi.lib
       _printfi.c.obj                 4851    0         0      
       fd_add_t2.asm.obj              438     0         0      
       fd_div_t2.asm.obj              310     0         0      
       s_scalbn.c.obj                 272     0         0      
       fd_cmp_t2.asm.obj              268     0         0      
       ctype.c.obj                    0       257       0      
       fd_mul_t2.asm.obj              252     0         0      
       memcpy_t2.asm.obj              156     0         0      
       ull_div_t2.asm.obj             150     0         0      
       vsnprintf.c.obj                136     0         0      
       memset_t2.asm.obj              122     0         0      
       fd_tos_t2.asm.obj              110     0         0      
       copy_decompress_lzss.c.obj     104     0         0      
       s_frexp.c.obj                  100     0         0      
       _ltoa.c.obj                    84      0         0      
       atoi.c.obj                     76      0         0      
       fd_toi_t2.asm.obj              72      0         0      
       autoinit.c.obj                 68      0         0      
       fs_tod_t2.asm.obj              56      0         0      
       boot_cortex_m.c.obj            52      0         0      
       i_tofd_t2.asm.obj              46      0         0      
       u_tofd_t2.asm.obj              32      0         0      
       copy_zero_init.c.obj           28      0         0      
       memccpy.c.obj                  28      0         0      
       s_copysign.c.obj               26      0         0      
       strcmp.c.obj                   24      0         0      
       strchr.c.obj                   22      0         0      
       strcpy.c.obj                   20      0         0      
       strlen.c.obj                   20      0         0      
       wcslen.c.obj                   18      0         0      
       copy_decompress_none.c.obj     14      0         0      
       errno.c.obj                    8       0         4      
       exit.c.obj                     4       0         0      
       pre_init.c.obj                 4       0         0      
       div0.asm.obj                   2       0         0      
    +--+------------------------------+-------+---------+---------+
       Total:                         7973    257       4      
                                                               
       Heap:                          0       0         4096   
       Stack:                         0       0         4096   
       Linker Generated:              0       60        0      
    +--+------------------------------+-------+---------+---------+
       Grand Total:                   11833   945       8935   


LINKER GENERATED COPY TABLES

__TI_cinit_table @ 000031e8 records: 3, size/record: 8, table size: 24
	.bss: load addr=000031d0, load size=00000008 bytes, run addr=20002270, run size=00000064 bytes, compression=zero_init
	.data: load addr=000031d8, load size=00000008 bytes, run addr=200022d4, run size=00000018 bytes, compression=lzss
	.vtable: load addr=000031e0, load size=00000008 bytes, run addr=20000000, run size=0000026c bytes, compression=zero_init


LINKER GENERATED HANDLER TABLE

__TI_handler_table @ 000031c0 records: 3, size/record: 4, table size: 12
	index: 0, handler: __TI_zero_init
	index: 1, handler: __TI_decompress_lzss
	index: 2, handler: __TI_decompress_none


GLOBAL SYMBOLS: SORTED ALPHABETICALLY BY Name 

address   name                          
-------   ----                          
000023e9  ADC0SS0_Handler               
000030ad  C$$EXIT                       
00003087  CPUcpsie                      
200022d8  END_TIME                      
00003059  IntMasterEnable               
00002ea1  IntRegister                   
00003093  ResetISR                      
200022d4  START_TIME                    
200022e0  STATE                         
00001121  TIMER3B_Handler               
200022dc  TOTAL_TIME                    
20001270  __STACK_END                   
00001000  __STACK_SIZE                  
20000470  __STACK_TOP                   
00001000  __SYSMEM_SIZE                 
000031e8  __TI_CINIT_Base               
00003200  __TI_CINIT_Limit              
000031c0  __TI_Handler_Table_Base       
000031cc  __TI_Handler_Table_Limit      
00002da5  __TI_auto_init_nobinit_nopinit
00002b47  __TI_decompress_lzss          
00003079  __TI_decompress_none          
00002c6b  __TI_ltoa                     
ffffffff  __TI_pprof_out_hndl           
0000026d  __TI_printfi                  
ffffffff  __TI_prof_data_size           
ffffffff  __TI_prof_data_start          
00000000  __TI_static_base__            
00002f87  __TI_zero_init_nomemset       
000028e5  __aeabi_cdcmpeq               
000028e5  __aeabi_cdcmple               
0000296b  __aeabi_cdrcmple              
00002ad9  __aeabi_d2f                   
00002d5d  __aeabi_d2iz                  
00001b53  __aeabi_dadd                  
000020f5  __aeabi_ddiv                  
00002579  __aeabi_dmul                  
00001b49  __aeabi_dsub                  
000030a1  __aeabi_errno_addr            
00002e67  __aeabi_f2d                   
00002f39  __aeabi_i2d                   
00000cbb  __aeabi_idiv0                 
00000cbb  __aeabi_ldiv0                 
000029f1  __aeabi_memclr                
000029f1  __aeabi_memclr4               
000029f1  __aeabi_memclr8               
00002727  __aeabi_memcpy                
00002727  __aeabi_memcpy4               
00002727  __aeabi_memcpy8               
000029f3  __aeabi_memset                
000029f3  __aeabi_memset4               
000029f3  __aeabi_memset8               
00002f67  __aeabi_ui2d                  
000027c3  __aeabi_uldivmod              
ffffffff  __binit__                     
ffffffff  __c_args__                    
UNDEFED   __mpu_init                    
20000270  __stack                       
20000000  __start___llvm_prf_cnts       
20000000  __stop___llvm_prf_cnts        
00002ed5  _c_int00_noargs               
000030b0  _ctypes_                      
200022e2  _running                      
20001270  _sys_memory                   
UNDEFED   _system_post_cinit            
000030a9  _system_pre_init              
200022c4  _timeout_ticks                
000030ad  abort                         
00002d11  atoi                          
ffffffff  binit                         
00002fbf  copysign                      
00002fbf  copysignl                     
000015a9  cyBOT_SERVO_cal               
00001537  cyBOT_Scan                    
000014df  cyBOT_init_Scan               
200022e4  cyBOT_scan_features           
000014d1  cyBOT_scan_version            
200022e8  errno                         
00002bb1  frexp                         
00002bb1  frexpl                        
20000000  g_pfnRAMVectors               
00000000  g_pfnVectors                  
000011e3  get_totalOverflow             
000023ff  ir_enableInterrupt            
000023e1  ir_getDistance                
000023b9  ir_getValue                   
00002351  ir_init                       
200022c8  isr_int_value                 
00003069  lcd_clear                     
00000e91  lcd_gotoLine                  
00000cf9  lcd_init                      
00000ef7  lcd_printf                    
00000db9  lcd_putc                      
00000df1  lcd_puts                      
00000cbd  lcd_reverseNibble             
00000e0f  lcd_sendCommand               
00000e4d  lcd_sendNibble                
00000eb9  lcd_setCursorPos              
00002469  ldexp                         
00002469  ldexpl                        
200022cc  left_calibration_value        
00002859  main                          
00002fa3  memccpy                       
00002727  memcpy                        
000029f9  memset                        
200022e1  overflow_count                
00001159  ping_getDistance              
00000fe5  ping_init                     
000010a9  ping_trigger                  
200022d0  right_calibration_value       
00002469  scalbn                        
00002469  scalbnl                       
00001e61  servo_init                    
00001ef1  servo_move                    
00001f51  servo_setPWM                  
00001ee5  servo_stop                    
00003009  strchr                        
00002ff1  strcmp                        
0000301f  strcpy                        
00003033  strlen                        
0000184f  timer_getMicros               
000017f7  timer_getMillis               
00001731  timer_init                    
000017d3  timer_pause                   
000017e5  timer_resume                  
000017a9  timer_stop                    
000018a9  timer_waitMicros              
000018db  timer_waitMillis              
00001d01  uart_init                     
00001daf  uart_receive                  
00001dfd  uart_receive_nonblocking      
00001d93  uart_sendChar                 
00001dd5  uart_sendStr                  
00002de9  vsnprintf                     
00003047  wcslen                        


GLOBAL SYMBOLS: SORTED BY Symbol Address 

address   name                          
-------   ----                          
00000000  __TI_static_base__            
00000000  g_pfnVectors                  
0000026d  __TI_printfi                  
00000cbb  __aeabi_idiv0                 
00000cbb  __aeabi_ldiv0                 
00000cbd  lcd_reverseNibble             
00000cf9  lcd_init                      
00000db9  lcd_putc                      
00000df1  lcd_puts                      
00000e0f  lcd_sendCommand               
00000e4d  lcd_sendNibble                
00000e91  lcd_gotoLine                  
00000eb9  lcd_setCursorPos              
00000ef7  lcd_printf                    
00000fe5  ping_init                     
00001000  __STACK_SIZE                  
00001000  __SYSMEM_SIZE                 
000010a9  ping_trigger                  
00001121  TIMER3B_Handler               
00001159  ping_getDistance              
000011e3  get_totalOverflow             
000014d1  cyBOT_scan_version            
000014df  cyBOT_init_Scan               
00001537  cyBOT_Scan                    
000015a9  cyBOT_SERVO_cal               
00001731  timer_init                    
000017a9  timer_stop                    
000017d3  timer_pause                   
000017e5  timer_resume                  
000017f7  timer_getMillis               
0000184f  timer_getMicros               
000018a9  timer_waitMicros              
000018db  timer_waitMillis              
00001b49  __aeabi_dsub                  
00001b53  __aeabi_dadd                  
00001d01  uart_init                     
00001d93  uart_sendChar                 
00001daf  uart_receive                  
00001dd5  uart_sendStr                  
00001dfd  uart_receive_nonblocking      
00001e61  servo_init                    
00001ee5  servo_stop                    
00001ef1  servo_move                    
00001f51  servo_setPWM                  
000020f5  __aeabi_ddiv                  
00002351  ir_init                       
000023b9  ir_getValue                   
000023e1  ir_getDistance                
000023e9  ADC0SS0_Handler               
000023ff  ir_enableInterrupt            
00002469  ldexp                         
00002469  ldexpl                        
00002469  scalbn                        
00002469  scalbnl                       
00002579  __aeabi_dmul                  
00002727  __aeabi_memcpy                
00002727  __aeabi_memcpy4               
00002727  __aeabi_memcpy8               
00002727  memcpy                        
000027c3  __aeabi_uldivmod              
00002859  main                          
000028e5  __aeabi_cdcmpeq               
000028e5  __aeabi_cdcmple               
0000296b  __aeabi_cdrcmple              
000029f1  __aeabi_memclr                
000029f1  __aeabi_memclr4               
000029f1  __aeabi_memclr8               
000029f3  __aeabi_memset                
000029f3  __aeabi_memset4               
000029f3  __aeabi_memset8               
000029f9  memset                        
00002ad9  __aeabi_d2f                   
00002b47  __TI_decompress_lzss          
00002bb1  frexp                         
00002bb1  frexpl                        
00002c6b  __TI_ltoa                     
00002d11  atoi                          
00002d5d  __aeabi_d2iz                  
00002da5  __TI_auto_init_nobinit_nopinit
00002de9  vsnprintf                     
00002e67  __aeabi_f2d                   
00002ea1  IntRegister                   
00002ed5  _c_int00_noargs               
00002f39  __aeabi_i2d                   
00002f67  __aeabi_ui2d                  
00002f87  __TI_zero_init_nomemset       
00002fa3  memccpy                       
00002fbf  copysign                      
00002fbf  copysignl                     
00002ff1  strcmp                        
00003009  strchr                        
0000301f  strcpy                        
00003033  strlen                        
00003047  wcslen                        
00003059  IntMasterEnable               
00003069  lcd_clear                     
00003079  __TI_decompress_none          
00003087  CPUcpsie                      
00003093  ResetISR                      
000030a1  __aeabi_errno_addr            
000030a9  _system_pre_init              
000030ad  C$$EXIT                       
000030ad  abort                         
000030b0  _ctypes_                      
000031c0  __TI_Handler_Table_Base       
000031cc  __TI_Handler_Table_Limit      
000031e8  __TI_CINIT_Base               
00003200  __TI_CINIT_Limit              
20000000  __start___llvm_prf_cnts       
20000000  __stop___llvm_prf_cnts        
20000000  g_pfnRAMVectors               
20000270  __stack                       
20000470  __STACK_TOP                   
20001270  __STACK_END                   
20001270  _sys_memory                   
200022c4  _timeout_ticks                
200022c8  isr_int_value                 
200022cc  left_calibration_value        
200022d0  right_calibration_value       
200022d4  START_TIME                    
200022d8  END_TIME                      
200022dc  TOTAL_TIME                    
200022e0  STATE                         
200022e1  overflow_count                
200022e2  _running                      
200022e4  cyBOT_scan_features           
200022e8  errno                         
ffffffff  __TI_pprof_out_hndl           
ffffffff  __TI_prof_data_size           
ffffffff  __TI_prof_data_start          
ffffffff  __binit__                     
ffffffff  __c_args__                    
ffffffff  binit                         
UNDEFED   __mpu_init                    
UNDEFED   _system_post_cinit            

[135 symbols]
